
 -----------------------------------------------
      Restrained ESP Fit 2.3  Amber 4.1
 -----------------------------------------------
 Stage 2 RESP fit                                                                
 -----------------------------------------------


 inopt       =     0   ioutopt     =     0
 nmol        =     1   iqopt       =     2
 ihfree      =     1   irstrnt     =     1
 iunits      =     1   qwt         =   0.00100000
 wtmol(1) =     1.000000
 subtitle:

Monomer                                                                         
ich =   0  iuniq =  26
    1    6    0
    2    6    0
    3    6    0
    4    6    0
    5    6    4
    6    6    3
    7    6    2
    8    6    1
    9    6    2
   10    6    3
   11    6    4
   12    6    4
   13    6    3
   14    6    2
   15    6    0
   16    6   15
   17    1    0
   18    1    0
   19    1    0
   20    1   19
   21    1   18
   22    1   17
   23    1   18
   24    1   19
   25    1   19
   26    1   18
 new q0 values to be read  26

  ----------------------------------------------------------------------------
     ATOM                       COORDINATES                         CHARGE
                       X             Y                Z
  ----------------------------------------------------------------------------
  ----------------------------------------------------------------------------


 Charge on the molecule(ich) =    0
 Total number of atoms (iuniq)     =   26
 Weight factor on initial charge restraints(qwt)=     0.10000D-02


  there are  1 charge constraints:


     1       1
     2       1
     3       1
     4       1
     5       1
     6       1
     7       1
     8       1
     9       1
    10       1
    11       1
    12       1
    13       1
    14       1
    15       1
    16       1
    17       1
    18       1
    19       1
    20       1
    21       1
    22       1
    23       1
    24       1
    25       1
    26       1

 Reading esp"s for molecule   1
 total number of atoms      =    26
 total number of esp points =  1875


 center     X       Y       Z 
    1  -0.6634847E+01  -0.7490874E-01   0.1203756E-01
    2  -0.5343559E+01   0.2222450E+01   0.1407846E-01
    3  -0.2693275E+01   0.2282468E+01   0.2399952E-02
    4  -0.1362171E+01   0.4572532E+01  -0.4837699E-02
    5   0.1278286E+01   0.4599744E+01  -0.9410835E-02
    6   0.2656766E+01   0.2338385E+01  -0.5725870E-02
    7   0.5307749E+01   0.2332886E+01  -0.1644062E-02
    8   0.6646450E+01   0.6290898E-01   0.3968425E-03
    9   0.5353745E+01  -0.2233618E+01  -0.3495993E-02
   10   0.2704009E+01  -0.2290971E+01  -0.6670733E-02
   11   0.1373453E+01  -0.4580790E+01  -0.1011003E-01
   12  -0.1266627E+01  -0.4608286E+01  -0.1069585E-01
   13  -0.2644426E+01  -0.2346643E+01  -0.5102260E-02
   14  -0.5294842E+01  -0.2343789E+01  -0.9448630E-03
   15  -0.1333032E+01  -0.1783901E-01  -0.3174740E-02
   16   0.1344578E+01   0.1031790E-01  -0.5404616E-02
   17  -0.8688620E+01  -0.9726420E-01   0.2003109E-01
   18  -0.6424199E+01   0.3970673E+01   0.2588925E-01
   19  -0.2372343E+01   0.6362178E+01  -0.7672287E-02
   20   0.2251457E+01   0.6410744E+01  -0.1555244E-01
   21   0.6351841E+01   0.4103294E+01   0.1379500E-02
   22   0.8700223E+01   0.8324243E-01   0.5083363E-02
   23   0.6432854E+01  -0.3982749E+01  -0.2929075E-02
   24   0.2383530E+01  -0.6370758E+01  -0.1194307E-01
   25  -0.2239647E+01  -0.6418832E+01  -0.1309580E-01
   26  -0.6337423E+01  -0.4115200E+01  -0.5574692E-02
 Initial ssvpot =     0.869


 Number of unique UNfrozen centers=    8

 Non-linear optimization requested.
 qchnge =    0.5150175135E-01
 qchnge =    0.9774635366E-02
 qchnge =    0.2584026841E-02
 qchnge =    0.1064209658E-02
 qchnge =    0.4831166144E-03
 qchnge =    0.2217899496E-03
 qchnge =    0.1020165962E-03
 qchnge =    0.4694628240E-04
 qchnge =    0.2160673084E-04
 qchnge =    0.9944791227E-05
 qchnge =    0.4577297758E-05
 qchnge =    0.2106810304E-05
 qchnge =    0.9697122629E-06

 Convergence in   12 iterations


Monomer                                                                         

          Point Charges Before & After Optimization

    no.  At.no.    q(init)       q(opt)     ivary    d(rstr)/dq
    1   6      -0.325102      -0.341022      0       0.002814
    2   6      -0.238848      -0.214145      0       0.004231
    3   6       0.018952      -0.002056      0       0.009998
    4   6      -0.307514      -0.296205      0       0.003199
    5   6      -0.313770      -0.296205      4       0.003199
    6   6       0.021399      -0.002056      3       0.009998
    7   6      -0.239728      -0.214145      2       0.004231
    8   6      -0.318992      -0.341022      1       0.002814
    9   6      -0.246788      -0.214145      2       0.004231
   10   6       0.029178      -0.002056      3       0.009998
   11   6      -0.316090      -0.296205      4       0.003199
   12   6      -0.312433      -0.296205      4       0.003199
   13   6       0.029154      -0.002056      3       0.009998
   14   6      -0.244194      -0.214145      2       0.004231
   15   6       0.081637       0.090780      0       0.007404
   16   6       0.083507       0.090780     15       0.007404
   17   1       0.271077       0.270996      0       0.000000
   18   1       0.248072       0.242191      0       0.000000
   19   1       0.265514       0.259838      0       0.000000
   20   1       0.266873       0.259838     19       0.000000
   21   1       0.247379       0.242191     18       0.000000
   22   1       0.268847       0.270996     17       0.000000
   23   1       0.249239       0.242191     18       0.000000
   24   1       0.267525       0.259838     19       0.000000
   25   1       0.265955       0.259838     19       0.000000
   26   1       0.249153       0.242191     18       0.000000

 Sum over the calculated charges:     -0.000

        Statistics of the fitting:
  The initial sum of squares (ssvpot)                      0.869
  The residual sum of squares (chipot)                     0.001
  The std err of estimate (sqrt(chipot/N))               0.00077
  ESP relative RMS (SQRT(chipot/ssvpot))                 0.03564

 Center of Mass (Angst.):

 X  =   0.00000      Y  =   0.00000      Z  =   0.00000

 Dipole (Debye):

 X  =   0.00003      Y  =  -0.00201      Z  =   0.00634

 Dipole Moment (Debye)=   0.00665

 Quadrupole (Debye*Angst.):

 Qxx =  41.62464     QYY =  37.31475     QZZ = -78.93940
 Qxy = -78.88708     QXZ = -79.04030     QYZ = -78.85752
