
 -----------------------------------------------
      Restrained ESP Fit 2.3  Amber 4.1
 -----------------------------------------------
 Stage 2 RESP fit                                                                
 -----------------------------------------------


 inopt       =     0   ioutopt     =     0
 nmol        =     1   iqopt       =     2
 ihfree      =     1   irstrnt     =     1
 iunits      =     1   qwt         =   0.00100000
 wtmol(1) =     1.000000
 subtitle:

Monomer                                                                         
ich =   0  iuniq =  61
    1    8    0
    2    6    0
    3    6    0
    4    1    0
    5    6    0
    6    6    0
    7    6    0
    8    6    0
    9    6    0
   10    6    0
   11    6    0
   12    6    0
   13    1    0
   14    7    0
   15    6    0
   16    6    0
   17    6    0
   18    6    0
   19    8    0
   20    6    0
   21    6    0
   22    8    0
   23    6    0
   24    6    0
   25    8    0
   26    8    0
   27    6    0
   28    8    0
   29    6    0
   30    8    0
   31    6    0
   32    8    0
   33    1    0
   34    1    0
   35    1    0
   36    1   35
   37    1    0
   38    1   37
   39    1    0
   40    1    0
   41    1    0
   42    1   41
   43    1    0
   44    1   43
   45    1    0
   46    1   45
   47    1    0
   48    1   47
   49    1    0
   50    1   49
   51    1    0
   52    1    0
   53    1    0
   54    1    0
   55    1    0
   56    1   55
   57    1    0
   58    1    0
   59    1    0
   60    1    0
   61    1    0
 new q0 values to be read  61

  ----------------------------------------------------------------------------
     ATOM                       COORDINATES                         CHARGE
                       X             Y                Z
  ----------------------------------------------------------------------------
  ----------------------------------------------------------------------------


 Charge on the molecule(ich) =    0
 Total number of atoms (iuniq)     =   61
 Weight factor on initial charge restraints(qwt)=     0.10000D-02


  there are  1 charge constraints:


     1       1
     2       1
     3       1
     4       1
     5       1
     6       1
     7       1
     8       1
     9       1
    10       1
    11       1
    12       1
    13       1
    14       1
    15       1
    16       1
    17       1
    18       1
    19       1
    20       1
    21       1
    22       1
    23       1
    24       1
    25       1
    26       1
    27       1
    28       1
    29       1
    30       1
    31       1
    32       1
    33       1
    34       1
    35       1
    36       1
    37       1
    38       1
    39       1
    40       1
    41       1
    42       1
    43       1
    44       1
    45       1
    46       1
    47       1
    48       1
    49       1
    50       1
    51       1
    52       1
    53       1
    54       1
    55       1
    56       1
    57       1
    58       1
    59       1
    60       1
    61       1

 Reading esp"s for molecule   1
 total number of atoms      =    61
 total number of esp points =  3151


 center     X       Y       Z 
    1  -0.5151527E+01   0.5051886E+01   0.3325211E+01
    2  -0.4777141E+01   0.2858467E+01   0.2991686E+01
    3  -0.6704403E+01   0.7495570E+00   0.3111999E+01
    4  -0.7406832E+01   0.6659266E+00   0.5034330E+01
    5  -0.5218240E+01  -0.1633624E+01   0.2382316E+01
    6  -0.6471775E+01  -0.2694003E+01  -0.6606659E-01
    7  -0.5290805E+01  -0.1815569E+01  -0.2509000E+01
    8  -0.4197245E+01  -0.3321352E+01  -0.4166668E+01
    9  -0.9205256E+01  -0.1718503E+01   0.2164261E+00
   10  -0.8929430E+01   0.9896029E+00   0.1219559E+01
   11  -0.1123356E+02   0.2208993E+01   0.2363119E+01
   12  -0.1354264E+02   0.1272417E+01   0.2414386E+01
   13  -0.5285003E+01  -0.3071147E+01   0.3836794E+01
   14  -0.2438831E+01   0.1825924E+01   0.2446874E+01
   15  -0.1047861E+00   0.3313490E+01   0.2542230E+01
   16   0.2818211E+00   0.5166036E+01   0.3572434E+00
   17   0.1944123E+00   0.4079729E+01  -0.2325475E+01
   18   0.1794877E+01   0.1739730E+01  -0.2786386E+01
   19   0.4317579E+01   0.2199129E+01  -0.2077900E+01
   20   0.5887152E+01   0.6486795E-01  -0.1985214E+01
   21   0.6829025E+01  -0.4788458E+00   0.6860114E+00
   22   0.4888339E+01  -0.9171126E+00   0.2440557E+01
   23   0.8713149E+01  -0.2686669E+01   0.6043267E+00
   24   0.9931571E+01  -0.3247815E+01   0.3154831E+01
   25   0.8246310E+01  -0.4346415E+01   0.4858971E+01
   26   0.1069023E+02  -0.2088184E+01  -0.1065978E+01
   27   0.9953141E+01  -0.1738411E+01  -0.3552512E+01
   28   0.1212819E+02  -0.1303340E+01  -0.4914699E+01
   29   0.8152591E+01   0.4961515E+00  -0.3700302E+01
   30   0.7428634E+01   0.7660988E+00  -0.6234295E+01
   31  -0.2500812E+01  -0.7592440E+00   0.2173310E+01
   32  -0.6952729E+00  -0.2081755E+01   0.1855077E+01
   33  -0.6410184E+01  -0.4738617E+01  -0.3540935E-01
   34  -0.5407720E+01   0.1758389E+00  -0.2929459E+01
   35  -0.3427709E+01  -0.2606309E+01  -0.5906125E+01
   36  -0.4029018E+01  -0.5323927E+01  -0.3853716E+01
   37  -0.1018908E+02  -0.2868986E+01   0.1603517E+01
   38  -0.1025652E+02  -0.1819040E+01  -0.1538389E+01
   39  -0.8326696E+01   0.2204171E+01  -0.3260879E+00
   40  -0.1088881E+02   0.4042911E+01   0.3181462E+01
   41  -0.1506971E+02   0.2306809E+01   0.3266457E+01
   42  -0.1401771E+02  -0.5339565E+00   0.1613750E+01
   43   0.1431836E+01   0.1985450E+01   0.2645921E+01
   44  -0.1409828E+00   0.4372950E+01   0.4291414E+01
   45  -0.1102363E+01   0.6669170E+01   0.4952451E+00
   46   0.2120244E+01   0.6018897E+01   0.6677410E+00
   47  -0.1738246E+01   0.3599546E+01  -0.2831596E+01
   48   0.7758194E+00   0.5560614E+01  -0.3623051E+01
   49   0.1716783E+01   0.1236793E+01  -0.4779345E+01
   50   0.1056324E+01   0.1535588E+00  -0.1733934E+01
   51   0.4859741E+01  -0.1576291E+01  -0.2682022E+01
   52   0.7820363E+01   0.1177793E+01   0.1368773E+01
   53   0.3508542E+01  -0.1847657E+01   0.1759417E+01
   54   0.7740411E+01  -0.4390124E+01  -0.2702647E-01
   55   0.1144892E+02  -0.4581949E+01   0.2856866E+01
   56   0.1075755E+02  -0.1521168E+01   0.3907480E+01
   57   0.6826850E+01  -0.3263603E+01   0.5034892E+01
   58   0.8998677E+01  -0.3432322E+01  -0.4242231E+01
   59   0.1165495E+02  -0.7180123E+00  -0.6544206E+01
   60   0.9175220E+01   0.2158548E+01  -0.3064398E+01
   61   0.6482170E+01   0.2278605E+01  -0.6402862E+01
 Initial ssvpot =     0.841


 Number of unique UNfrozen centers=   53

 Non-linear optimization requested.
 qchnge =    0.3693687991E-01
 qchnge =    0.8950685569E-02
 qchnge =    0.1947901402E-02
 qchnge =    0.6967631596E-03
 qchnge =    0.2930554218E-03
 qchnge =    0.1333589228E-03
 qchnge =    0.6311296790E-04
 qchnge =    0.3046139015E-04
 qchnge =    0.1485027022E-04
 qchnge =    0.7277597830E-05
 qchnge =    0.3576439907E-05
 qchnge =    0.1760241088E-05
 qchnge =    0.8670798365E-06

 Convergence in   12 iterations


Monomer                                                                         

          Point Charges Before & After Optimization

    no.  At.no.    q(init)       q(opt)     ivary    d(rstr)/dq
    1   8      -0.493781      -0.491296      0       0.001995
    2   6       0.339792       0.346124      0       0.002776
    3   6       0.011843       0.002427      0       0.009997
    4   1       0.071965       0.077473      0       0.000000
    5   6      -0.011551       0.003783      0       0.009993
    6   6      -0.057309      -0.066110      0       0.008342
    7   6      -0.107281      -0.061768      0       0.008508
    8   6      -0.424959      -0.408850      0       0.002376
    9   6      -0.141130      -0.082228      0       0.007724
   10   6       0.025000      -0.014996      0       0.009889
   11   6      -0.152036      -0.150842      0       0.005526
   12   6      -0.415129      -0.395323      0       0.002452
   13   1       0.083416       0.084618      0       0.000000
   14   7       0.039399       0.068595      0       0.008246
   15   6       0.025822      -0.012885      0       0.009918
   16   6      -0.021256      -0.013673      0       0.009908
   17   6      -0.042291      -0.064171      0       0.008416
   18   6       0.043007       0.019563      0       0.009814
   19   8      -0.337282      -0.278895      0       0.003375
   20   6      -0.020229      -0.042204      0       0.009213
   21   6       0.080817      -0.010145      0       0.009949
   22   8      -0.493110      -0.485971      0       0.002016
   23   6       0.053624       0.044558      0       0.009134
   24   6       0.128409       0.051920      0       0.008875
   25   8      -0.650084      -0.597306      0       0.001651
   26   8      -0.412318      -0.307871      0       0.003089
   27   6       0.463846       0.236100      0       0.003899
   28   8      -0.653151      -0.605321      0       0.001630
   29   6       0.016550      -0.014787      0       0.009892
   30   8      -0.675627      -0.630660      0       0.001566
   31   6       0.257390       0.171952      0       0.005027
   32   8      -0.462966      -0.421707      0       0.002307
   33   1       0.097972       0.093661      0       0.000000
   34   1       0.134381       0.101237      0       0.000000
   35   1       0.174027       0.174629      0       0.000000
   36   1       0.193096       0.174629     35       0.000000
   37   1       0.066397       0.057381      0       0.000000
   38   1       0.084891       0.057381     37       0.000000
   39   1       0.085552       0.100226      0       0.000000
   40   1       0.137757       0.136618      0       0.000000
   41   1       0.178438       0.169291      0       0.000000
   42   1       0.172620       0.169291     41       0.000000
   43   1      -0.016711       0.051607      0       0.000000
   44   1       0.062597       0.051607     43       0.000000
   45   1       0.024550       0.031112      0       0.000000
   46   1       0.038783       0.031112     45       0.000000
   47   1       0.012185       0.035128      0       0.000000
   48   1       0.039378       0.035128     47       0.000000
   49   1       0.049349       0.056198      0       0.000000
   50   1       0.077851       0.056198     49       0.000000
   51   1       0.114357       0.136513      0       0.000000
   52   1       0.139402       0.150194      0       0.000000
   53   1       0.375124       0.375342      0       0.000000
   54   1       0.081446       0.111494      0       0.000000
   55   1       0.107367       0.089813      0       0.000000
   56   1       0.038138       0.089813     55       0.000000
   57   1       0.398125       0.370778      0       0.000000
   58   1       0.041734       0.107304      0       0.000000
   59   1       0.444412       0.446265      0       0.000000
   60   1       0.109880       0.140141      0       0.000000
   61   1       0.467510       0.449804      0       0.000000

 Sum over the calculated charges:     -0.000

        Statistics of the fitting:
  The initial sum of squares (ssvpot)                      0.841
  The residual sum of squares (chipot)                     0.007
  The std err of estimate (sqrt(chipot/N))               0.00147
  ESP relative RMS (SQRT(chipot/ssvpot))                 0.09019

 Center of Mass (Angst.):

 X  =   0.00000      Y  =   0.00000      Z  =   0.00000

 Dipole (Debye):

 X  =  -7.11328      Y  =   0.54242      Z  =  -2.56728

 Dipole Moment (Debye)=   7.58182

 Quadrupole (Debye*Angst.):

 Qxx = -44.98848     QYY =   7.46337     QZZ =  37.52511
 Qxy =  82.47535     QXZ = -11.12213     QYZ =   6.88234
