
          -------------------------------------------------------
          Amber 22 SANDER                              2022
          -------------------------------------------------------

| Run on 10/01/2026 at 16:24:59

|   Executable path: sander
| Working directory: /work/wrz135/callmann-tyler-md
|          Hostname: login001

  [-O]verwriting output

File Assignments:
|  MDIN: min_chain.in                                                          
| MDOUT: min_s2.out                                                            
|INPCRD: chain_s2.inpcrd                                                       
|  PARM: chain_s2.prmtop                                                       
|RESTRT: chain_s2_min.rst                                                      
|  REFC: refc                                                                  
| MDVEL: mdvel                                                                 
| MDFRC: mdfrc                                                                 
|  MDEN: mden                                                                  
| MDCRD: mdcrd                                                                 
|MDINFO: mdinfo                                                                
|  MTMD: mtmd                                                                  
|INPDIP: inpdip                                                                
|RSTDIP: rstdip                                                                
|INPTRA: inptraj                                                               


 Here is the input file:

vacuum minimization                                                            
&cntrl                                                                         
 imin=1, maxcyc=10000, ncyc=2000,                                              
 ntb=0, igb=0, cut=999.,                                                       
/                                                                              

--------------------------------------------------------------------------------
   1.  RESOURCE   USE: 
--------------------------------------------------------------------------------

| Flags:                                                                        
|    NONPERIODIC   ntb=0 and igb=0: Setting up nonperiodic simulation
|  *** cutoff > system size, list only builds once
|Largest sphere to fit in unit cell has radius =    41.862
| New format PARM file being parsed.
| Version =    1.000 Date = 10/01/26 Time = 16:24:59
 NATOM  =     556 NTYPES =      12 NBONH =     274 MBONA  =     311
 NTHETH =     656 MTHETA =     460 NPHIH =    1457 MPHIA  =    1079
 NHPARM =       0 NPARM  =       0 NNB   =    3476 NRES   =      12
 NBONA  =     311 NTHETA =     460 NPHIA =    1079 NUMBND =      21
 NUMANG =      45 NPTRA  =      35 NATYP =      14 NPHB   =       0
 IFBOX  =       0 NMXRS  =      55 IFCAP =       0 NEXTRA =       0
 NCOPY  =       0


|     Memory Use     Allocated
|     Real              747750
|     Hollerith           1682
|     Integer           157398
|     Max Pairs         154290
|     nblistReal          6672
|     nblist Int       2542221
|       Total            17048 kbytes

| Note: 1-4 EEL scale factors are being read from the topology file.

| Note: 1-4 VDW scale factors are being read from the topology file.
| Duplicated    0 dihedrals
| Duplicated    0 dihedrals

--------------------------------------------------------------------------------
   2.  CONTROL  DATA  FOR  THE  RUN
--------------------------------------------------------------------------------

default_name                                                                    

General flags:
     imin    =       1, nmropt  =       0

Nature and format of input:
     ntx     =       1, irest   =       0, ntrx    =       1

Nature and format of output:
     ntxo    =       2, ntpr    =      50, ntrx    =       1, ntwr    =       1
     iwrap   =       0, ntwx    =       0, ntwv    =       0, ntwe    =       0
     ioutfm  =       1, ntwprt  =       0, idecomp =       0, rbornstat=      0

Potential function:
     ntf     =       1, ntb     =       0, igb     =       0, nsnb    =      25
     ipol    =       0, gbsa    =       0, iesp    =       0
     dielc   =   1.00000, cut     = 999.00000, intdiel =   1.00000

Frozen or restrained atoms:
     ibelly  =       0, ntr     =       0

Energy minimization:
     maxcyc  =   10000, ncyc    =    2000, ntmin   =       1
     dx0     =   0.01000, drms    =   0.00010
|  INFO: Old style inpcrd file read


--------------------------------------------------------------------------------
   3.  ATOMIC COORDINATES AND VELOCITIES
--------------------------------------------------------------------------------

default_name                                                                    
 begin time read from input coords =     0.000 ps

 Number of triangulated 3-point waters found:        0

     Sum of charges from parm topology file =   0.00000002
     Forcing neutrality...

--------------------------------------------------------------------------------
   4.  RESULTS
--------------------------------------------------------------------------------

 ---------------------------------------------------

     eedmeth=4: Setting switch to one everywhere

 ---------------------------------------------------
| Local SIZE OF NONBOND LIST =     150885
| TOTAL SIZE OF NONBOND LIST =     150885


   NSTEP       ENERGY          RMS            GMAX         NAME    NUMBER
      1       8.4814E+03     2.9563E+03     7.3623E+04     H2        199

 BOND    =       10.9922  ANGLE   =      169.9912  DIHED      =      495.0860
 VDWAALS =     7828.1676  EEL     =     -579.9280  HBOND      =        0.0000
 1-4 VDW =       77.8359  1-4 EEL =      479.3001  RESTRAINT  =        0.0000


   NSTEP       ENERGY          RMS            GMAX         NAME    NUMBER
     50       5.8049E+02     7.0285E-01     4.9938E+00     C7        122

 BOND    =       15.5789  ANGLE   =      196.2856  DIHED      =      496.4195
 VDWAALS =     -110.2384  EEL     =     -582.4393  HBOND      =        0.0000
 1-4 VDW =       84.0895  1-4 EEL =      480.7951  RESTRAINT  =        0.0000


   NSTEP       ENERGY          RMS            GMAX         NAME    NUMBER
    100       5.6296E+02     1.5995E+00     2.4447E+01     C          60

 BOND    =       14.2882  ANGLE   =      189.8698  DIHED      =      497.5638
 VDWAALS =     -117.0506  EEL     =     -582.5582  HBOND      =        0.0000
 1-4 VDW =       80.3659  1-4 EEL =      480.4811  RESTRAINT  =        0.0000


   NSTEP       ENERGY          RMS            GMAX         NAME    NUMBER
    150       5.4830E+02     8.5662E-01     1.5814E+01     C4        175

 BOND    =       12.3359  ANGLE   =      184.0878  DIHED      =      499.0721
 VDWAALS =     -122.6780  EEL     =     -582.4645  HBOND      =        0.0000
 1-4 VDW =       77.7014  1-4 EEL =      480.2471  RESTRAINT  =        0.0000


   NSTEP       ENERGY          RMS            GMAX         NAME    NUMBER
    200       5.3979E+02     2.8178E-01     4.5431E+00     H6        146

 BOND    =       11.8133  ANGLE   =      180.9959  DIHED      =      499.4328
 VDWAALS =     -126.6783  EEL     =     -582.3144  HBOND      =        0.0000
 1-4 VDW =       76.5938  1-4 EEL =      479.9501  RESTRAINT  =        0.0000


   NSTEP       ENERGY          RMS            GMAX         NAME    NUMBER
    250       5.3554E+02     2.2674E-01     2.4359E+00     H6        146

 BOND    =       11.7975  ANGLE   =      179.8681  DIHED      =      499.2890
 VDWAALS =     -129.1317  EEL     =     -582.1853  HBOND      =        0.0000
 1-4 VDW =       76.0779  1-4 EEL =      479.8205  RESTRAINT  =        0.0000


   NSTEP       ENERGY          RMS            GMAX         NAME    NUMBER
    300       5.3300E+02     4.4615E-01     7.2852E+00     C4         10

 BOND    =       11.8353  ANGLE   =      179.4186  DIHED      =      499.0222
 VDWAALS =     -130.8008  EEL     =     -582.0491  HBOND      =        0.0000
 1-4 VDW =       75.7910  1-4 EEL =      479.7783  RESTRAINT  =        0.0000


   NSTEP       ENERGY          RMS            GMAX         NAME    NUMBER
    350       5.3112E+02     1.9808E-01     2.2987E+00     CC          1

 BOND    =       11.8607  ANGLE   =      179.1383  DIHED      =      498.7245
 VDWAALS =     -132.0525  EEL     =     -581.9308  HBOND      =        0.0000
 1-4 VDW =       75.6179  1-4 EEL =      479.7615  RESTRAINT  =        0.0000


   NSTEP       ENERGY          RMS            GMAX         NAME    NUMBER
    400       5.2979E+02     3.7735E-01     4.6019E+00     C4        175

 BOND    =       11.8797  ANGLE   =      179.0107  DIHED      =      498.4443
 VDWAALS =     -133.0051  EEL     =     -581.8268  HBOND      =        0.0000
 1-4 VDW =       75.5155  1-4 EEL =      479.7729  RESTRAINT  =        0.0000


   NSTEP       ENERGY          RMS            GMAX         NAME    NUMBER
    450       5.2870E+02     1.2890E-01     1.2264E+00     C8        123

 BOND    =       11.8029  ANGLE   =      178.9751  DIHED      =      498.1745
 VDWAALS =     -133.7186  EEL     =     -581.7842  HBOND      =        0.0000
 1-4 VDW =       75.4601  1-4 EEL =      479.7917  RESTRAINT  =        0.0000


   NSTEP       ENERGY          RMS            GMAX         NAME    NUMBER
    500       5.2782E+02     3.4121E-01     4.5906E+00     C20        32

 BOND    =       11.7849  ANGLE   =      178.9688  DIHED      =      497.9185
 VDWAALS =     -134.3162  EEL     =     -581.7782  HBOND      =        0.0000
 1-4 VDW =       75.4270  1-4 EEL =      479.8186  RESTRAINT  =        0.0000


   NSTEP       ENERGY          RMS            GMAX         NAME    NUMBER
    550       5.2704E+02     1.0780E-01     7.2677E-01     CC          1

 BOND    =       11.7414  ANGLE   =      178.9242  DIHED      =      497.7055
 VDWAALS =     -134.8162  EEL     =     -581.7789  HBOND      =        0.0000
 1-4 VDW =       75.4087  1-4 EEL =      479.8510  RESTRAINT  =        0.0000


   NSTEP       ENERGY          RMS            GMAX         NAME    NUMBER
    600       5.2637E+02     2.9645E-01     3.9707E+00     C4        175

 BOND    =       11.7337  ANGLE   =      178.9155  DIHED      =      497.4973
 VDWAALS =     -135.2520  EEL     =     -581.8194  HBOND      =        0.0000
 1-4 VDW =       75.4024  1-4 EEL =      479.8884  RESTRAINT  =        0.0000


   NSTEP       ENERGY          RMS            GMAX         NAME    NUMBER
    650       5.2574E+02     9.5696E-02     8.2249E-01     C8        123

 BOND    =       11.6619  ANGLE   =      178.9421  DIHED      =      497.2982
 VDWAALS =     -135.6061  EEL     =     -581.8909  HBOND      =        0.0000
 1-4 VDW =       75.4125  1-4 EEL =      479.9261  RESTRAINT  =        0.0000


   NSTEP       ENERGY          RMS            GMAX         NAME    NUMBER
    700       5.2521E+02     2.3147E-01     3.4176E+00     C8        123

 BOND    =       11.6323  ANGLE   =      178.9790  DIHED      =      497.1143
 VDWAALS =     -135.9166  EEL     =     -581.9878  HBOND      =        0.0000
 1-4 VDW =       75.4246  1-4 EEL =      479.9662  RESTRAINT  =        0.0000


   NSTEP       ENERGY          RMS            GMAX         NAME    NUMBER
    750       5.2471E+02     1.0008E-01     1.0482E+00     C4        175

 BOND    =       11.6023  ANGLE   =      178.9764  DIHED      =      496.9596
 VDWAALS =     -136.1879  EEL     =     -582.0894  HBOND      =        0.0000
 1-4 VDW =       75.4383  1-4 EEL =      480.0071  RESTRAINT  =        0.0000


   NSTEP       ENERGY          RMS            GMAX         NAME    NUMBER
    800       5.2426E+02     1.9298E-01     2.9921E+00     C4        175

 BOND    =       11.5848  ANGLE   =      178.9995  DIHED      =      496.8099
 VDWAALS =     -136.4294  EEL     =     -582.2114  HBOND      =        0.0000
 1-4 VDW =       75.4551  1-4 EEL =      480.0482  RESTRAINT  =        0.0000


   NSTEP       ENERGY          RMS            GMAX         NAME    NUMBER
    850       5.2384E+02     3.1617E-01     4.9273E+00     C20       142

 BOND    =       11.5746  ANGLE   =      179.0377  DIHED      =      496.6628
 VDWAALS =     -136.6449  EEL     =     -582.3565  HBOND      =        0.0000
 1-4 VDW =       75.4742  1-4 EEL =      480.0895  RESTRAINT  =        0.0000


   NSTEP       ENERGY          RMS            GMAX         NAME    NUMBER
    900       5.2342E+02     1.6508E-01     2.6742E+00     C8        123

 BOND    =       11.5216  ANGLE   =      179.0745  DIHED      =      496.5280
 VDWAALS =     -136.8553  EEL     =     -582.4789  HBOND      =        0.0000
 1-4 VDW =       75.4985  1-4 EEL =      480.1282  RESTRAINT  =        0.0000


   NSTEP       ENERGY          RMS            GMAX         NAME    NUMBER
    950       5.2305E+02     2.7161E-01     4.8448E+00     C20       142

 BOND    =       11.5084  ANGLE   =      179.0971  DIHED      =      496.4094
 VDWAALS =     -137.0469  EEL     =     -582.6077  HBOND      =        0.0000
 1-4 VDW =       75.5220  1-4 EEL =      480.1663  RESTRAINT  =        0.0000


   NSTEP       ENERGY          RMS            GMAX         NAME    NUMBER
   1000       5.2267E+02     1.4007E-01     2.0006E+00     C4        175

 BOND    =       11.4871  ANGLE   =      179.1226  DIHED      =      496.2945
 VDWAALS =     -137.2071  EEL     =     -582.7735  HBOND      =        0.0000
 1-4 VDW =       75.5393  1-4 EEL =      480.2040  RESTRAINT  =        0.0000


   NSTEP       ENERGY          RMS            GMAX         NAME    NUMBER
   1050       5.2232E+02     2.2028E-01     3.5003E+00     C20       142

 BOND    =       11.4744  ANGLE   =      179.1465  DIHED      =      496.1882
 VDWAALS =     -137.3778  EEL     =     -582.9175  HBOND      =        0.0000
 1-4 VDW =       75.5624  1-4 EEL =      480.2400  RESTRAINT  =        0.0000


   NSTEP       ENERGY          RMS            GMAX         NAME    NUMBER
   1100       5.2197E+02     7.4457E-02     5.6650E-01     C8        123

 BOND    =       11.4495  ANGLE   =      179.1911  DIHED      =      496.0785
 VDWAALS =     -137.5276  EEL     =     -583.0801  HBOND      =        0.0000
 1-4 VDW =       75.5820  1-4 EEL =      480.2736  RESTRAINT  =        0.0000


   NSTEP       ENERGY          RMS            GMAX         NAME    NUMBER
   1150       5.2165E+02     2.0058E-01     2.6849E+00     C8        123

 BOND    =       11.4442  ANGLE   =      179.2357  DIHED      =      495.9755
 VDWAALS =     -137.6750  EEL     =     -583.2432  HBOND      =        0.0000
 1-4 VDW =       75.6020  1-4 EEL =      480.3063  RESTRAINT  =        0.0000


   NSTEP       ENERGY          RMS            GMAX         NAME    NUMBER
   1200       5.2131E+02     2.6978E-01     4.0778E+00     C8        123

 BOND    =       11.4359  ANGLE   =      179.2653  DIHED      =      495.8806
 VDWAALS =     -137.8353  EEL     =     -583.3975  HBOND      =        0.0000
 1-4 VDW =       75.6255  1-4 EEL =      480.3388  RESTRAINT  =        0.0000


   NSTEP       ENERGY          RMS            GMAX         NAME    NUMBER
   1250       5.2098E+02     1.1427E-01     1.3180E+00     C4        175

 BOND    =       11.4176  ANGLE   =      179.2860  DIHED      =      495.7988
 VDWAALS =     -137.9619  EEL     =     -583.5681  HBOND      =        0.0000
 1-4 VDW =       75.6411  1-4 EEL =      480.3679  RESTRAINT  =        0.0000


   NSTEP       ENERGY          RMS            GMAX         NAME    NUMBER
   1300       5.2068E+02     2.2173E-01     3.4421E+00     C4        175

 BOND    =       11.4149  ANGLE   =      179.3112  DIHED      =      495.7217
 VDWAALS =     -138.1007  EEL     =     -583.7229  HBOND      =        0.0000
 1-4 VDW =       75.6606  1-4 EEL =      480.3958  RESTRAINT  =        0.0000


   NSTEP       ENERGY          RMS            GMAX         NAME    NUMBER
   1350       5.2037E+02     1.2195E-01     1.8414E+00     C8        123

 BOND    =       11.3997  ANGLE   =      179.3519  DIHED      =      495.6353
 VDWAALS =     -138.2330  EEL     =     -583.8875  HBOND      =        0.0000
 1-4 VDW =       75.6789  1-4 EEL =      480.4217  RESTRAINT  =        0.0000


   NSTEP       ENERGY          RMS            GMAX         NAME    NUMBER
   1400       5.2007E+02     1.9838E-01     3.2243E+00     C8        123

 BOND    =       11.3987  ANGLE   =      179.3869  DIHED      =      495.5595
 VDWAALS =     -138.3633  EEL     =     -584.0500  HBOND      =        0.0000
 1-4 VDW =       75.6966  1-4 EEL =      480.4464  RESTRAINT  =        0.0000


   NSTEP       ENERGY          RMS            GMAX         NAME    NUMBER
   1450       5.1977E+02     9.3117E-02     1.2125E+00     C4        175

 BOND    =       11.3851  ANGLE   =      179.4024  DIHED      =      495.4981
 VDWAALS =     -138.4864  EEL     =     -584.2090  HBOND      =        0.0000
 1-4 VDW =       75.7124  1-4 EEL =      480.4693  RESTRAINT  =        0.0000


   NSTEP       ENERGY          RMS            GMAX         NAME    NUMBER
   1500       5.1949E+02     1.6203E-01     2.4082E+00     C4        175

 BOND    =       11.3837  ANGLE   =      179.4306  DIHED      =      495.4344
 VDWAALS =     -138.6083  EEL     =     -584.3706  HBOND      =        0.0000
 1-4 VDW =       75.7281  1-4 EEL =      480.4910  RESTRAINT  =        0.0000


   NSTEP       ENERGY          RMS            GMAX         NAME    NUMBER
   1550       5.1922E+02     2.8121E-01     5.8845E+00     C20       142

 BOND    =       11.3921  ANGLE   =      179.4666  DIHED      =      495.3704
 VDWAALS =     -138.7239  EEL     =     -584.5362  HBOND      =        0.0000
 1-4 VDW =       75.7423  1-4 EEL =      480.5112  RESTRAINT  =        0.0000


   NSTEP       ENERGY          RMS            GMAX         NAME    NUMBER
   1600       5.1894E+02     1.3859E-01     2.0629E+00     C8        123

 BOND    =       11.3738  ANGLE   =      179.4832  DIHED      =      495.3134
 VDWAALS =     -138.8475  EEL     =     -584.6744  HBOND      =        0.0000
 1-4 VDW =       75.7602  1-4 EEL =      480.5292  RESTRAINT  =        0.0000


   NSTEP       ENERGY          RMS            GMAX         NAME    NUMBER
   1650       5.1868E+02     2.0110E-01     3.0822E+00     C8        123

 BOND    =       11.3757  ANGLE   =      179.5087  DIHED      =      495.2594
 VDWAALS =     -138.9611  EEL     =     -584.8241  HBOND      =        0.0000
 1-4 VDW =       75.7749  1-4 EEL =      480.5463  RESTRAINT  =        0.0000


   NSTEP       ENERGY          RMS            GMAX         NAME    NUMBER
   1700       5.1841E+02     6.6040E-02     5.3856E-01     C4        175

 BOND    =       11.3611  ANGLE   =      179.5175  DIHED      =      495.2172
 VDWAALS =     -139.0725  EEL     =     -584.9690  HBOND      =        0.0000
 1-4 VDW =       75.7886  1-4 EEL =      480.5622  RESTRAINT  =        0.0000


   NSTEP       ENERGY          RMS            GMAX         NAME    NUMBER
   1750       5.1816E+02     1.6632E-01     2.6388E+00     C4        175

 BOND    =       11.3616  ANGLE   =      179.5359  DIHED      =      495.1745
 VDWAALS =     -139.1804  EEL     =     -585.1135  HBOND      =        0.0000
 1-4 VDW =       75.8018  1-4 EEL =      480.5769  RESTRAINT  =        0.0000


   NSTEP       ENERGY          RMS            GMAX         NAME    NUMBER
   1800       5.1790E+02     8.5987E-02     1.0917E+00     C8        123

 BOND    =       11.3559  ANGLE   =      179.5517  DIHED      =      495.1273
 VDWAALS =     -139.2909  EEL     =     -585.2487  HBOND      =        0.0000
 1-4 VDW =       75.8169  1-4 EEL =      480.5904  RESTRAINT  =        0.0000


   NSTEP       ENERGY          RMS            GMAX         NAME    NUMBER
   1850       5.1767E+02     1.5884E-01     2.1669E+00     C8        123

 BOND    =       11.3575  ANGLE   =      179.5654  DIHED      =      495.0871
 VDWAALS =     -139.3979  EEL     =     -585.3797  HBOND      =        0.0000
 1-4 VDW =       75.8310  1-4 EEL =      480.6027  RESTRAINT  =        0.0000


   NSTEP       ENERGY          RMS            GMAX         NAME    NUMBER
   1900       5.1744E+02     2.1153E-01     3.3693E+00     C8        123

 BOND    =       11.3612  ANGLE   =      179.5865  DIHED      =      495.0461
 VDWAALS =     -139.4974  EEL     =     -585.5146  HBOND      =        0.0000
 1-4 VDW =       75.8432  1-4 EEL =      480.6141  RESTRAINT  =        0.0000


   NSTEP       ENERGY          RMS            GMAX         NAME    NUMBER
   1950       5.1719E+02     9.6683E-02     1.3386E+00     C4        175

 BOND    =       11.3452  ANGLE   =      179.5876  DIHED      =      495.0196
 VDWAALS =     -139.5962  EEL     =     -585.6403  HBOND      =        0.0000
 1-4 VDW =       75.8547  1-4 EEL =      480.6240  RESTRAINT  =        0.0000


   NSTEP       ENERGY          RMS            GMAX         NAME    NUMBER
   2000       5.1697E+02     5.7709E-02     3.8858E-01     C8        123

 BOND    =       11.3428  ANGLE   =      179.5980  DIHED      =      494.9845
 VDWAALS =     -139.6949  EEL     =     -585.7607  HBOND      =        0.0000
 1-4 VDW =       75.8675  1-4 EEL =      480.6333  RESTRAINT  =        0.0000


   NSTEP       ENERGY          RMS            GMAX         NAME    NUMBER
   2050       5.1245E+02     1.8258E-01     2.4151E+00     C15        77

 BOND    =       11.1349  ANGLE   =      179.3033  DIHED      =      494.4272
 VDWAALS =     -141.6550  EEL     =     -588.1516  HBOND      =        0.0000
 1-4 VDW =       76.5618  1-4 EEL =      480.8278  RESTRAINT  =        0.0000


   NSTEP       ENERGY          RMS            GMAX         NAME    NUMBER
   2100       5.1173E+02     1.1357E-01     9.2971E-01     H22       105

 BOND    =       11.1119  ANGLE   =      179.2636  DIHED      =      494.1810
 VDWAALS =     -141.8273  EEL     =     -588.0160  HBOND      =        0.0000
 1-4 VDW =       76.4186  1-4 EEL =      480.5980  RESTRAINT  =        0.0000


   NSTEP       ENERGY          RMS            GMAX         NAME    NUMBER
   2150       5.1116E+02     9.8047E-02     9.9538E-01     O2         78

 BOND    =       11.1305  ANGLE   =      179.2022  DIHED      =      494.0954
 VDWAALS =     -142.0844  EEL     =     -588.0920  HBOND      =        0.0000
 1-4 VDW =       76.2968  1-4 EEL =      480.6081  RESTRAINT  =        0.0000


   NSTEP       ENERGY          RMS            GMAX         NAME    NUMBER
   2200       5.1040E+02     9.0041E-02     6.6351E-01     H24       107

 BOND    =       11.1569  ANGLE   =      179.1928  DIHED      =      494.0074
 VDWAALS =     -142.4085  EEL     =     -588.3068  HBOND      =        0.0000
 1-4 VDW =       76.2109  1-4 EEL =      480.5506  RESTRAINT  =        0.0000


   NSTEP       ENERGY          RMS            GMAX         NAME    NUMBER
   2250       5.0970E+02     1.1890E-01     1.1836E+00     CC        554

 BOND    =       11.1305  ANGLE   =      179.0660  DIHED      =      493.9611
 VDWAALS =     -142.7371  EEL     =     -588.5141  HBOND      =        0.0000
 1-4 VDW =       76.2082  1-4 EEL =      480.5886  RESTRAINT  =        0.0000


   NSTEP       ENERGY          RMS            GMAX         NAME    NUMBER
   2300       5.0910E+02     8.8634E-02     7.7813E-01     C20       472

 BOND    =       11.1350  ANGLE   =      178.9395  DIHED      =      493.9341
 VDWAALS =     -143.0077  EEL     =     -588.7360  HBOND      =        0.0000
 1-4 VDW =       76.2187  1-4 EEL =      480.6114  RESTRAINT  =        0.0000


   NSTEP       ENERGY          RMS            GMAX         NAME    NUMBER
   2350       5.0853E+02     7.2632E-02     4.9097E-01     C8        453

 BOND    =       11.1156  ANGLE   =      178.8134  DIHED      =      493.9209
 VDWAALS =     -143.2694  EEL     =     -588.9547  HBOND      =        0.0000
 1-4 VDW =       76.2512  1-4 EEL =      480.6571  RESTRAINT  =        0.0000


   NSTEP       ENERGY          RMS            GMAX         NAME    NUMBER
   2400       5.0799E+02     6.2300E-02     5.0689E-01     C17        80

 BOND    =       11.0880  ANGLE   =      178.7022  DIHED      =      493.9094
 VDWAALS =     -143.5351  EEL     =     -589.1411  HBOND      =        0.0000
 1-4 VDW =       76.2817  1-4 EEL =      480.6843  RESTRAINT  =        0.0000


   NSTEP       ENERGY          RMS            GMAX         NAME    NUMBER
   2450       5.0735E+02     4.5224E-02     3.9039E-01     C8        508

 BOND    =       11.0906  ANGLE   =      178.5425  DIHED      =      493.8931
 VDWAALS =     -143.8678  EEL     =     -589.3317  HBOND      =        0.0000
 1-4 VDW =       76.3080  1-4 EEL =      480.7159  RESTRAINT  =        0.0000


   NSTEP       ENERGY          RMS            GMAX         NAME    NUMBER
   2500       5.0658E+02     6.3132E-02     5.0365E-01     C4         65

 BOND    =       11.0860  ANGLE   =      178.3503  DIHED      =      493.8733
 VDWAALS =     -144.2848  EEL     =     -589.5402  HBOND      =        0.0000
 1-4 VDW =       76.3434  1-4 EEL =      480.7477  RESTRAINT  =        0.0000


   NSTEP       ENERGY          RMS            GMAX         NAME    NUMBER
   2550       5.0614E+02     4.1557E-02     2.8170E-01     O7        528

 BOND    =       11.0855  ANGLE   =      178.2286  DIHED      =      493.8540
 VDWAALS =     -144.5200  EEL     =     -589.6474  HBOND      =        0.0000
 1-4 VDW =       76.3658  1-4 EEL =      480.7743  RESTRAINT  =        0.0000


   NSTEP       ENERGY          RMS            GMAX         NAME    NUMBER
   2600       5.0559E+02     8.7905E-02     7.4565E-01     C20       142

 BOND    =       11.0775  ANGLE   =      178.0990  DIHED      =      493.8047
 VDWAALS =     -144.8137  EEL     =     -589.7640  HBOND      =        0.0000
 1-4 VDW =       76.3917  1-4 EEL =      480.7934  RESTRAINT  =        0.0000


   NSTEP       ENERGY          RMS            GMAX         NAME    NUMBER
   2650       5.0519E+02     5.2512E-02     6.3805E-01     C20       142

 BOND    =       11.0982  ANGLE   =      178.0192  DIHED      =      493.7464
 VDWAALS =     -145.0197  EEL     =     -589.8580  HBOND      =        0.0000
 1-4 VDW =       76.3909  1-4 EEL =      480.8128  RESTRAINT  =        0.0000


   NSTEP       ENERGY          RMS            GMAX         NAME    NUMBER
   2700       5.0471E+02     4.6826E-02     3.9196E-01     C18        83

 BOND    =       11.1064  ANGLE   =      177.9066  DIHED      =      493.6614
 VDWAALS =     -145.2570  EEL     =     -589.9427  HBOND      =        0.0000
 1-4 VDW =       76.3993  1-4 EEL =      480.8336  RESTRAINT  =        0.0000


   NSTEP       ENERGY          RMS            GMAX         NAME    NUMBER
   2750       5.0412E+02     5.4687E-02     3.8268E-01     O1         75

 BOND    =       11.1119  ANGLE   =      177.7982  DIHED      =      493.5039
 VDWAALS =     -145.5119  EEL     =     -590.0438  HBOND      =        0.0000
 1-4 VDW =       76.3881  1-4 EEL =      480.8686  RESTRAINT  =        0.0000


   NSTEP       ENERGY          RMS            GMAX         NAME    NUMBER
   2800       5.0373E+02     5.0084E-02     3.7793E-01     O2         78

 BOND    =       11.1192  ANGLE   =      177.7271  DIHED      =      493.3641
 VDWAALS =     -145.6547  EEL     =     -590.0965  HBOND      =        0.0000
 1-4 VDW =       76.3733  1-4 EEL =      480.8929  RESTRAINT  =        0.0000


   NSTEP       ENERGY          RMS            GMAX         NAME    NUMBER
   2850       5.0332E+02     6.4156E-02     4.9992E-01     C4         65

 BOND    =       11.1312  ANGLE   =      177.6398  DIHED      =      493.2005
 VDWAALS =     -145.7746  EEL     =     -590.1548  HBOND      =        0.0000
 1-4 VDW =       76.3574  1-4 EEL =      480.9231  RESTRAINT  =        0.0000


   NSTEP       ENERGY          RMS            GMAX         NAME    NUMBER
   2900       5.0286E+02     5.8924E-02     6.1417E-01     C20       142

 BOND    =       11.1408  ANGLE   =      177.5470  DIHED      =      492.9989
 VDWAALS =     -145.9017  EEL     =     -590.2026  HBOND      =        0.0000
 1-4 VDW =       76.3278  1-4 EEL =      480.9489  RESTRAINT  =        0.0000


   NSTEP       ENERGY          RMS            GMAX         NAME    NUMBER
   2950       5.0246E+02     3.9871E-02     3.2883E-01     O2         78

 BOND    =       11.1437  ANGLE   =      177.4716  DIHED      =      492.8362
 VDWAALS =     -145.9904  EEL     =     -590.2640  HBOND      =        0.0000
 1-4 VDW =       76.2971  1-4 EEL =      480.9628  RESTRAINT  =        0.0000


   NSTEP       ENERGY          RMS            GMAX         NAME    NUMBER
   3000       5.0184E+02     4.7277E-02     4.4547E-01     C20       362

 BOND    =       11.1614  ANGLE   =      177.3699  DIHED      =      492.6265
 VDWAALS =     -146.1324  EEL     =     -590.3928  HBOND      =        0.0000
 1-4 VDW =       76.2467  1-4 EEL =      480.9647  RESTRAINT  =        0.0000


   NSTEP       ENERGY          RMS            GMAX         NAME    NUMBER
   3050       5.0144E+02     4.4534E-02     3.5579E-01     O2         78

 BOND    =       11.1785  ANGLE   =      177.3047  DIHED      =      492.5508
 VDWAALS =     -146.2290  EEL     =     -590.5801  HBOND      =        0.0000
 1-4 VDW =       76.2391  1-4 EEL =      480.9733  RESTRAINT  =        0.0000


   NSTEP       ENERGY          RMS            GMAX         NAME    NUMBER
   3100       5.0098E+02     5.5801E-02     5.9836E-01     C20       362

 BOND    =       11.1923  ANGLE   =      177.2487  DIHED      =      492.4795
 VDWAALS =     -146.3699  EEL     =     -590.7777  HBOND      =        0.0000
 1-4 VDW =       76.2204  1-4 EEL =      480.9891  RESTRAINT  =        0.0000


   NSTEP       ENERGY          RMS            GMAX         NAME    NUMBER
   3150       5.0057E+02     7.6876E-02     8.5525E-01     C14        76

 BOND    =       11.2070  ANGLE   =      177.1801  DIHED      =      492.4288
 VDWAALS =     -146.4881  EEL     =     -590.9868  HBOND      =        0.0000
 1-4 VDW =       76.2187  1-4 EEL =      481.0064  RESTRAINT  =        0.0000


   NSTEP       ENERGY          RMS            GMAX         NAME    NUMBER
   3200       5.0012E+02     6.3400E-02     6.5314E-01     C         335

 BOND    =       11.2209  ANGLE   =      177.1558  DIHED      =      492.3764
 VDWAALS =     -146.6586  EEL     =     -591.2016  HBOND      =        0.0000
 1-4 VDW =       76.1980  1-4 EEL =      481.0258  RESTRAINT  =        0.0000


   NSTEP       ENERGY          RMS            GMAX         NAME    NUMBER
   3250       4.9958E+02     3.3057E-02     2.3528E-01     O7         88

 BOND    =       11.2337  ANGLE   =      177.0621  DIHED      =      492.3214
 VDWAALS =     -146.8345  EEL     =     -591.4829  HBOND      =        0.0000
 1-4 VDW =       76.1986  1-4 EEL =      481.0807  RESTRAINT  =        0.0000


   NSTEP       ENERGY          RMS            GMAX         NAME    NUMBER
   3300       4.9845E+02     4.6553E-02     4.5221E-01     C         335

 BOND    =       11.2988  ANGLE   =      177.0000  DIHED      =      492.1677
 VDWAALS =     -147.3303  EEL     =     -591.9341  HBOND      =        0.0000
 1-4 VDW =       76.1240  1-4 EEL =      481.1252  RESTRAINT  =        0.0000


   NSTEP       ENERGY          RMS            GMAX         NAME    NUMBER
   3350       4.9800E+02     1.1528E-01     7.8646E-01     C4         10

 BOND    =       11.2700  ANGLE   =      176.8618  DIHED      =      492.1046
 VDWAALS =     -147.3924  EEL     =     -592.2445  HBOND      =        0.0000
 1-4 VDW =       76.2055  1-4 EEL =      481.1965  RESTRAINT  =        0.0000


   NSTEP       ENERGY          RMS            GMAX         NAME    NUMBER
   3400       4.9772E+02     1.0108E-01     1.0295E+00     O4         82

 BOND    =       11.2651  ANGLE   =      176.7972  DIHED      =      492.0741
 VDWAALS =     -147.5272  EEL     =     -592.3470  HBOND      =        0.0000
 1-4 VDW =       76.2357  1-4 EEL =      481.2180  RESTRAINT  =        0.0000


   NSTEP       ENERGY          RMS            GMAX         NAME    NUMBER
   3450       4.9743E+02     9.7907E-02     7.3455E-01     C4         10

 BOND    =       11.2816  ANGLE   =      176.7884  DIHED      =      492.0243
 VDWAALS =     -147.6438  EEL     =     -592.4624  HBOND      =        0.0000
 1-4 VDW =       76.1923  1-4 EEL =      481.2487  RESTRAINT  =        0.0000


   NSTEP       ENERGY          RMS            GMAX         NAME    NUMBER
   3500       4.9717E+02     7.5282E-02     6.1130E-01     O2         78

 BOND    =       11.2861  ANGLE   =      176.7370  DIHED      =      491.9939
 VDWAALS =     -147.7504  EEL     =     -592.5732  HBOND      =        0.0000
 1-4 VDW =       76.1867  1-4 EEL =      481.2900  RESTRAINT  =        0.0000


   NSTEP       ENERGY          RMS            GMAX         NAME    NUMBER
   3550       4.9688E+02     7.0752E-02     4.1026E-01     C8         68

 BOND    =       11.2985  ANGLE   =      176.6943  DIHED      =      491.9451
 VDWAALS =     -147.8656  EEL     =     -592.6824  HBOND      =        0.0000
 1-4 VDW =       76.1796  1-4 EEL =      481.3118  RESTRAINT  =        0.0000


   NSTEP       ENERGY          RMS            GMAX         NAME    NUMBER
   3600       4.9661E+02     5.9268E-02     4.2872E-01     C18        83

 BOND    =       11.3030  ANGLE   =      176.6909  DIHED      =      491.8978
 VDWAALS =     -147.9987  EEL     =     -592.7684  HBOND      =        0.0000
 1-4 VDW =       76.1518  1-4 EEL =      481.3375  RESTRAINT  =        0.0000


   NSTEP       ENERGY          RMS            GMAX         NAME    NUMBER
   3650       4.9634E+02     7.3464E-02     5.4940E-01     C11        72

 BOND    =       11.3120  ANGLE   =      176.6619  DIHED      =      491.8466
 VDWAALS =     -148.1186  EEL     =     -592.8536  HBOND      =        0.0000
 1-4 VDW =       76.1380  1-4 EEL =      481.3543  RESTRAINT  =        0.0000


   NSTEP       ENERGY          RMS            GMAX         NAME    NUMBER
   3700       4.9605E+02     5.5323E-02     4.1356E-01     C4         10

 BOND    =       11.3399  ANGLE   =      176.5759  DIHED      =      491.8089
 VDWAALS =     -148.2483  EEL     =     -592.9666  HBOND      =        0.0000
 1-4 VDW =       76.1403  1-4 EEL =      481.3954  RESTRAINT  =        0.0000


   NSTEP       ENERGY          RMS            GMAX         NAME    NUMBER
   3750       4.9577E+02     4.5863E-02     3.5714E-01     C14        21

 BOND    =       11.3487  ANGLE   =      176.5148  DIHED      =      491.7676
 VDWAALS =     -148.3686  EEL     =     -593.0527  HBOND      =        0.0000
 1-4 VDW =       76.1359  1-4 EEL =      481.4210  RESTRAINT  =        0.0000


   NSTEP       ENERGY          RMS            GMAX         NAME    NUMBER
   3800       4.9545E+02     7.0949E-02     7.2762E-01     C8         13

 BOND    =       11.3463  ANGLE   =      176.4713  DIHED      =      491.7224
 VDWAALS =     -148.5098  EEL     =     -593.1319  HBOND      =        0.0000
 1-4 VDW =       76.1231  1-4 EEL =      481.4311  RESTRAINT  =        0.0000


   NSTEP       ENERGY          RMS            GMAX         NAME    NUMBER
   3850       4.9517E+02     5.0495E-02     3.7368E-01     O1         75

 BOND    =       11.3648  ANGLE   =      176.4051  DIHED      =      491.6800
 VDWAALS =     -148.6375  EEL     =     -593.2098  HBOND      =        0.0000
 1-4 VDW =       76.1188  1-4 EEL =      481.4465  RESTRAINT  =        0.0000


   NSTEP       ENERGY          RMS            GMAX         NAME    NUMBER
   3900       4.9489E+02     5.1800E-02     3.1410E-01     C2        503

 BOND    =       11.3905  ANGLE   =      176.3468  DIHED      =      491.6392
 VDWAALS =     -148.7633  EEL     =     -593.2853  HBOND      =        0.0000
 1-4 VDW =       76.1078  1-4 EEL =      481.4551  RESTRAINT  =        0.0000


   NSTEP       ENERGY          RMS            GMAX         NAME    NUMBER
   3950       4.9460E+02     4.5219E-02     4.0225E-01     C4         10

 BOND    =       11.3637  ANGLE   =      176.2908  DIHED      =      491.5994
 VDWAALS =     -148.8940  EEL     =     -593.3638  HBOND      =        0.0000
 1-4 VDW =       76.1191  1-4 EEL =      481.4856  RESTRAINT  =        0.0000


   NSTEP       ENERGY          RMS            GMAX         NAME    NUMBER
   4000       4.9428E+02     6.4913E-02     4.2146E-01     C14        76

 BOND    =       11.3772  ANGLE   =      176.2161  DIHED      =      491.5499
 VDWAALS =     -149.0352  EEL     =     -593.4281  HBOND      =        0.0000
 1-4 VDW =       76.1137  1-4 EEL =      481.4866  RESTRAINT  =        0.0000


   NSTEP       ENERGY          RMS            GMAX         NAME    NUMBER
   4050       4.9391E+02     3.7127E-02     2.7135E-01     C20       142

 BOND    =       11.3800  ANGLE   =      176.1433  DIHED      =      491.4922
 VDWAALS =     -149.2012  EEL     =     -593.5020  HBOND      =        0.0000
 1-4 VDW =       76.1090  1-4 EEL =      481.4920  RESTRAINT  =        0.0000


   NSTEP       ENERGY          RMS            GMAX         NAME    NUMBER
   4100       4.9356E+02     3.2522E-02     3.5165E-01     C4         10

 BOND    =       11.3954  ANGLE   =      176.0764  DIHED      =      491.4346
 VDWAALS =     -149.3581  EEL     =     -593.5688  HBOND      =        0.0000
 1-4 VDW =       76.0980  1-4 EEL =      481.4798  RESTRAINT  =        0.0000


   NSTEP       ENERGY          RMS            GMAX         NAME    NUMBER
   4150       4.9313E+02     3.7093E-02     3.7676E-01     C         335

 BOND    =       11.3962  ANGLE   =      176.0107  DIHED      =      491.3638
 VDWAALS =     -149.5507  EEL     =     -593.6430  HBOND      =        0.0000
 1-4 VDW =       76.0932  1-4 EEL =      481.4645  RESTRAINT  =        0.0000


   NSTEP       ENERGY          RMS            GMAX         NAME    NUMBER
   4200       4.9273E+02     3.9958E-02     3.0643E-01     C20       142

 BOND    =       11.4091  ANGLE   =      175.9421  DIHED      =      491.3167
 VDWAALS =     -149.7417  EEL     =     -593.7224  HBOND      =        0.0000
 1-4 VDW =       76.0732  1-4 EEL =      481.4505  RESTRAINT  =        0.0000


   NSTEP       ENERGY          RMS            GMAX         NAME    NUMBER
   4250       4.9236E+02     3.4614E-02     2.0013E-01     C1          6

 BOND    =       11.3911  ANGLE   =      175.9050  DIHED      =      491.2716
 VDWAALS =     -149.9322  EEL     =     -593.7817  HBOND      =        0.0000
 1-4 VDW =       76.0778  1-4 EEL =      481.4260  RESTRAINT  =        0.0000


   NSTEP       ENERGY          RMS            GMAX         NAME    NUMBER
   4300       4.9193E+02     4.7303E-02     4.3160E-01     C4         10

 BOND    =       11.4175  ANGLE   =      175.8521  DIHED      =      491.2428
 VDWAALS =     -150.1420  EEL     =     -593.8720  HBOND      =        0.0000
 1-4 VDW =       76.0522  1-4 EEL =      481.3833  RESTRAINT  =        0.0000


   NSTEP       ENERGY          RMS            GMAX         NAME    NUMBER
   4350       4.9155E+02     5.3135E-02     6.7902E-01     C         335

 BOND    =       11.4193  ANGLE   =      175.7742  DIHED      =      491.2376
 VDWAALS =     -150.3678  EEL     =     -593.9209  HBOND      =        0.0000
 1-4 VDW =       76.0450  1-4 EEL =      481.3624  RESTRAINT  =        0.0000


   NSTEP       ENERGY          RMS            GMAX         NAME    NUMBER
   4400       4.9120E+02     5.8024E-02     4.0372E-01     C20       362

 BOND    =       11.3849  ANGLE   =      175.7544  DIHED      =      491.2224
 VDWAALS =     -150.5514  EEL     =     -593.9969  HBOND      =        0.0000
 1-4 VDW =       76.0380  1-4 EEL =      481.3462  RESTRAINT  =        0.0000


   NSTEP       ENERGY          RMS            GMAX         NAME    NUMBER
   4450       4.9092E+02     4.5631E-02     2.9140E-01     C4         65

 BOND    =       11.3918  ANGLE   =      175.7063  DIHED      =      491.2173
 VDWAALS =     -150.7225  EEL     =     -594.0186  HBOND      =        0.0000
 1-4 VDW =       76.0270  1-4 EEL =      481.3210  RESTRAINT  =        0.0000


   NSTEP       ENERGY          RMS            GMAX         NAME    NUMBER
   4500       4.9063E+02     4.6163E-02     2.9127E-01     C8         13

 BOND    =       11.4020  ANGLE   =      175.6876  DIHED      =      491.1957
 VDWAALS =     -150.8460  EEL     =     -594.0965  HBOND      =        0.0000
 1-4 VDW =       76.0093  1-4 EEL =      481.2816  RESTRAINT  =        0.0000


   NSTEP       ENERGY          RMS            GMAX         NAME    NUMBER
   4550       4.9032E+02     6.1995E-02     4.9906E-01     C4         65

 BOND    =       11.3812  ANGLE   =      175.5992  DIHED      =      491.1881
 VDWAALS =     -151.0695  EEL     =     -594.0733  HBOND      =        0.0000
 1-4 VDW =       76.0098  1-4 EEL =      481.2874  RESTRAINT  =        0.0000


   NSTEP       ENERGY          RMS            GMAX         NAME    NUMBER
   4600       4.9007E+02     5.0358E-02     3.6244E-01     C8         13

 BOND    =       11.3906  ANGLE   =      175.5827  DIHED      =      491.1309
 VDWAALS =     -151.1053  EEL     =     -594.2051  HBOND      =        0.0000
 1-4 VDW =       76.0079  1-4 EEL =      481.2636  RESTRAINT  =        0.0000


   NSTEP       ENERGY          RMS            GMAX         NAME    NUMBER
   4650       4.8990E+02     5.5252E-02     5.0252E-01     C         335

 BOND    =       11.3809  ANGLE   =      175.5124  DIHED      =      491.1138
 VDWAALS =     -151.2322  EEL     =     -594.1383  HBOND      =        0.0000
 1-4 VDW =       76.0052  1-4 EEL =      481.2598  RESTRAINT  =        0.0000


   NSTEP       ENERGY          RMS            GMAX         NAME    NUMBER
   4700       4.8974E+02     1.1225E-01     7.5865E-01     O2         78

 BOND    =       11.4306  ANGLE   =      175.4996  DIHED      =      491.0692
 VDWAALS =     -151.2874  EEL     =     -594.1599  HBOND      =        0.0000
 1-4 VDW =       75.9692  1-4 EEL =      481.2204  RESTRAINT  =        0.0000


   NSTEP       ENERGY          RMS            GMAX         NAME    NUMBER
   4750       4.8962E+02     1.2206E-01     1.3821E+00     C         335

 BOND    =       11.4603  ANGLE   =      175.4531  DIHED      =      491.0585
 VDWAALS =     -151.3207  EEL     =     -594.2230  HBOND      =        0.0000
 1-4 VDW =       75.9517  1-4 EEL =      481.2381  RESTRAINT  =        0.0000


   NSTEP       ENERGY          RMS            GMAX         NAME    NUMBER
   4800       4.8947E+02     1.2532E-01     7.1358E-01     N         125

 BOND    =       11.3972  ANGLE   =      175.5107  DIHED      =      491.0135
 VDWAALS =     -151.4343  EEL     =     -594.2662  HBOND      =        0.0000
 1-4 VDW =       75.9306  1-4 EEL =      481.3145  RESTRAINT  =        0.0000


   NSTEP       ENERGY          RMS            GMAX         NAME    NUMBER
   4850       4.8934E+02     8.2764E-02     6.1726E-01     C4         65

 BOND    =       11.3972  ANGLE   =      175.4771  DIHED      =      490.9800
 VDWAALS =     -151.4558  EEL     =     -594.3060  HBOND      =        0.0000
 1-4 VDW =       75.9489  1-4 EEL =      481.2955  RESTRAINT  =        0.0000


   NSTEP       ENERGY          RMS            GMAX         NAME    NUMBER
   4900       4.8923E+02     8.3736E-02     8.0748E-01     C4         10

 BOND    =       11.3693  ANGLE   =      175.4664  DIHED      =      490.9551
 VDWAALS =     -151.4916  EEL     =     -594.2680  HBOND      =        0.0000
 1-4 VDW =       75.9471  1-4 EEL =      481.2558  RESTRAINT  =        0.0000


   NSTEP       ENERGY          RMS            GMAX         NAME    NUMBER
   4950       4.8909E+02     1.3323E-01     1.0148E+00     C8         13

 BOND    =       11.4059  ANGLE   =      175.4589  DIHED      =      490.9153
 VDWAALS =     -151.5770  EEL     =     -594.2837  HBOND      =        0.0000
 1-4 VDW =       75.9271  1-4 EEL =      481.2453  RESTRAINT  =        0.0000


   NSTEP       ENERGY          RMS            GMAX         NAME    NUMBER
   5000       4.8898E+02     1.1207E-01     7.7221E-01     C20       142

 BOND    =       11.3790  ANGLE   =      175.4513  DIHED      =      490.8873
 VDWAALS =     -151.6067  EEL     =     -594.2981  HBOND      =        0.0000
 1-4 VDW =       75.9095  1-4 EEL =      481.2570  RESTRAINT  =        0.0000


   NSTEP       ENERGY          RMS            GMAX         NAME    NUMBER
   5050       4.8887E+02     6.0286E-02     3.7650E-01     C11        72

 BOND    =       11.3907  ANGLE   =      175.4655  DIHED      =      490.8647
 VDWAALS =     -151.6451  EEL     =     -594.3368  HBOND      =        0.0000
 1-4 VDW =       75.8926  1-4 EEL =      481.2384  RESTRAINT  =        0.0000


   NSTEP       ENERGY          RMS            GMAX         NAME    NUMBER
   5100       4.8875E+02     4.5992E-02     3.2420E-01     C         445

 BOND    =       11.3566  ANGLE   =      175.4735  DIHED      =      490.8314
 VDWAALS =     -151.7015  EEL     =     -594.3411  HBOND      =        0.0000
 1-4 VDW =       75.9068  1-4 EEL =      481.2274  RESTRAINT  =        0.0000


   NSTEP       ENERGY          RMS            GMAX         NAME    NUMBER
   5150       4.8865E+02     7.4424E-02     6.2834E-01     C20       362

 BOND    =       11.3724  ANGLE   =      175.4563  DIHED      =      490.8111
 VDWAALS =     -151.7337  EEL     =     -594.3763  HBOND      =        0.0000
 1-4 VDW =       75.9001  1-4 EEL =      481.2234  RESTRAINT  =        0.0000


   NSTEP       ENERGY          RMS            GMAX         NAME    NUMBER
   5200       4.8856E+02     4.0638E-02     2.8686E-01     C19        30

 BOND    =       11.3790  ANGLE   =      175.4393  DIHED      =      490.7938
 VDWAALS =     -151.7699  EEL     =     -594.3976  HBOND      =        0.0000
 1-4 VDW =       75.8930  1-4 EEL =      481.2176  RESTRAINT  =        0.0000


   NSTEP       ENERGY          RMS            GMAX         NAME    NUMBER
   5250       4.8846E+02     5.4873E-02     4.7505E-01     C20       362

 BOND    =       11.3778  ANGLE   =      175.4360  DIHED      =      490.7758
 VDWAALS =     -151.8043  EEL     =     -594.4274  HBOND      =        0.0000
 1-4 VDW =       75.8878  1-4 EEL =      481.2105  RESTRAINT  =        0.0000


   NSTEP       ENERGY          RMS            GMAX         NAME    NUMBER
   5300       4.8836E+02     5.3698E-02     3.9119E-01     C16       189

 BOND    =       11.3385  ANGLE   =      175.4455  DIHED      =      490.7646
 VDWAALS =     -151.8572  EEL     =     -594.4551  HBOND      =        0.0000
 1-4 VDW =       75.8963  1-4 EEL =      481.2247  RESTRAINT  =        0.0000


   NSTEP       ENERGY          RMS            GMAX         NAME    NUMBER
   5350       4.8826E+02     3.2199E-02     2.2291E-01     H29       222

 BOND    =       11.3586  ANGLE   =      175.4298  DIHED      =      490.7491
 VDWAALS =     -151.8887  EEL     =     -594.4852  HBOND      =        0.0000
 1-4 VDW =       75.8821  1-4 EEL =      481.2108  RESTRAINT  =        0.0000


   NSTEP       ENERGY          RMS            GMAX         NAME    NUMBER
   5400       4.8815E+02     8.6369E-02     6.0137E-01     N         510

 BOND    =       11.3139  ANGLE   =      175.4722  DIHED      =      490.7385
 VDWAALS =     -151.9596  EEL     =     -594.5311  HBOND      =        0.0000
 1-4 VDW =       75.8834  1-4 EEL =      481.2280  RESTRAINT  =        0.0000


   NSTEP       ENERGY          RMS            GMAX         NAME    NUMBER
   5450       4.8803E+02     6.2009E-02     5.2839E-01     O3        191

 BOND    =       11.3513  ANGLE   =      175.4560  DIHED      =      490.7182
 VDWAALS =     -151.9984  EEL     =     -594.5624  HBOND      =        0.0000
 1-4 VDW =       75.8707  1-4 EEL =      481.1975  RESTRAINT  =        0.0000


   NSTEP       ENERGY          RMS            GMAX         NAME    NUMBER
   5500       4.8793E+02     1.0278E-01     8.4825E-01     N         125

 BOND    =       11.3652  ANGLE   =      175.4210  DIHED      =      490.7163
 VDWAALS =     -152.0299  EEL     =     -594.6080  HBOND      =        0.0000
 1-4 VDW =       75.8679  1-4 EEL =      481.1944  RESTRAINT  =        0.0000


   NSTEP       ENERGY          RMS            GMAX         NAME    NUMBER
   5550       4.8783E+02     6.3712E-02     6.7295E-01     C20       362

 BOND    =       11.3532  ANGLE   =      175.4422  DIHED      =      490.7034
 VDWAALS =     -152.0795  EEL     =     -594.6446  HBOND      =        0.0000
 1-4 VDW =       75.8613  1-4 EEL =      481.1898  RESTRAINT  =        0.0000


   NSTEP       ENERGY          RMS            GMAX         NAME    NUMBER
   5600       4.8772E+02     4.1916E-02     3.4008E-01     C20       362

 BOND    =       11.3579  ANGLE   =      175.4241  DIHED      =      490.7026
 VDWAALS =     -152.1231  EEL     =     -594.6761  HBOND      =        0.0000
 1-4 VDW =       75.8595  1-4 EEL =      481.1799  RESTRAINT  =        0.0000


   NSTEP       ENERGY          RMS            GMAX         NAME    NUMBER
   5650       4.8762E+02     7.0738E-02     4.8095E-01     C8         13

 BOND    =       11.3753  ANGLE   =      175.4342  DIHED      =      490.6905
 VDWAALS =     -152.1692  EEL     =     -594.7246  HBOND      =        0.0000
 1-4 VDW =       75.8471  1-4 EEL =      481.1635  RESTRAINT  =        0.0000


   NSTEP       ENERGY          RMS            GMAX         NAME    NUMBER
   5700       4.8751E+02     4.4267E-02     2.4692E-01     O1        185

 BOND    =       11.3717  ANGLE   =      175.4197  DIHED      =      490.6898
 VDWAALS =     -152.2168  EEL     =     -594.7651  HBOND      =        0.0000
 1-4 VDW =       75.8467  1-4 EEL =      481.1629  RESTRAINT  =        0.0000


   NSTEP       ENERGY          RMS            GMAX         NAME    NUMBER
   5750       4.8739E+02     4.1151E-02     2.5042E-01     C11       512

 BOND    =       11.3645  ANGLE   =      175.4200  DIHED      =      490.6864
 VDWAALS =     -152.2709  EEL     =     -594.8193  HBOND      =        0.0000
 1-4 VDW =       75.8450  1-4 EEL =      481.1614  RESTRAINT  =        0.0000


   NSTEP       ENERGY          RMS            GMAX         NAME    NUMBER
   5800       4.8727E+02     4.5109E-02     3.0549E-01     CC          1

 BOND    =       11.3677  ANGLE   =      175.4156  DIHED      =      490.6828
 VDWAALS =     -152.3247  EEL     =     -594.8739  HBOND      =        0.0000
 1-4 VDW =       75.8425  1-4 EEL =      481.1565  RESTRAINT  =        0.0000


   NSTEP       ENERGY          RMS            GMAX         NAME    NUMBER
   5850       4.8714E+02     4.6810E-02     5.5385E-01     C         335

 BOND    =       11.3453  ANGLE   =      175.4279  DIHED      =      490.6862
 VDWAALS =     -152.3879  EEL     =     -594.9411  HBOND      =        0.0000
 1-4 VDW =       75.8453  1-4 EEL =      481.1644  RESTRAINT  =        0.0000


   NSTEP       ENERGY          RMS            GMAX         NAME    NUMBER
   5900       4.8702E+02     3.5566E-02     2.4864E-01     C         335

 BOND    =       11.3385  ANGLE   =      175.4270  DIHED      =      490.6856
 VDWAALS =     -152.4423  EEL     =     -594.9923  HBOND      =        0.0000
 1-4 VDW =       75.8449  1-4 EEL =      481.1613  RESTRAINT  =        0.0000


   NSTEP       ENERGY          RMS            GMAX         NAME    NUMBER
   5950       4.8689E+02     1.0406E-01     1.0723E+00     C11       512

 BOND    =       11.3513  ANGLE   =      175.4548  DIHED      =      490.6751
 VDWAALS =     -152.4998  EEL     =     -595.0613  HBOND      =        0.0000
 1-4 VDW =       75.8394  1-4 EEL =      481.1339  RESTRAINT  =        0.0000


   NSTEP       ENERGY          RMS            GMAX         NAME    NUMBER
   6000       4.8678E+02     1.2970E-01     1.1348E+00     N         510

 BOND    =       11.3883  ANGLE   =      175.4735  DIHED      =      490.6701
 VDWAALS =     -152.5852  EEL     =     -595.1364  HBOND      =        0.0000
 1-4 VDW =       75.8353  1-4 EEL =      481.1311  RESTRAINT  =        0.0000


   NSTEP       ENERGY          RMS            GMAX         NAME    NUMBER
   6050       4.8667E+02     4.4413E-02     7.0238E-01     C         335

 BOND    =       11.3661  ANGLE   =      175.4407  DIHED      =      490.6859
 VDWAALS =     -152.6353  EEL     =     -595.1749  HBOND      =        0.0000
 1-4 VDW =       75.8292  1-4 EEL =      481.1561  RESTRAINT  =        0.0000


   NSTEP       ENERGY          RMS            GMAX         NAME    NUMBER
   6100       4.8656E+02     7.9230E-02     8.9926E-01     C         335

 BOND    =       11.3629  ANGLE   =      175.5024  DIHED      =      490.6734
 VDWAALS =     -152.6920  EEL     =     -595.2557  HBOND      =        0.0000
 1-4 VDW =       75.8229  1-4 EEL =      481.1497  RESTRAINT  =        0.0000


   NSTEP       ENERGY          RMS            GMAX         NAME    NUMBER
   6150       4.8647E+02     5.9703E-02     7.5142E-01     C         335

 BOND    =       11.3507  ANGLE   =      175.4873  DIHED      =      490.6849
 VDWAALS =     -152.7473  EEL     =     -595.2851  HBOND      =        0.0000
 1-4 VDW =       75.8272  1-4 EEL =      481.1482  RESTRAINT  =        0.0000


   NSTEP       ENERGY          RMS            GMAX         NAME    NUMBER
   6200       4.8637E+02     6.3336E-02     7.5825E-01     C         335

 BOND    =       11.3333  ANGLE   =      175.5164  DIHED      =      490.6922
 VDWAALS =     -152.8158  EEL     =     -595.3292  HBOND      =        0.0000
 1-4 VDW =       75.8251  1-4 EEL =      481.1467  RESTRAINT  =        0.0000


   NSTEP       ENERGY          RMS            GMAX         NAME    NUMBER
   6250       4.8628E+02     5.1811E-02     8.0438E-01     C         335

 BOND    =       11.3400  ANGLE   =      175.5149  DIHED      =      490.6873
 VDWAALS =     -152.8577  EEL     =     -595.3762  HBOND      =        0.0000
 1-4 VDW =       75.8264  1-4 EEL =      481.1475  RESTRAINT  =        0.0000


   NSTEP       ENERGY          RMS            GMAX         NAME    NUMBER
   6300       4.8619E+02     4.1181E-02     3.0534E-01     C         335

 BOND    =       11.3405  ANGLE   =      175.5174  DIHED      =      490.6879
 VDWAALS =     -152.9112  EEL     =     -595.4199  HBOND      =        0.0000
 1-4 VDW =       75.8289  1-4 EEL =      481.1468  RESTRAINT  =        0.0000


   NSTEP       ENERGY          RMS            GMAX         NAME    NUMBER
   6350       4.8610E+02     3.9217E-02     2.7495E-01     H29       222

 BOND    =       11.3432  ANGLE   =      175.5218  DIHED      =      490.6912
 VDWAALS =     -152.9640  EEL     =     -595.4602  HBOND      =        0.0000
 1-4 VDW =       75.8277  1-4 EEL =      481.1424  RESTRAINT  =        0.0000


   NSTEP       ENERGY          RMS            GMAX         NAME    NUMBER
   6400       4.8601E+02     4.7412E-02     4.5057E-01     C20       142

 BOND    =       11.3422  ANGLE   =      175.5294  DIHED      =      490.6920
 VDWAALS =     -153.0176  EEL     =     -595.5009  HBOND      =        0.0000
 1-4 VDW =       75.8258  1-4 EEL =      481.1422  RESTRAINT  =        0.0000


   NSTEP       ENERGY          RMS            GMAX         NAME    NUMBER
   6450       4.8593E+02     3.5837E-02     2.3461E-01     C20       142

 BOND    =       11.3451  ANGLE   =      175.5251  DIHED      =      490.6936
 VDWAALS =     -153.0650  EEL     =     -595.5281  HBOND      =        0.0000
 1-4 VDW =       75.8232  1-4 EEL =      481.1375  RESTRAINT  =        0.0000


   NSTEP       ENERGY          RMS            GMAX         NAME    NUMBER
   6500       4.8584E+02     5.5509E-02     5.9728E-01     C20       142

 BOND    =       11.3485  ANGLE   =      175.5334  DIHED      =      490.6953
 VDWAALS =     -153.1222  EEL     =     -595.5681  HBOND      =        0.0000
 1-4 VDW =       75.8221  1-4 EEL =      481.1345  RESTRAINT  =        0.0000


   NSTEP       ENERGY          RMS            GMAX         NAME    NUMBER
   6550       4.8575E+02     8.0222E-02     7.5597E-01     C         335

 BOND    =       11.3437  ANGLE   =      175.5282  DIHED      =      490.7007
 VDWAALS =     -153.1883  EEL     =     -595.5953  HBOND      =        0.0000
 1-4 VDW =       75.8210  1-4 EEL =      481.1392  RESTRAINT  =        0.0000


   NSTEP       ENERGY          RMS            GMAX         NAME    NUMBER
   6600       4.8563E+02     1.0631E-01     7.7312E-01     C15       352

 BOND    =       11.3323  ANGLE   =      175.5970  DIHED      =      490.6949
 VDWAALS =     -153.2916  EEL     =     -595.6500  HBOND      =        0.0000
 1-4 VDW =       75.8242  1-4 EEL =      481.1270  RESTRAINT  =        0.0000


   NSTEP       ENERGY          RMS            GMAX         NAME    NUMBER
   6650       4.8554E+02     5.6847E-02     9.5505E-01     C         335

 BOND    =       11.3364  ANGLE   =      175.5613  DIHED      =      490.7028
 VDWAALS =     -153.3339  EEL     =     -595.6720  HBOND      =        0.0000
 1-4 VDW =       75.8173  1-4 EEL =      481.1280  RESTRAINT  =        0.0000


   NSTEP       ENERGY          RMS            GMAX         NAME    NUMBER
   6700       4.8544E+02     3.8358E-02     2.4957E-01     C         335

 BOND    =       11.3355  ANGLE   =      175.5685  DIHED      =      490.7006
 VDWAALS =     -153.4012  EEL     =     -595.7065  HBOND      =        0.0000
 1-4 VDW =       75.8175  1-4 EEL =      481.1267  RESTRAINT  =        0.0000


   NSTEP       ENERGY          RMS            GMAX         NAME    NUMBER
   6750       4.8535E+02     8.7464E-02     1.4449E+00     C20       142

 BOND    =       11.3303  ANGLE   =      175.5808  DIHED      =      490.7012
 VDWAALS =     -153.4579  EEL     =     -595.7414  HBOND      =        0.0000
 1-4 VDW =       75.8121  1-4 EEL =      481.1238  RESTRAINT  =        0.0000


   NSTEP       ENERGY          RMS            GMAX         NAME    NUMBER
   6800       4.8526E+02     7.4404E-02     9.5183E-01     C20       142

 BOND    =       11.3393  ANGLE   =      175.5762  DIHED      =      490.7053
 VDWAALS =     -153.5249  EEL     =     -595.7640  HBOND      =        0.0000
 1-4 VDW =       75.8084  1-4 EEL =      481.1165  RESTRAINT  =        0.0000


   NSTEP       ENERGY          RMS            GMAX         NAME    NUMBER
   6850       4.8517E+02     4.7143E-02     5.8925E-01     C20       142

 BOND    =       11.3334  ANGLE   =      175.5871  DIHED      =      490.7038
 VDWAALS =     -153.5887  EEL     =     -595.7930  HBOND      =        0.0000
 1-4 VDW =       75.8135  1-4 EEL =      481.1149  RESTRAINT  =        0.0000


   NSTEP       ENERGY          RMS            GMAX         NAME    NUMBER
   6900       4.8508E+02     4.2289E-02     3.3697E-01     O4        192

 BOND    =       11.3293  ANGLE   =      175.5955  DIHED      =      490.7058
 VDWAALS =     -153.6536  EEL     =     -595.8252  HBOND      =        0.0000
 1-4 VDW =       75.8125  1-4 EEL =      481.1150  RESTRAINT  =        0.0000


   NSTEP       ENERGY          RMS            GMAX         NAME    NUMBER
   6950       4.8499E+02     5.3648E-02     5.2375E-01     CC          1

 BOND    =       11.3241  ANGLE   =      175.5970  DIHED      =      490.7093
 VDWAALS =     -153.7188  EEL     =     -595.8477  HBOND      =        0.0000
 1-4 VDW =       75.8171  1-4 EEL =      481.1123  RESTRAINT  =        0.0000


   NSTEP       ENERGY          RMS            GMAX         NAME    NUMBER
   7000       4.8492E+02     5.1539E-02     5.3241E-01     C16       354

 BOND    =       11.3381  ANGLE   =      175.6061  DIHED      =      490.7224
 VDWAALS =     -153.7799  EEL     =     -595.8676  HBOND      =        0.0000
 1-4 VDW =       75.8065  1-4 EEL =      481.0903  RESTRAINT  =        0.0000


   NSTEP       ENERGY          RMS            GMAX         NAME    NUMBER
   7050       4.8482E+02     3.5192E-02     5.1056E-01     C         335

 BOND    =       11.3277  ANGLE   =      175.5952  DIHED      =      490.7249
 VDWAALS =     -153.8375  EEL     =     -595.8893  HBOND      =        0.0000
 1-4 VDW =       75.8092  1-4 EEL =      481.0929  RESTRAINT  =        0.0000


   NSTEP       ENERGY          RMS            GMAX         NAME    NUMBER
   7100       4.8472E+02     3.4977E-02     3.3751E-01     C         335

 BOND    =       11.3279  ANGLE   =      175.5942  DIHED      =      490.7287
 VDWAALS =     -153.9131  EEL     =     -595.9194  HBOND      =        0.0000
 1-4 VDW =       75.8094  1-4 EEL =      481.0934  RESTRAINT  =        0.0000


   NSTEP       ENERGY          RMS            GMAX         NAME    NUMBER
   7150       4.8463E+02     3.9754E-02     3.5061E-01     C         335

 BOND    =       11.3260  ANGLE   =      175.6016  DIHED      =      490.7352
 VDWAALS =     -153.9799  EEL     =     -595.9350  HBOND      =        0.0000
 1-4 VDW =       75.8081  1-4 EEL =      481.0756  RESTRAINT  =        0.0000


   NSTEP       ENERGY          RMS            GMAX         NAME    NUMBER
   7200       4.8456E+02     8.0591E-02     1.1885E+00     C         335

 BOND    =       11.3270  ANGLE   =      175.6051  DIHED      =      490.7375
 VDWAALS =     -154.0304  EEL     =     -595.9620  HBOND      =        0.0000
 1-4 VDW =       75.8011  1-4 EEL =      481.0819  RESTRAINT  =        0.0000


   NSTEP       ENERGY          RMS            GMAX         NAME    NUMBER
   7250       4.8448E+02     6.6854E-02     4.9647E-01     C4        505

 BOND    =       11.3152  ANGLE   =      175.6013  DIHED      =      490.7408
 VDWAALS =     -154.0847  EEL     =     -595.9718  HBOND      =        0.0000
 1-4 VDW =       75.8056  1-4 EEL =      481.0763  RESTRAINT  =        0.0000


   NSTEP       ENERGY          RMS            GMAX         NAME    NUMBER
   7300       4.8440E+02     3.8094E-02     3.1116E-01     H12        40

 BOND    =       11.3201  ANGLE   =      175.6104  DIHED      =      490.7503
 VDWAALS =     -154.1505  EEL     =     -596.0155  HBOND      =        0.0000
 1-4 VDW =       75.8089  1-4 EEL =      481.0768  RESTRAINT  =        0.0000


   NSTEP       ENERGY          RMS            GMAX         NAME    NUMBER
   7350       4.8430E+02     2.6697E-02     1.9383E-01     H22       380

 BOND    =       11.3191  ANGLE   =      175.6125  DIHED      =      490.7529
 VDWAALS =     -154.2295  EEL     =     -596.0336  HBOND      =        0.0000
 1-4 VDW =       75.8143  1-4 EEL =      481.0648  RESTRAINT  =        0.0000


   NSTEP       ENERGY          RMS            GMAX         NAME    NUMBER
   7400       4.8421E+02     2.3522E-02     2.0162E-01     O2        353

 BOND    =       11.3081  ANGLE   =      175.6125  DIHED      =      490.7613
 VDWAALS =     -154.2987  EEL     =     -596.0448  HBOND      =        0.0000
 1-4 VDW =       75.8177  1-4 EEL =      481.0566  RESTRAINT  =        0.0000


   NSTEP       ENERGY          RMS            GMAX         NAME    NUMBER
   7450       4.8411E+02     3.4856E-02     2.2891E-01     C17       355

 BOND    =       11.3098  ANGLE   =      175.6031  DIHED      =      490.7726
 VDWAALS =     -154.3706  EEL     =     -596.0619  HBOND      =        0.0000
 1-4 VDW =       75.8086  1-4 EEL =      481.0521  RESTRAINT  =        0.0000


   NSTEP       ENERGY          RMS            GMAX         NAME    NUMBER
   7500       4.8405E+02     4.9168E-02     4.0805E-01     C15       352

 BOND    =       11.3068  ANGLE   =      175.5949  DIHED      =      490.7768
 VDWAALS =     -154.4122  EEL     =     -596.0766  HBOND      =        0.0000
 1-4 VDW =       75.8140  1-4 EEL =      481.0485  RESTRAINT  =        0.0000


   NSTEP       ENERGY          RMS            GMAX         NAME    NUMBER
   7550       4.8398E+02     4.7035E-02     3.8372E-01     C15       352

 BOND    =       11.2989  ANGLE   =      175.5943  DIHED      =      490.7821
 VDWAALS =     -154.4616  EEL     =     -596.0945  HBOND      =        0.0000
 1-4 VDW =       75.8181  1-4 EEL =      481.0439  RESTRAINT  =        0.0000


   NSTEP       ENERGY          RMS            GMAX         NAME    NUMBER
   7600       4.8391E+02     6.2273E-02     7.8762E-01     C20       362

 BOND    =       11.3082  ANGLE   =      175.5812  DIHED      =      490.7939
 VDWAALS =     -154.5110  EEL     =     -596.1050  HBOND      =        0.0000
 1-4 VDW =       75.8156  1-4 EEL =      481.0319  RESTRAINT  =        0.0000


   NSTEP       ENERGY          RMS            GMAX         NAME    NUMBER
   7650       4.8385E+02     3.1175E-02     2.5109E-01     C16       354

 BOND    =       11.2977  ANGLE   =      175.5771  DIHED      =      490.7980
 VDWAALS =     -154.5650  EEL     =     -596.1096  HBOND      =        0.0000
 1-4 VDW =       75.8238  1-4 EEL =      481.0239  RESTRAINT  =        0.0000


   NSTEP       ENERGY          RMS            GMAX         NAME    NUMBER
   7700       4.8378E+02     4.3215E-02     5.7654E-01     C20       362

 BOND    =       11.2978  ANGLE   =      175.5685  DIHED      =      490.8108
 VDWAALS =     -154.6129  EEL     =     -596.1208  HBOND      =        0.0000
 1-4 VDW =       75.8219  1-4 EEL =      481.0114  RESTRAINT  =        0.0000


   NSTEP       ENERGY          RMS            GMAX         NAME    NUMBER
   7750       4.8369E+02     3.2238E-02     4.4284E-01     C20       362

 BOND    =       11.2931  ANGLE   =      175.5607  DIHED      =      490.8194
 VDWAALS =     -154.6729  EEL     =     -596.1362  HBOND      =        0.0000
 1-4 VDW =       75.8248  1-4 EEL =      481.0056  RESTRAINT  =        0.0000


   NSTEP       ENERGY          RMS            GMAX         NAME    NUMBER
   7800       4.8362E+02     4.4170E-02     4.0271E-01     C15       352

 BOND    =       11.2813  ANGLE   =      175.5487  DIHED      =      490.8289
 VDWAALS =     -154.7249  EEL     =     -596.1511  HBOND      =        0.0000
 1-4 VDW =       75.8344  1-4 EEL =      481.0012  RESTRAINT  =        0.0000


   NSTEP       ENERGY          RMS            GMAX         NAME    NUMBER
   7850       4.8354E+02     5.6049E-02     7.2608E-01     C         335

 BOND    =       11.2730  ANGLE   =      175.5503  DIHED      =      490.8415
 VDWAALS =     -154.7904  EEL     =     -596.1606  HBOND      =        0.0000
 1-4 VDW =       75.8411  1-4 EEL =      480.9865  RESTRAINT  =        0.0000


   NSTEP       ENERGY          RMS            GMAX         NAME    NUMBER
   7900       4.8348E+02     6.3586E-02     4.1422E-01     C16       354

 BOND    =       11.2901  ANGLE   =      175.5436  DIHED      =      490.8570
 VDWAALS =     -154.8556  EEL     =     -596.1758  HBOND      =        0.0000
 1-4 VDW =       75.8227  1-4 EEL =      480.9947  RESTRAINT  =        0.0000


   NSTEP       ENERGY          RMS            GMAX         NAME    NUMBER
   7950       4.8342E+02     7.5164E-02     9.0807E-01     C20       142

 BOND    =       11.2786  ANGLE   =      175.5358  DIHED      =      490.8656
 VDWAALS =     -154.8961  EEL     =     -596.1849  HBOND      =        0.0000
 1-4 VDW =       75.8278  1-4 EEL =      480.9889  RESTRAINT  =        0.0000


   NSTEP       ENERGY          RMS            GMAX         NAME    NUMBER
   8000       4.8336E+02     6.4873E-02     5.5840E-01     C19       360

 BOND    =       11.2608  ANGLE   =      175.5377  DIHED      =      490.8722
 VDWAALS =     -154.9278  EEL     =     -596.2011  HBOND      =        0.0000
 1-4 VDW =       75.8338  1-4 EEL =      480.9831  RESTRAINT  =        0.0000


   NSTEP       ENERGY          RMS            GMAX         NAME    NUMBER
   8050       4.8330E+02     4.5703E-02     6.4177E-01     C4         10

 BOND    =       11.2726  ANGLE   =      175.5363  DIHED      =      490.8849
 VDWAALS =     -154.9752  EEL     =     -596.2335  HBOND      =        0.0000
 1-4 VDW =       75.8317  1-4 EEL =      480.9828  RESTRAINT  =        0.0000


   NSTEP       ENERGY          RMS            GMAX         NAME    NUMBER
   8100       4.8324E+02     9.1045E-02     1.6006E+00     C         335

 BOND    =       11.2537  ANGLE   =      175.5502  DIHED      =      490.8929
 VDWAALS =     -155.0140  EEL     =     -596.2487  HBOND      =        0.0000
 1-4 VDW =       75.8317  1-4 EEL =      480.9783  RESTRAINT  =        0.0000


   NSTEP       ENERGY          RMS            GMAX         NAME    NUMBER
   8150       4.8319E+02     1.1828E-01     2.4336E+00     C         335

 BOND    =       11.2786  ANGLE   =      175.5215  DIHED      =      490.9078
 VDWAALS =     -155.0515  EEL     =     -596.2673  HBOND      =        0.0000
 1-4 VDW =       75.8385  1-4 EEL =      480.9593  RESTRAINT  =        0.0000


   NSTEP       ENERGY          RMS            GMAX         NAME    NUMBER
   8200       4.8313E+02     5.8666E-02     8.8937E-01     C         335

 BOND    =       11.2575  ANGLE   =      175.5322  DIHED      =      490.9088
 VDWAALS =     -155.0865  EEL     =     -596.2849  HBOND      =        0.0000
 1-4 VDW =       75.8453  1-4 EEL =      480.9618  RESTRAINT  =        0.0000


   NSTEP       ENERGY          RMS            GMAX         NAME    NUMBER
   8250       4.8309E+02     8.5713E-02     9.1117E-01     C20       362

 BOND    =       11.2657  ANGLE   =      175.5059  DIHED      =      490.9351
 VDWAALS =     -155.1304  EEL     =     -596.2969  HBOND      =        0.0000
 1-4 VDW =       75.8529  1-4 EEL =      480.9537  RESTRAINT  =        0.0000


   NSTEP       ENERGY          RMS            GMAX         NAME    NUMBER
   8300       4.8303E+02     6.0138E-02     4.9439E-01     CC          1

 BOND    =       11.2749  ANGLE   =      175.5162  DIHED      =      490.9247
 VDWAALS =     -155.1629  EEL     =     -596.3287  HBOND      =        0.0000
 1-4 VDW =       75.8510  1-4 EEL =      480.9574  RESTRAINT  =        0.0000


   NSTEP       ENERGY          RMS            GMAX         NAME    NUMBER
   8350       4.8298E+02     2.5437E-02     1.7559E-01     C4         10

 BOND    =       11.2602  ANGLE   =      175.5030  DIHED      =      490.9427
 VDWAALS =     -155.1934  EEL     =     -596.3333  HBOND      =        0.0000
 1-4 VDW =       75.8576  1-4 EEL =      480.9477  RESTRAINT  =        0.0000


   NSTEP       ENERGY          RMS            GMAX         NAME    NUMBER
   8400       4.8293E+02     2.0569E-02     1.9076E-01     C4         10

 BOND    =       11.2577  ANGLE   =      175.4915  DIHED      =      490.9551
 VDWAALS =     -155.2302  EEL     =     -596.3504  HBOND      =        0.0000
 1-4 VDW =       75.8610  1-4 EEL =      480.9445  RESTRAINT  =        0.0000


   NSTEP       ENERGY          RMS            GMAX         NAME    NUMBER
   8450       4.8288E+02     2.3460E-02     1.5102E-01     C8        453

 BOND    =       11.2580  ANGLE   =      175.4782  DIHED      =      490.9657
 VDWAALS =     -155.2609  EEL     =     -596.3647  HBOND      =        0.0000
 1-4 VDW =       75.8635  1-4 EEL =      480.9409  RESTRAINT  =        0.0000


   NSTEP       ENERGY          RMS            GMAX         NAME    NUMBER
   8500       4.8283E+02     7.4294E-02     9.6406E-01     C20       142

 BOND    =       11.2544  ANGLE   =      175.4747  DIHED      =      490.9766
 VDWAALS =     -155.2968  EEL     =     -596.3826  HBOND      =        0.0000
 1-4 VDW =       75.8676  1-4 EEL =      480.9351  RESTRAINT  =        0.0000


   NSTEP       ENERGY          RMS            GMAX         NAME    NUMBER
   8550       4.8278E+02     2.3236E-02     1.7633E-01     C4        505

 BOND    =       11.2486  ANGLE   =      175.4715  DIHED      =      490.9860
 VDWAALS =     -155.3299  EEL     =     -596.4012  HBOND      =        0.0000
 1-4 VDW =       75.8722  1-4 EEL =      480.9342  RESTRAINT  =        0.0000


   NSTEP       ENERGY          RMS            GMAX         NAME    NUMBER
   8600       4.8270E+02     2.1902E-02     1.6449E-01     C12       128

 BOND    =       11.2551  ANGLE   =      175.4519  DIHED      =      491.0011
 VDWAALS =     -155.3796  EEL     =     -596.4267  HBOND      =        0.0000
 1-4 VDW =       75.8730  1-4 EEL =      480.9242  RESTRAINT  =        0.0000


   NSTEP       ENERGY          RMS            GMAX         NAME    NUMBER
   8650       4.8259E+02     3.6674E-02     4.7536E-01     C8        453

 BOND    =       11.2527  ANGLE   =      175.4415  DIHED      =      491.0212
 VDWAALS =     -155.4583  EEL     =     -596.4663  HBOND      =        0.0000
 1-4 VDW =       75.8783  1-4 EEL =      480.9179  RESTRAINT  =        0.0000


   NSTEP       ENERGY          RMS            GMAX         NAME    NUMBER
   8700       4.8253E+02     3.2807E-02     3.0677E-01     C20       142

 BOND    =       11.2466  ANGLE   =      175.4355  DIHED      =      491.0312
 VDWAALS =     -155.4941  EEL     =     -596.4828  HBOND      =        0.0000
 1-4 VDW =       75.8834  1-4 EEL =      480.9147  RESTRAINT  =        0.0000


   NSTEP       ENERGY          RMS            GMAX         NAME    NUMBER
   8750       4.8248E+02     6.7692E-02     6.6042E-01     C17       355

 BOND    =       11.2204  ANGLE   =      175.4343  DIHED      =      491.0398
 VDWAALS =     -155.5227  EEL     =     -596.4865  HBOND      =        0.0000
 1-4 VDW =       75.8866  1-4 EEL =      480.9100  RESTRAINT  =        0.0000


   NSTEP       ENERGY          RMS            GMAX         NAME    NUMBER
   8800       4.8242E+02     3.3332E-02     2.8812E-01     C18       358

 BOND    =       11.2288  ANGLE   =      175.4234  DIHED      =      491.0493
 VDWAALS =     -155.5677  EEL     =     -596.5144  HBOND      =        0.0000
 1-4 VDW =       75.8938  1-4 EEL =      480.9102  RESTRAINT  =        0.0000


   NSTEP       ENERGY          RMS            GMAX         NAME    NUMBER
   8850       4.8236E+02     5.7061E-02     5.6116E-01     C4        120

 BOND    =       11.2579  ANGLE   =      175.4024  DIHED      =      491.0555
 VDWAALS =     -155.5984  EEL     =     -596.5357  HBOND      =        0.0000
 1-4 VDW =       75.8895  1-4 EEL =      480.8894  RESTRAINT  =        0.0000


   NSTEP       ENERGY          RMS            GMAX         NAME    NUMBER
   8900       4.8231E+02     2.2648E-02     1.3046E-01     CC          1

 BOND    =       11.2363  ANGLE   =      175.4001  DIHED      =      491.0665
 VDWAALS =     -155.6348  EEL     =     -596.5495  HBOND      =        0.0000
 1-4 VDW =       75.8919  1-4 EEL =      480.8969  RESTRAINT  =        0.0000


   NSTEP       ENERGY          RMS            GMAX         NAME    NUMBER
   8950       4.8224E+02     6.9016E-02     9.2455E-01     C         335

 BOND    =       11.2412  ANGLE   =      175.3720  DIHED      =      491.0734
 VDWAALS =     -155.6641  EEL     =     -596.5788  HBOND      =        0.0000
 1-4 VDW =       75.8990  1-4 EEL =      480.9006  RESTRAINT  =        0.0000


   NSTEP       ENERGY          RMS            GMAX         NAME    NUMBER
   9000       4.8220E+02     5.7370E-02     7.2438E-01     C         335

 BOND    =       11.2379  ANGLE   =      175.3893  DIHED      =      491.0779
 VDWAALS =     -155.6953  EEL     =     -596.5841  HBOND      =        0.0000
 1-4 VDW =       75.8901  1-4 EEL =      480.8856  RESTRAINT  =        0.0000


   NSTEP       ENERGY          RMS            GMAX         NAME    NUMBER
   9050       4.8216E+02     3.1402E-02     1.8135E-01     H20        48

 BOND    =       11.2361  ANGLE   =      175.3813  DIHED      =      491.0836
 VDWAALS =     -155.7297  EEL     =     -596.5925  HBOND      =        0.0000
 1-4 VDW =       75.8955  1-4 EEL =      480.8859  RESTRAINT  =        0.0000


   NSTEP       ENERGY          RMS            GMAX         NAME    NUMBER
   9100       4.8212E+02     4.9831E-02     4.0921E-01     C8        453

 BOND    =       11.2289  ANGLE   =      175.3886  DIHED      =      491.0890
 VDWAALS =     -155.7617  EEL     =     -596.6059  HBOND      =        0.0000
 1-4 VDW =       75.8969  1-4 EEL =      480.8823  RESTRAINT  =        0.0000


   NSTEP       ENERGY          RMS            GMAX         NAME    NUMBER
   9150       4.8208E+02     3.5889E-02     1.9688E-01     C1          6

 BOND    =       11.2268  ANGLE   =      175.3732  DIHED      =      491.0937
 VDWAALS =     -155.7884  EEL     =     -596.6161  HBOND      =        0.0000
 1-4 VDW =       75.9011  1-4 EEL =      480.8850  RESTRAINT  =        0.0000


   NSTEP       ENERGY          RMS            GMAX         NAME    NUMBER
   9200       4.8203E+02     3.3120E-02     2.7558E-01     C         335

 BOND    =       11.2273  ANGLE   =      175.3673  DIHED      =      491.0986
 VDWAALS =     -155.8182  EEL     =     -596.6288  HBOND      =        0.0000
 1-4 VDW =       75.9011  1-4 EEL =      480.8806  RESTRAINT  =        0.0000


   NSTEP       ENERGY          RMS            GMAX         NAME    NUMBER
   9250       4.8198E+02     2.3613E-02     2.0146E-01     C         335

 BOND    =       11.2185  ANGLE   =      175.3659  DIHED      =      491.1038
 VDWAALS =     -155.8503  EEL     =     -596.6413  HBOND      =        0.0000
 1-4 VDW =       75.9043  1-4 EEL =      480.8781  RESTRAINT  =        0.0000


   NSTEP       ENERGY          RMS            GMAX         NAME    NUMBER
   9300       4.8194E+02     3.0339E-02     2.1735E-01     C         335

 BOND    =       11.2433  ANGLE   =      175.3539  DIHED      =      491.0998
 VDWAALS =     -155.8702  EEL     =     -596.6556  HBOND      =        0.0000
 1-4 VDW =       75.8985  1-4 EEL =      480.8670  RESTRAINT  =        0.0000


   NSTEP       ENERGY          RMS            GMAX         NAME    NUMBER
   9350       4.8190E+02     4.8673E-02     4.5305E-01     C         335

 BOND    =       11.2317  ANGLE   =      175.3399  DIHED      =      491.1098
 VDWAALS =     -155.8962  EEL     =     -596.6665  HBOND      =        0.0000
 1-4 VDW =       75.9011  1-4 EEL =      480.8757  RESTRAINT  =        0.0000


   NSTEP       ENERGY          RMS            GMAX         NAME    NUMBER
   9400       4.8186E+02     8.0530E-02     1.3881E+00     C         335

 BOND    =       11.2370  ANGLE   =      175.3467  DIHED      =      491.1084
 VDWAALS =     -155.9237  EEL     =     -596.6846  HBOND      =        0.0000
 1-4 VDW =       75.8977  1-4 EEL =      480.8757  RESTRAINT  =        0.0000


   NSTEP       ENERGY          RMS            GMAX         NAME    NUMBER
   9450       4.8182E+02     9.3669E-02     9.6920E-01     C4        175

 BOND    =       11.1942  ANGLE   =      175.3466  DIHED      =      491.1146
 VDWAALS =     -155.9560  EEL     =     -596.6802  HBOND      =        0.0000
 1-4 VDW =       75.9251  1-4 EEL =      480.8716  RESTRAINT  =        0.0000


   NSTEP       ENERGY          RMS            GMAX         NAME    NUMBER
   9500       4.8177E+02     6.0059E-02     4.3055E-01     C         335

 BOND    =       11.2152  ANGLE   =      175.3369  DIHED      =      491.1121
 VDWAALS =     -155.9817  EEL     =     -596.6972  HBOND      =        0.0000
 1-4 VDW =       75.9158  1-4 EEL =      480.8726  RESTRAINT  =        0.0000


   NSTEP       ENERGY          RMS            GMAX         NAME    NUMBER
   9550       4.8173E+02     4.1323E-02     2.4579E-01     C10       346

 BOND    =       11.2109  ANGLE   =      175.3450  DIHED      =      491.1136
 VDWAALS =     -156.0083  EEL     =     -596.7024  HBOND      =        0.0000
 1-4 VDW =       75.9120  1-4 EEL =      480.8632  RESTRAINT  =        0.0000


   NSTEP       ENERGY          RMS            GMAX         NAME    NUMBER
   9600       4.8169E+02     4.2620E-02     2.5496E-01     O7        143

 BOND    =       11.2149  ANGLE   =      175.3433  DIHED      =      491.1159
 VDWAALS =     -156.0355  EEL     =     -596.7139  HBOND      =        0.0000
 1-4 VDW =       75.9079  1-4 EEL =      480.8605  RESTRAINT  =        0.0000


   NSTEP       ENERGY          RMS            GMAX         NAME    NUMBER
   9650       4.8166E+02     3.2652E-02     1.7848E-01     C20       142

 BOND    =       11.2124  ANGLE   =      175.3325  DIHED      =      491.1181
 VDWAALS =     -156.0575  EEL     =     -596.7103  HBOND      =        0.0000
 1-4 VDW =       75.9088  1-4 EEL =      480.8530  RESTRAINT  =        0.0000


   NSTEP       ENERGY          RMS            GMAX         NAME    NUMBER
   9700       4.8162E+02     3.4332E-02     2.2570E-01     C20       197

 BOND    =       11.2115  ANGLE   =      175.3272  DIHED      =      491.1193
 VDWAALS =     -156.0823  EEL     =     -596.7191  HBOND      =        0.0000
 1-4 VDW =       75.9096  1-4 EEL =      480.8509  RESTRAINT  =        0.0000


   NSTEP       ENERGY          RMS            GMAX         NAME    NUMBER
   9750       4.8157E+02     2.9246E-02     2.2402E-01     C20       362

 BOND    =       11.2115  ANGLE   =      175.3181  DIHED      =      491.1212
 VDWAALS =     -156.1083  EEL     =     -596.7186  HBOND      =        0.0000
 1-4 VDW =       75.9110  1-4 EEL =      480.8377  RESTRAINT  =        0.0000


   NSTEP       ENERGY          RMS            GMAX         NAME    NUMBER
   9800       4.8153E+02     2.4230E-02     1.7176E-01     C8        453

 BOND    =       11.2127  ANGLE   =      175.3174  DIHED      =      491.1208
 VDWAALS =     -156.1327  EEL     =     -596.7351  HBOND      =        0.0000
 1-4 VDW =       75.9140  1-4 EEL =      480.8358  RESTRAINT  =        0.0000


   NSTEP       ENERGY          RMS            GMAX         NAME    NUMBER
   9850       4.8149E+02     3.3693E-02     5.0799E-01     C         335

 BOND    =       11.2077  ANGLE   =      175.3129  DIHED      =      491.1206
 VDWAALS =     -156.1577  EEL     =     -596.7403  HBOND      =        0.0000
 1-4 VDW =       75.9163  1-4 EEL =      480.8337  RESTRAINT  =        0.0000


   NSTEP       ENERGY          RMS            GMAX         NAME    NUMBER
   9900       4.8145E+02     3.7972E-02     3.6876E-01     C         335

 BOND    =       11.2057  ANGLE   =      175.3054  DIHED      =      491.1253
 VDWAALS =     -156.1852  EEL     =     -596.7416  HBOND      =        0.0000
 1-4 VDW =       75.9147  1-4 EEL =      480.8234  RESTRAINT  =        0.0000


   NSTEP       ENERGY          RMS            GMAX         NAME    NUMBER
   9950       4.8141E+02     4.2441E-02     3.0283E-01     C4         10

 BOND    =       11.2057  ANGLE   =      175.3190  DIHED      =      491.1227
 VDWAALS =     -156.2246  EEL     =     -596.7667  HBOND      =        0.0000
 1-4 VDW =       75.9179  1-4 EEL =      480.8317  RESTRAINT  =        0.0000


   NSTEP       ENERGY          RMS            GMAX         NAME    NUMBER
  10000       4.8136E+02     4.3894E-02     5.2830E-01     C         335

 BOND    =       11.2061  ANGLE   =      175.3126  DIHED      =      491.1212
 VDWAALS =     -156.2501  EEL     =     -596.7597  HBOND      =        0.0000
 1-4 VDW =       75.9160  1-4 EEL =      480.8183  RESTRAINT  =        0.0000


  Maximum number of minimization cycles reached.


                    FINAL RESULTS



   NSTEP       ENERGY          RMS            GMAX         NAME    NUMBER
  10000       4.8136E+02     4.3894E-02     5.2830E-01     C         335

 BOND    =       11.2061  ANGLE   =      175.3126  DIHED      =      491.1212
 VDWAALS =     -156.2501  EEL     =     -596.7597  HBOND      =        0.0000
 1-4 VDW =       75.9160  1-4 EEL =      480.8183  RESTRAINT  =        0.0000

--------------------------------------------------------------------------------
   5.  TIMINGS
--------------------------------------------------------------------------------

|                Build the list             0.00 (53.70% of List )
|                Other                      0.00 (46.30% of List )
|             List time                  0.00 ( 0.02% of Nonbo)
|                   Short_ene time            26.85 (100.0% of Direc)
|                   Other                      0.02 ( 0.08% of Direc)
|                Direct Ewald time         26.87 (98.78% of Ewald)
|                Virial junk                0.00 ( 0.01% of Ewald)
|                Other                      0.33 ( 1.20% of Ewald)
|             Ewald time                27.20 (100.0% of Nonbo)
|             Other                      0.00 ( 0.01% of Nonbo)
|          Nonbond force             27.21 (89.04% of Force)
|          Bond/Angle/Dihedral        3.34 (10.92% of Force)
|          Other                      0.01 ( 0.03% of Force)
|       Force time                30.56 (100.0% of Runmd)
|    Runmd Time                30.56 (82.90% of Total)
|    Other                      6.30 (17.09% of Total)
| Total time                36.86 (100.0% of ALL  )

| Number of list builds   :          1

| Highest rstack allocated:       2740
| Highest istack allocated:        548
|           Job began  at 16:24:59.732  on 10/01/2026
|           Setup done at 16:24:59.746  on 10/01/2026
|           Run   done at 16:25:36.593  on 10/01/2026
|     wallclock() was called  230035 times

|3D-RISM memory allocation summary
|Type          Maximum        Current   
|Integer       0.00000 GB     0.00000 GB
|Real          0.00000 GB     0.00000 GB
|Logical       0.00000 GB     0.00000 GB
|Character     0.00000 GB     0.00000 GB
|---------------------------------------
|Total         0.00000 GB     0.00000 GB
