
          -------------------------------------------------------
          Amber 22 SANDER                              2022
          -------------------------------------------------------

| Run on 10/01/2026 at 16:21:08

|   Executable path: sander
| Working directory: /work/wrz135/callmann-tyler-md
|          Hostname: login001

  [-O]verwriting output

File Assignments:
|  MDIN: min_chain.in                                                          
| MDOUT: min_chain.out                                                         
|INPCRD: chain.inpcrd                                                          
|  PARM: chain.prmtop                                                          
|RESTRT: chain_min.rst                                                         
|  REFC: refc                                                                  
| MDVEL: mdvel                                                                 
| MDFRC: mdfrc                                                                 
|  MDEN: mden                                                                  
| MDCRD: mdcrd                                                                 
|MDINFO: mdinfo                                                                
|  MTMD: mtmd                                                                  
|INPDIP: inpdip                                                                
|RSTDIP: rstdip                                                                
|INPTRA: inptraj                                                               


 Here is the input file:

vacuum minimization                                                            
&cntrl                                                                         
 imin=1, maxcyc=10000, ncyc=2000,                                              
 ntb=0, igb=0, cut=999.,                                                       
/                                                                              

--------------------------------------------------------------------------------
   1.  RESOURCE   USE: 
--------------------------------------------------------------------------------

| Flags:                                                                        
|    NONPERIODIC   ntb=0 and igb=0: Setting up nonperiodic simulation
|  *** cutoff > system size, list only builds once
|Largest sphere to fit in unit cell has radius =    38.218
| New format PARM file being parsed.
| Version =    1.000 Date = 10/01/26 Time = 16:21:02
 NATOM  =     556 NTYPES =      12 NBONH =     274 MBONA  =     311
 NTHETH =     656 MTHETA =     460 NPHIH =    1457 MPHIA  =    1079
 NHPARM =       0 NPARM  =       0 NNB   =    3476 NRES   =      12
 NBONA  =     311 NTHETA =     460 NPHIA =    1079 NUMBND =      21
 NUMANG =      45 NPTRA  =      35 NATYP =      14 NPHB   =       0
 IFBOX  =       0 NMXRS  =      55 IFCAP =       0 NEXTRA =       0
 NCOPY  =       0


|     Memory Use     Allocated
|     Real              747896
|     Hollerith           1682
|     Integer           157398
|     Max Pairs         154290
|     nblistReal          6672
|     nblist Int       2488926
|       Total            16841 kbytes

| Note: 1-4 EEL scale factors are being read from the topology file.

| Note: 1-4 VDW scale factors are being read from the topology file.
| Duplicated    0 dihedrals
| Duplicated    0 dihedrals

--------------------------------------------------------------------------------
   2.  CONTROL  DATA  FOR  THE  RUN
--------------------------------------------------------------------------------

CPH                                                                             

General flags:
     imin    =       1, nmropt  =       0

Nature and format of input:
     ntx     =       1, irest   =       0, ntrx    =       1

Nature and format of output:
     ntxo    =       2, ntpr    =      50, ntrx    =       1, ntwr    =       1
     iwrap   =       0, ntwx    =       0, ntwv    =       0, ntwe    =       0
     ioutfm  =       1, ntwprt  =       0, idecomp =       0, rbornstat=      0

Potential function:
     ntf     =       1, ntb     =       0, igb     =       0, nsnb    =      25
     ipol    =       0, gbsa    =       0, iesp    =       0
     dielc   =   1.00000, cut     = 999.00000, intdiel =   1.00000

Frozen or restrained atoms:
     ibelly  =       0, ntr     =       0

Energy minimization:
     maxcyc  =   10000, ncyc    =    2000, ntmin   =       1
     dx0     =   0.01000, drms    =   0.00010
|  INFO: Old style inpcrd file read


--------------------------------------------------------------------------------
   3.  ATOMIC COORDINATES AND VELOCITIES
--------------------------------------------------------------------------------

CPH                                                                             
 begin time read from input coords =     0.000 ps

 Number of triangulated 3-point waters found:        0

     Sum of charges from parm topology file =   0.00000002
     Forcing neutrality...

--------------------------------------------------------------------------------
   4.  RESULTS
--------------------------------------------------------------------------------

 ---------------------------------------------------

     eedmeth=4: Setting switch to one everywhere

 ---------------------------------------------------
| Local SIZE OF NONBOND LIST =     150885
| TOTAL SIZE OF NONBOND LIST =     150885


   NSTEP       ENERGY          RMS            GMAX         NAME    NUMBER
      1       1.3810E+06     1.6179E+05     1.5699E+06     H6        201

 BOND    =       36.7405  ANGLE   =      196.8794  DIHED      =      481.5082
 VDWAALS =  1380261.4588  EEL     =     -608.9497  HBOND      =        0.0000
 1-4 VDW =      117.5454  1-4 EEL =      479.3718  RESTRAINT  =        0.0000


   NSTEP       ENERGY          RMS            GMAX         NAME    NUMBER
     50       1.6885E+03     1.5782E+01     1.7953E+02     C20        32

 BOND    =      147.7578  ANGLE   =      662.0961  DIHED      =      526.1035
 VDWAALS =      214.9244  EEL     =     -470.7487  HBOND      =        0.0000
 1-4 VDW =      167.0322  1-4 EEL =      441.3690  RESTRAINT  =        0.0000


   NSTEP       ENERGY          RMS            GMAX         NAME    NUMBER
    100       1.0479E+03     7.7822E+00     6.7284E+01     O5        304

 BOND    =       68.0672  ANGLE   =      318.8725  DIHED      =      519.1773
 VDWAALS =       79.4762  EEL     =     -489.6811  HBOND      =        0.0000
 1-4 VDW =      102.7014  1-4 EEL =      449.3293  RESTRAINT  =        0.0000


   NSTEP       ENERGY          RMS            GMAX         NAME    NUMBER
    150       8.6900E+02     5.4710E+00     7.6603E+01     C20        32

 BOND    =       51.4546  ANGLE   =      254.1200  DIHED      =      519.6013
 VDWAALS =        7.8686  EEL     =     -504.7819  HBOND      =        0.0000
 1-4 VDW =       85.5944  1-4 EEL =      455.1436  RESTRAINT  =        0.0000


   NSTEP       ENERGY          RMS            GMAX         NAME    NUMBER
    200       7.5575E+02     2.2496E+00     1.6193E+01     O5        304

 BOND    =       32.0031  ANGLE   =      217.7208  DIHED      =      520.9572
 VDWAALS =      -34.0122  EEL     =     -522.1689  HBOND      =        0.0000
 1-4 VDW =       80.9258  1-4 EEL =      460.3251  RESTRAINT  =        0.0000


   NSTEP       ENERGY          RMS            GMAX         NAME    NUMBER
    250       6.8338E+02     9.0632E-01     4.2311E+00     H28       551

 BOND    =       23.4949  ANGLE   =      199.4022  DIHED      =      526.7766
 VDWAALS =      -73.3592  EEL     =     -539.9126  HBOND      =        0.0000
 1-4 VDW =       80.8382  1-4 EEL =      466.1373  RESTRAINT  =        0.0000


   NSTEP       ENERGY          RMS            GMAX         NAME    NUMBER
    300       6.4970E+02     7.8142E-01     4.7672E+00     O5        469

 BOND    =       18.9277  ANGLE   =      191.2339  DIHED      =      529.2690
 VDWAALS =      -91.9396  EEL     =     -552.4638  HBOND      =        0.0000
 1-4 VDW =       82.1781  1-4 EEL =      472.4991  RESTRAINT  =        0.0000


   NSTEP       ENERGY          RMS            GMAX         NAME    NUMBER
    350       6.3123E+02     1.4405E+00     1.0752E+01     C20        32

 BOND    =       16.5341  ANGLE   =      186.9079  DIHED      =      529.7116
 VDWAALS =     -101.0454  EEL     =     -561.1450  HBOND      =        0.0000
 1-4 VDW =       83.0589  1-4 EEL =      477.2103  RESTRAINT  =        0.0000


   NSTEP       ENERGY          RMS            GMAX         NAME    NUMBER
    400       6.1778E+02     6.8175E-01     3.9691E+00     C8        343

 BOND    =       16.6762  ANGLE   =      182.5028  DIHED      =      529.2992
 VDWAALS =     -107.0711  EEL     =     -567.7636  HBOND      =        0.0000
 1-4 VDW =       83.6335  1-4 EEL =      480.5068  RESTRAINT  =        0.0000


   NSTEP       ENERGY          RMS            GMAX         NAME    NUMBER
    450       6.0843E+02     3.9363E-01     1.7451E+00     C8        343

 BOND    =       15.1509  ANGLE   =      180.5190  DIHED      =      528.9471
 VDWAALS =     -110.9549  EEL     =     -572.1446  HBOND      =        0.0000
 1-4 VDW =       83.9950  1-4 EEL =      482.9160  RESTRAINT  =        0.0000


   NSTEP       ENERGY          RMS            GMAX         NAME    NUMBER
    500       6.0142E+02     7.4299E-01     4.8236E+00     C8        343

 BOND    =       14.4348  ANGLE   =      178.8557  DIHED      =      528.5839
 VDWAALS =     -113.9782  EEL     =     -575.1011  HBOND      =        0.0000
 1-4 VDW =       84.1541  1-4 EEL =      484.4670  RESTRAINT  =        0.0000


   NSTEP       ENERGY          RMS            GMAX         NAME    NUMBER
    550       5.9604E+02     1.0741E+00     7.7845E+00     C8        343

 BOND    =       14.0262  ANGLE   =      177.5055  DIHED      =      528.2353
 VDWAALS =     -116.2610  EEL     =     -577.0730  HBOND      =        0.0000
 1-4 VDW =       84.1648  1-4 EEL =      485.4380  RESTRAINT  =        0.0000


   NSTEP       ENERGY          RMS            GMAX         NAME    NUMBER
    600       5.9107E+02     6.5334E-01     4.5873E+00     C8        343

 BOND    =       14.4415  ANGLE   =      175.1668  DIHED      =      527.7555
 VDWAALS =     -118.1012  EEL     =     -578.4782  HBOND      =        0.0000
 1-4 VDW =       84.1535  1-4 EEL =      486.1280  RESTRAINT  =        0.0000


   NSTEP       ENERGY          RMS            GMAX         NAME    NUMBER
    650       5.8694E+02     2.8414E-01     1.3666E+00     C8        343

 BOND    =       13.7086  ANGLE   =      174.2556  DIHED      =      527.4286
 VDWAALS =     -119.5412  EEL     =     -579.4537  HBOND      =        0.0000
 1-4 VDW =       84.0004  1-4 EEL =      486.5419  RESTRAINT  =        0.0000


   NSTEP       ENERGY          RMS            GMAX         NAME    NUMBER
    700       5.8348E+02     5.7764E-01     5.6334E+00     C20        32

 BOND    =       13.4146  ANGLE   =      173.2805  DIHED      =      527.0601
 VDWAALS =     -120.7402  EEL     =     -580.1703  HBOND      =        0.0000
 1-4 VDW =       83.8233  1-4 EEL =      486.8124  RESTRAINT  =        0.0000


   NSTEP       ENERGY          RMS            GMAX         NAME    NUMBER
    750       5.8054E+02     7.9858E-01     5.6274E+00     C8        343

 BOND    =       13.1946  ANGLE   =      172.4143  DIHED      =      526.6936
 VDWAALS =     -121.7223  EEL     =     -580.6550  HBOND      =        0.0000
 1-4 VDW =       83.6397  1-4 EEL =      486.9722  RESTRAINT  =        0.0000


   NSTEP       ENERGY          RMS            GMAX         NAME    NUMBER
    800       5.7766E+02     4.5843E-01     3.1412E+00     C8        178

 BOND    =       13.4524  ANGLE   =      170.9570  DIHED      =      526.2246
 VDWAALS =     -122.5564  EEL     =     -581.0092  HBOND      =        0.0000
 1-4 VDW =       83.4988  1-4 EEL =      487.0938  RESTRAINT  =        0.0000


   NSTEP       ENERGY          RMS            GMAX         NAME    NUMBER
    850       5.7529E+02     7.5182E-01     1.1433E+01     C20        32

 BOND    =       13.3935  ANGLE   =      170.1419  DIHED      =      525.8278
 VDWAALS =     -123.2894  EEL     =     -581.2435  HBOND      =        0.0000
 1-4 VDW =       83.3184  1-4 EEL =      487.1368  RESTRAINT  =        0.0000


   NSTEP       ENERGY          RMS            GMAX         NAME    NUMBER
    900       5.7291E+02     3.9193E-01     2.5965E+00     C8        343

 BOND    =       12.8528  ANGLE   =      169.7431  DIHED      =      525.4592
 VDWAALS =     -123.9226  EEL     =     -581.4461  HBOND      =        0.0000
 1-4 VDW =       83.1005  1-4 EEL =      487.1205  RESTRAINT  =        0.0000


   NSTEP       ENERGY          RMS            GMAX         NAME    NUMBER
    950       5.7092E+02     7.0406E-01     1.3908E+01     C20        32

 BOND    =       12.8267  ANGLE   =      169.0719  DIHED      =      525.0456
 VDWAALS =     -124.5054  EEL     =     -581.5426  HBOND      =        0.0000
 1-4 VDW =       82.9305  1-4 EEL =      487.0978  RESTRAINT  =        0.0000


   NSTEP       ENERGY          RMS            GMAX         NAME    NUMBER
   1000       5.6895E+02     2.7216E-01     1.8032E+00     C20        32

 BOND    =       12.8282  ANGLE   =      168.3220  DIHED      =      524.5914
 VDWAALS =     -124.9943  EEL     =     -581.6408  HBOND      =        0.0000
 1-4 VDW =       82.7787  1-4 EEL =      487.0665  RESTRAINT  =        0.0000


   NSTEP       ENERGY          RMS            GMAX         NAME    NUMBER
   1050       5.6718E+02     1.6325E-01     5.8418E-01     C4        230

 BOND    =       12.6166  ANGLE   =      167.9326  DIHED      =      524.1788
 VDWAALS =     -125.4610  EEL     =     -581.6915  HBOND      =        0.0000
 1-4 VDW =       82.6069  1-4 EEL =      487.0010  RESTRAINT  =        0.0000


   NSTEP       ENERGY          RMS            GMAX         NAME    NUMBER
   1100       5.6555E+02     2.7511E-01     1.9159E+00     C4        450

 BOND    =       12.4771  ANGLE   =      167.5625  DIHED      =      523.7484
 VDWAALS =     -125.8964  EEL     =     -581.7138  HBOND      =        0.0000
 1-4 VDW =       82.4458  1-4 EEL =      486.9257  RESTRAINT  =        0.0000


   NSTEP       ENERGY          RMS            GMAX         NAME    NUMBER
   1150       5.6408E+02     5.2713E-01     8.6546E+00     C20        32

 BOND    =       12.4040  ANGLE   =      167.2477  DIHED      =      523.3108
 VDWAALS =     -126.2898  EEL     =     -581.7264  HBOND      =        0.0000
 1-4 VDW =       82.2939  1-4 EEL =      486.8435  RESTRAINT  =        0.0000


   NSTEP       ENERGY          RMS            GMAX         NAME    NUMBER
   1200       5.6262E+02     2.1969E-01     1.6325E+00     C8        398

 BOND    =       12.4433  ANGLE   =      166.7226  DIHED      =      522.8488
 VDWAALS =     -126.6608  EEL     =     -581.6887  HBOND      =        0.0000
 1-4 VDW =       82.1796  1-4 EEL =      486.7703  RESTRAINT  =        0.0000


   NSTEP       ENERGY          RMS            GMAX         NAME    NUMBER
   1250       5.6127E+02     3.8775E-01     3.2658E+00     C8        398

 BOND    =       12.4452  ANGLE   =      166.3913  DIHED      =      522.3770
 VDWAALS =     -127.0188  EEL     =     -581.6561  HBOND      =        0.0000
 1-4 VDW =       82.0503  1-4 EEL =      486.6789  RESTRAINT  =        0.0000


   NSTEP       ENERGY          RMS            GMAX         NAME    NUMBER
   1300       5.5998E+02     1.6904E-01     1.0928E+00     C4        450

 BOND    =       12.1873  ANGLE   =      166.3026  DIHED      =      521.9679
 VDWAALS =     -127.3541  EEL     =     -581.6071  HBOND      =        0.0000
 1-4 VDW =       81.9113  1-4 EEL =      486.5719  RESTRAINT  =        0.0000


   NSTEP       ENERGY          RMS            GMAX         NAME    NUMBER
   1350       5.5882E+02     3.1787E-01     3.0097E+00     C4        450

 BOND    =       12.0748  ANGLE   =      166.1710  DIHED      =      521.5390
 VDWAALS =     -127.6708  EEL     =     -581.5465  HBOND      =        0.0000
 1-4 VDW =       81.7883  1-4 EEL =      486.4674  RESTRAINT  =        0.0000


   NSTEP       ENERGY          RMS            GMAX         NAME    NUMBER
   1400       5.5775E+02     5.3677E-01     1.0176E+01     C20        32

 BOND    =       12.0614  ANGLE   =      166.0211  DIHED      =      521.0886
 VDWAALS =     -127.9573  EEL     =     -581.4994  HBOND      =        0.0000
 1-4 VDW =       81.6733  1-4 EEL =      486.3639  RESTRAINT  =        0.0000


   NSTEP       ENERGY          RMS            GMAX         NAME    NUMBER
   1450       5.5662E+02     2.1061E-01     1.9736E+00     C8        398

 BOND    =       12.0739  ANGLE   =      165.7186  DIHED      =      520.6258
 VDWAALS =     -128.2520  EEL     =     -581.3989  HBOND      =        0.0000
 1-4 VDW =       81.5839  1-4 EEL =      486.2666  RESTRAINT  =        0.0000


   NSTEP       ENERGY          RMS            GMAX         NAME    NUMBER
   1500       5.5564E+02     4.1039E-01     5.3917E+00     C20        32

 BOND    =       12.0846  ANGLE   =      165.5850  DIHED      =      520.1714
 VDWAALS =     -128.5193  EEL     =     -581.3250  HBOND      =        0.0000
 1-4 VDW =       81.4829  1-4 EEL =      486.1594  RESTRAINT  =        0.0000


   NSTEP       ENERGY          RMS            GMAX         NAME    NUMBER
   1550       5.5465E+02     1.7035E-01     1.5760E+00     C4        450

 BOND    =       11.8559  ANGLE   =      165.6216  DIHED      =      519.7750
 VDWAALS =     -128.7914  EEL     =     -581.2261  HBOND      =        0.0000
 1-4 VDW =       81.3728  1-4 EEL =      486.0387  RESTRAINT  =        0.0000


   NSTEP       ENERGY          RMS            GMAX         NAME    NUMBER
   1600       5.5377E+02     3.3526E-01     3.6132E+00     C20        32

 BOND    =       11.7741  ANGLE   =      165.6018  DIHED      =      519.3608
 VDWAALS =     -129.0509  EEL     =     -581.1195  HBOND      =        0.0000
 1-4 VDW =       81.2765  1-4 EEL =      485.9224  RESTRAINT  =        0.0000


   NSTEP       ENERGY          RMS            GMAX         NAME    NUMBER
   1650       5.5288E+02     1.1764E-01     7.3954E-01     C8        398

 BOND    =       11.7909  ANGLE   =      165.4616  DIHED      =      518.9230
 VDWAALS =     -129.2806  EEL     =     -581.0244  HBOND      =        0.0000
 1-4 VDW =       81.1960  1-4 EEL =      485.8164  RESTRAINT  =        0.0000


   NSTEP       ENERGY          RMS            GMAX         NAME    NUMBER
   1700       5.5205E+02     2.7950E-01     3.3115E+00     C8        398

 BOND    =       11.8040  ANGLE   =      165.3819  DIHED      =      518.4798
 VDWAALS =     -129.5236  EEL     =     -580.9064  HBOND      =        0.0000
 1-4 VDW =       81.1123  1-4 EEL =      485.6998  RESTRAINT  =        0.0000


   NSTEP       ENERGY          RMS            GMAX         NAME    NUMBER
   1750       5.5125E+02     1.2449E-01     1.0111E+00     C4        450

 BOND    =       11.6460  ANGLE   =      165.4571  DIHED      =      518.0935
 VDWAALS =     -129.7501  EEL     =     -580.7963  HBOND      =        0.0000
 1-4 VDW =       81.0196  1-4 EEL =      485.5759  RESTRAINT  =        0.0000


   NSTEP       ENERGY          RMS            GMAX         NAME    NUMBER
   1800       5.5050E+02     2.4687E-01     2.8987E+00     C4        450

 BOND    =       11.5669  ANGLE   =      165.5035  DIHED      =      517.6920
 VDWAALS =     -129.9697  EEL     =     -580.6807  HBOND      =        0.0000
 1-4 VDW =       80.9333  1-4 EEL =      485.4524  RESTRAINT  =        0.0000


   NSTEP       ENERGY          RMS            GMAX         NAME    NUMBER
   1850       5.4978E+02     1.1120E-01     8.4798E-01     C8        398

 BOND    =       11.5796  ANGLE   =      165.4346  DIHED      =      517.2869
 VDWAALS =     -130.1748  EEL     =     -580.5556  HBOND      =        0.0000
 1-4 VDW =       80.8652  1-4 EEL =      485.3405  RESTRAINT  =        0.0000


   NSTEP       ENERGY          RMS            GMAX         NAME    NUMBER
   1900       5.4910E+02     1.5804E-01     1.8299E+00     C20        32

 BOND    =       11.5458  ANGLE   =      165.4482  DIHED      =      516.8958
 VDWAALS =     -130.3735  EEL     =     -580.4331  HBOND      =        0.0000
 1-4 VDW =       80.7912  1-4 EEL =      485.2216  RESTRAINT  =        0.0000


   NSTEP       ENERGY          RMS            GMAX         NAME    NUMBER
   1950       5.4847E+02     3.6291E-01     4.5978E+00     C20        32

 BOND    =       11.5684  ANGLE   =      165.4316  DIHED      =      516.5061
 VDWAALS =     -130.5763  EEL     =     -580.2897  HBOND      =        0.0000
 1-4 VDW =       80.7253  1-4 EEL =      485.1037  RESTRAINT  =        0.0000


   NSTEP       ENERGY          RMS            GMAX         NAME    NUMBER
   2000       5.4783E+02     9.6864E-02     5.2734E-01     C4        450

 BOND    =       11.4158  ANGLE   =      165.5448  DIHED      =      516.1634
 VDWAALS =     -130.7550  EEL     =     -580.1730  HBOND      =        0.0000
 1-4 VDW =       80.6485  1-4 EEL =      484.9813  RESTRAINT  =        0.0000


   NSTEP       ENERGY          RMS            GMAX         NAME    NUMBER
   2050       5.3599E+02     2.7443E-01     1.9658E+00     C         280

 BOND    =       10.0690  ANGLE   =      169.1029  DIHED      =      507.6011
 VDWAALS =     -135.1600  EEL     =     -576.0188  HBOND      =        0.0000
 1-4 VDW =       79.4042  1-4 EEL =      480.9946  RESTRAINT  =        0.0000


   NSTEP       ENERGY          RMS            GMAX         NAME    NUMBER
   2100       5.3486E+02     1.3454E-01     1.2706E+00     C20        32

 BOND    =       10.0584  ANGLE   =      168.7023  DIHED      =      506.8840
 VDWAALS =     -135.2413  EEL     =     -575.6371  HBOND      =        0.0000
 1-4 VDW =       79.3054  1-4 EEL =      480.7925  RESTRAINT  =        0.0000


   NSTEP       ENERGY          RMS            GMAX         NAME    NUMBER
   2150       5.3378E+02     1.1550E-01     7.2093E-01     C20        32

 BOND    =       10.1192  ANGLE   =      168.7826  DIHED      =      506.0484
 VDWAALS =     -135.3988  EEL     =     -575.3434  HBOND      =        0.0000
 1-4 VDW =       78.9688  1-4 EEL =      480.6024  RESTRAINT  =        0.0000


   NSTEP       ENERGY          RMS            GMAX         NAME    NUMBER
   2200       5.3266E+02     1.8354E-01     3.2250E+00     C20        32

 BOND    =       10.1360  ANGLE   =      168.8607  DIHED      =      505.0416
 VDWAALS =     -135.4573  EEL     =     -575.3574  HBOND      =        0.0000
 1-4 VDW =       78.9475  1-4 EEL =      480.4885  RESTRAINT  =        0.0000


   NSTEP       ENERGY          RMS            GMAX         NAME    NUMBER
   2250       5.3188E+02     9.0007E-02     5.7107E-01     C4         10

 BOND    =       10.1278  ANGLE   =      168.9274  DIHED      =      504.4471
 VDWAALS =     -135.5389  EEL     =     -575.3638  HBOND      =        0.0000
 1-4 VDW =       78.9186  1-4 EEL =      480.3603  RESTRAINT  =        0.0000


   NSTEP       ENERGY          RMS            GMAX         NAME    NUMBER
   2300       5.3071E+02     1.3986E-01     1.6201E+00     C20        32

 BOND    =       10.1698  ANGLE   =      169.1995  DIHED      =      503.5018
 VDWAALS =     -135.7764  EEL     =     -575.2674  HBOND      =        0.0000
 1-4 VDW =       78.7920  1-4 EEL =      480.0885  RESTRAINT  =        0.0000


   NSTEP       ENERGY          RMS            GMAX         NAME    NUMBER
   2350       5.2990E+02     8.6948E-02     4.7592E-01     CC          1

 BOND    =       10.1651  ANGLE   =      169.2723  DIHED      =      502.9798
 VDWAALS =     -135.9111  EEL     =     -575.3422  HBOND      =        0.0000
 1-4 VDW =       78.7320  1-4 EEL =      479.9993  RESTRAINT  =        0.0000


   NSTEP       ENERGY          RMS            GMAX         NAME    NUMBER
   2400       5.2906E+02     4.7887E-02     2.7255E-01     O7         33

 BOND    =       10.1083  ANGLE   =      169.4436  DIHED      =      502.4229
 VDWAALS =     -136.0921  EEL     =     -575.3823  HBOND      =        0.0000
 1-4 VDW =       78.6776  1-4 EEL =      479.8867  RESTRAINT  =        0.0000


   NSTEP       ENERGY          RMS            GMAX         NAME    NUMBER
   2450       5.2664E+02     1.5445E-01     1.5843E+00     C           5

 BOND    =       10.1483  ANGLE   =      169.9399  DIHED      =      500.8126
 VDWAALS =     -136.6548  EEL     =     -575.4350  HBOND      =        0.0000
 1-4 VDW =       78.3610  1-4 EEL =      479.4685  RESTRAINT  =        0.0000


   NSTEP       ENERGY          RMS            GMAX         NAME    NUMBER
   2500       5.2579E+02     6.5687E-02     4.2609E-01     CC          1

 BOND    =       10.1543  ANGLE   =      170.0205  DIHED      =      500.3777
 VDWAALS =     -136.7854  EEL     =     -575.5167  HBOND      =        0.0000
 1-4 VDW =       78.3118  1-4 EEL =      479.2291  RESTRAINT  =        0.0000


   NSTEP       ENERGY          RMS            GMAX         NAME    NUMBER
   2550       5.2476E+02     5.7441E-02     3.4590E-01     C          60

 BOND    =       10.1670  ANGLE   =      170.2032  DIHED      =      499.8394
 VDWAALS =     -137.1070  EEL     =     -575.6420  HBOND      =        0.0000
 1-4 VDW =       78.2160  1-4 EEL =      479.0814  RESTRAINT  =        0.0000


   NSTEP       ENERGY          RMS            GMAX         NAME    NUMBER
   2600       5.2341E+02     8.6278E-02     8.4538E-01     C1          6

 BOND    =       10.0974  ANGLE   =      170.4438  DIHED      =      499.1913
 VDWAALS =     -137.0680  EEL     =     -576.3258  HBOND      =        0.0000
 1-4 VDW =       78.3330  1-4 EEL =      478.7421  RESTRAINT  =        0.0000


   NSTEP       ENERGY          RMS            GMAX         NAME    NUMBER
   2650       5.2294E+02     1.2906E-01     9.1633E-01     C4         10

 BOND    =       10.0618  ANGLE   =      170.4731  DIHED      =      499.0459
 VDWAALS =     -137.3510  EEL     =     -576.4630  HBOND      =        0.0000
 1-4 VDW =       78.3071  1-4 EEL =      478.8698  RESTRAINT  =        0.0000


   NSTEP       ENERGY          RMS            GMAX         NAME    NUMBER
   2700       5.2263E+02     1.0764E-01     9.9568E-01     C1          6

 BOND    =       10.0759  ANGLE   =      170.5092  DIHED      =      498.9012
 VDWAALS =     -137.4576  EEL     =     -576.3696  HBOND      =        0.0000
 1-4 VDW =       78.2318  1-4 EEL =      478.7420  RESTRAINT  =        0.0000


   NSTEP       ENERGY          RMS            GMAX         NAME    NUMBER
   2750       5.2235E+02     8.4710E-02     6.3022E-01     CC          1

 BOND    =       10.1087  ANGLE   =      170.5564  DIHED      =      498.7803
 VDWAALS =     -137.5242  EEL     =     -576.4227  HBOND      =        0.0000
 1-4 VDW =       78.1798  1-4 EEL =      478.6670  RESTRAINT  =        0.0000


   NSTEP       ENERGY          RMS            GMAX         NAME    NUMBER
   2800       5.2204E+02     8.9041E-02     9.2619E-01     C4         10

 BOND    =       10.1179  ANGLE   =      170.6118  DIHED      =      498.6582
 VDWAALS =     -137.5826  EEL     =     -576.5303  HBOND      =        0.0000
 1-4 VDW =       78.1315  1-4 EEL =      478.6295  RESTRAINT  =        0.0000


   NSTEP       ENERGY          RMS            GMAX         NAME    NUMBER
   2850       5.2169E+02     6.9158E-02     4.9406E-01     C         335

 BOND    =       10.1640  ANGLE   =      170.6504  DIHED      =      498.5184
 VDWAALS =     -137.6606  EEL     =     -576.6112  HBOND      =        0.0000
 1-4 VDW =       78.0671  1-4 EEL =      478.5609  RESTRAINT  =        0.0000


   NSTEP       ENERGY          RMS            GMAX         NAME    NUMBER
   2900       5.2134E+02     8.3581E-02     7.1400E-01     C3          9

 BOND    =       10.1604  ANGLE   =      170.7455  DIHED      =      498.3733
 VDWAALS =     -137.7366  EEL     =     -576.7187  HBOND      =        0.0000
 1-4 VDW =       78.0119  1-4 EEL =      478.5047  RESTRAINT  =        0.0000


   NSTEP       ENERGY          RMS            GMAX         NAME    NUMBER
   2950       5.2102E+02     1.3323E-01     1.8298E+00     C         335

 BOND    =       10.2009  ANGLE   =      170.8112  DIHED      =      498.2336
 VDWAALS =     -137.8172  EEL     =     -576.8281  HBOND      =        0.0000
 1-4 VDW =       77.9787  1-4 EEL =      478.4374  RESTRAINT  =        0.0000


   NSTEP       ENERGY          RMS            GMAX         NAME    NUMBER
   3000       5.2072E+02     9.9544E-02     7.9632E-01     C1          6

 BOND    =       10.2402  ANGLE   =      170.8398  DIHED      =      498.1208
 VDWAALS =     -137.8737  EEL     =     -576.9107  HBOND      =        0.0000
 1-4 VDW =       77.9355  1-4 EEL =      478.3632  RESTRAINT  =        0.0000


   NSTEP       ENERGY          RMS            GMAX         NAME    NUMBER
   3050       5.2042E+02     6.2444E-02     4.0197E-01     C         335

 BOND    =       10.2189  ANGLE   =      170.8931  DIHED      =      497.9995
 VDWAALS =     -137.9516  EEL     =     -576.9901  HBOND      =        0.0000
 1-4 VDW =       77.9207  1-4 EEL =      478.3244  RESTRAINT  =        0.0000


   NSTEP       ENERGY          RMS            GMAX         NAME    NUMBER
   3100       5.1999E+02     8.6947E-02     9.3265E-01     C4         10

 BOND    =       10.1960  ANGLE   =      171.0178  DIHED      =      497.8232
 VDWAALS =     -138.0774  EEL     =     -577.1020  HBOND      =        0.0000
 1-4 VDW =       77.8860  1-4 EEL =      478.2483  RESTRAINT  =        0.0000


   NSTEP       ENERGY          RMS            GMAX         NAME    NUMBER
   3150       5.1961E+02     5.1756E-02     4.0535E-01     CC          1

 BOND    =       10.2196  ANGLE   =      171.0762  DIHED      =      497.6717
 VDWAALS =     -138.1641  EEL     =     -577.2254  HBOND      =        0.0000
 1-4 VDW =       77.8466  1-4 EEL =      478.1873  RESTRAINT  =        0.0000


   NSTEP       ENERGY          RMS            GMAX         NAME    NUMBER
   3200       5.1918E+02     4.4041E-02     4.0651E-01     C3          9

 BOND    =       10.2222  ANGLE   =      171.1789  DIHED      =      497.4907
 VDWAALS =     -138.2650  EEL     =     -577.3578  HBOND      =        0.0000
 1-4 VDW =       77.8052  1-4 EEL =      478.1095  RESTRAINT  =        0.0000


   NSTEP       ENERGY          RMS            GMAX         NAME    NUMBER
   3250       5.1867E+02     3.9052E-02     2.5832E-01     C4         10

 BOND    =       10.2392  ANGLE   =      171.2975  DIHED      =      497.2744
 VDWAALS =     -138.3951  EEL     =     -577.5133  HBOND      =        0.0000
 1-4 VDW =       77.7524  1-4 EEL =      478.0147  RESTRAINT  =        0.0000


   NSTEP       ENERGY          RMS            GMAX         NAME    NUMBER
   3300       5.1811E+02     6.4937E-02     6.3496E-01     C3          9

 BOND    =       10.2201  ANGLE   =      171.4524  DIHED      =      497.0306
 VDWAALS =     -138.5094  EEL     =     -577.7163  HBOND      =        0.0000
 1-4 VDW =       77.7067  1-4 EEL =      477.9307  RESTRAINT  =        0.0000


   NSTEP       ENERGY          RMS            GMAX         NAME    NUMBER
   3350       5.1773E+02     4.8571E-02     2.8238E-01     CC          1

 BOND    =       10.2705  ANGLE   =      171.5057  DIHED      =      496.8657
 VDWAALS =     -138.6147  EEL     =     -577.8118  HBOND      =        0.0000
 1-4 VDW =       77.6499  1-4 EEL =      477.8625  RESTRAINT  =        0.0000


   NSTEP       ENERGY          RMS            GMAX         NAME    NUMBER
   3400       5.1739E+02     5.3923E-02     3.4398E-01     O4        137

 BOND    =       10.2638  ANGLE   =      171.5501  DIHED      =      496.7259
 VDWAALS =     -138.6855  EEL     =     -577.9106  HBOND      =        0.0000
 1-4 VDW =       77.6276  1-4 EEL =      477.8154  RESTRAINT  =        0.0000


   NSTEP       ENERGY          RMS            GMAX         NAME    NUMBER
   3450       5.1702E+02     5.4313E-02     5.5276E-01     C2          8

 BOND    =       10.2932  ANGLE   =      171.5896  DIHED      =      496.5889
 VDWAALS =     -138.7827  EEL     =     -577.9832  HBOND      =        0.0000
 1-4 VDW =       77.5930  1-4 EEL =      477.7216  RESTRAINT  =        0.0000


   NSTEP       ENERGY          RMS            GMAX         NAME    NUMBER
   3500       5.1668E+02     5.7859E-02     4.6767E-01     C4         10

 BOND    =       10.3626  ANGLE   =      171.6162  DIHED      =      496.4495
 VDWAALS =     -138.8725  EEL     =     -578.0629  HBOND      =        0.0000
 1-4 VDW =       77.5535  1-4 EEL =      477.6321  RESTRAINT  =        0.0000


   NSTEP       ENERGY          RMS            GMAX         NAME    NUMBER
   3550       5.1626E+02     3.0701E-02     1.8464E-01     C           5

 BOND    =       10.3344  ANGLE   =      171.6764  DIHED      =      496.2892
 VDWAALS =     -138.9886  EEL     =     -578.1373  HBOND      =        0.0000
 1-4 VDW =       77.5333  1-4 EEL =      477.5509  RESTRAINT  =        0.0000


   NSTEP       ENERGY          RMS            GMAX         NAME    NUMBER
   3600       5.1568E+02     3.2796E-02     2.6892E-01     C3          9

 BOND    =       10.3483  ANGLE   =      171.7274  DIHED      =      496.0717
 VDWAALS =     -139.1541  EEL     =     -578.2337  HBOND      =        0.0000
 1-4 VDW =       77.4897  1-4 EEL =      477.4305  RESTRAINT  =        0.0000


   NSTEP       ENERGY          RMS            GMAX         NAME    NUMBER
   3650       5.1528E+02     5.6709E-02     3.9958E-01     C6         11

 BOND    =       10.3459  ANGLE   =      171.7606  DIHED      =      495.9256
 VDWAALS =     -139.2862  EEL     =     -578.2879  HBOND      =        0.0000
 1-4 VDW =       77.4669  1-4 EEL =      477.3581  RESTRAINT  =        0.0000


   NSTEP       ENERGY          RMS            GMAX         NAME    NUMBER
   3700       5.1491E+02     3.8954E-02     3.1840E-01     C4         10

 BOND    =       10.3581  ANGLE   =      171.8005  DIHED      =      495.7913
 VDWAALS =     -139.4031  EEL     =     -578.3347  HBOND      =        0.0000
 1-4 VDW =       77.4284  1-4 EEL =      477.2703  RESTRAINT  =        0.0000


   NSTEP       ENERGY          RMS            GMAX         NAME    NUMBER
   3750       5.1454E+02     5.1927E-02     3.4957E-01     C4         10

 BOND    =       10.3666  ANGLE   =      171.8014  DIHED      =      495.6710
 VDWAALS =     -139.5223  EEL     =     -578.3720  HBOND      =        0.0000
 1-4 VDW =       77.4016  1-4 EEL =      477.1894  RESTRAINT  =        0.0000


   NSTEP       ENERGY          RMS            GMAX         NAME    NUMBER
   3800       5.1429E+02     6.2889E-02     5.0177E-01     C4         10

 BOND    =       10.4211  ANGLE   =      171.8031  DIHED      =      495.6012
 VDWAALS =     -139.5947  EEL     =     -578.4155  HBOND      =        0.0000
 1-4 VDW =       77.3586  1-4 EEL =      477.1185  RESTRAINT  =        0.0000


   NSTEP       ENERGY          RMS            GMAX         NAME    NUMBER
   3850       5.1403E+02     4.2199E-02     3.5978E-01     C         335

 BOND    =       10.4161  ANGLE   =      171.7983  DIHED      =      495.5293
 VDWAALS =     -139.6925  EEL     =     -578.4478  HBOND      =        0.0000
 1-4 VDW =       77.3507  1-4 EEL =      477.0778  RESTRAINT  =        0.0000


   NSTEP       ENERGY          RMS            GMAX         NAME    NUMBER
   3900       5.1377E+02     5.6663E-02     4.3632E-01     C         390

 BOND    =       10.4524  ANGLE   =      171.7984  DIHED      =      495.4563
 VDWAALS =     -139.7961  EEL     =     -578.4948  HBOND      =        0.0000
 1-4 VDW =       77.3235  1-4 EEL =      477.0317  RESTRAINT  =        0.0000


   NSTEP       ENERGY          RMS            GMAX         NAME    NUMBER
   3950       5.1354E+02     5.9785E-02     4.5006E-01     C4         10

 BOND    =       10.4343  ANGLE   =      171.7918  DIHED      =      495.4125
 VDWAALS =     -139.8785  EEL     =     -578.5085  HBOND      =        0.0000
 1-4 VDW =       77.3027  1-4 EEL =      476.9896  RESTRAINT  =        0.0000


   NSTEP       ENERGY          RMS            GMAX         NAME    NUMBER
   4000       5.1334E+02     6.1075E-02     6.0790E-01     C18       138

 BOND    =       10.3901  ANGLE   =      171.8026  DIHED      =      495.3596
 VDWAALS =     -139.9672  EEL     =     -578.5610  HBOND      =        0.0000
 1-4 VDW =       77.3110  1-4 EEL =      477.0034  RESTRAINT  =        0.0000


   NSTEP       ENERGY          RMS            GMAX         NAME    NUMBER
   4050       5.1316E+02     3.7729E-02     2.1839E-01     C3          9

 BOND    =       10.4124  ANGLE   =      171.7866  DIHED      =      495.3274
 VDWAALS =     -140.0380  EEL     =     -578.5792  HBOND      =        0.0000
 1-4 VDW =       77.2880  1-4 EEL =      476.9657  RESTRAINT  =        0.0000


   NSTEP       ENERGY          RMS            GMAX         NAME    NUMBER
   4100       5.1293E+02     2.6783E-02     2.0267E-01     C3          9

 BOND    =       10.4395  ANGLE   =      171.7544  DIHED      =      495.2956
 VDWAALS =     -140.1366  EEL     =     -578.5975  HBOND      =        0.0000
 1-4 VDW =       77.2722  1-4 EEL =      476.9065  RESTRAINT  =        0.0000


   NSTEP       ENERGY          RMS            GMAX         NAME    NUMBER
   4150       5.1267E+02     4.0975E-02     3.2663E-01     C10       126

 BOND    =       10.4514  ANGLE   =      171.7229  DIHED      =      495.2653
 VDWAALS =     -140.2560  EEL     =     -578.6388  HBOND      =        0.0000
 1-4 VDW =       77.2533  1-4 EEL =      476.8704  RESTRAINT  =        0.0000


   NSTEP       ENERGY          RMS            GMAX         NAME    NUMBER
   4200       5.1243E+02     3.2130E-02     2.1981E-01     O4        137

 BOND    =       10.4564  ANGLE   =      171.6918  DIHED      =      495.2470
 VDWAALS =     -140.3655  EEL     =     -578.6818  HBOND      =        0.0000
 1-4 VDW =       77.2464  1-4 EEL =      476.8364  RESTRAINT  =        0.0000


   NSTEP       ENERGY          RMS            GMAX         NAME    NUMBER
   4250       5.1221E+02     5.7938E-02     5.4884E-01     O4        137

 BOND    =       10.4754  ANGLE   =      171.6782  DIHED      =      495.2476
 VDWAALS =     -140.4860  EEL     =     -578.7231  HBOND      =        0.0000
 1-4 VDW =       77.2221  1-4 EEL =      476.7915  RESTRAINT  =        0.0000


   NSTEP       ENERGY          RMS            GMAX         NAME    NUMBER
   4300       5.1194E+02     2.3575E-02     1.2379E-01     C17       135

 BOND    =       10.4882  ANGLE   =      171.6048  DIHED      =      495.2527
 VDWAALS =     -140.6188  EEL     =     -578.7774  HBOND      =        0.0000
 1-4 VDW =       77.2192  1-4 EEL =      476.7683  RESTRAINT  =        0.0000


   NSTEP       ENERGY          RMS            GMAX         NAME    NUMBER
   4350       5.1167E+02     3.3139E-02     2.0629E-01     C20       362

 BOND    =       10.4821  ANGLE   =      171.5553  DIHED      =      495.2763
 VDWAALS =     -140.7618  EEL     =     -578.8452  HBOND      =        0.0000
 1-4 VDW =       77.2113  1-4 EEL =      476.7538  RESTRAINT  =        0.0000


   NSTEP       ENERGY          RMS            GMAX         NAME    NUMBER
   4400       5.1139E+02     2.6843E-02     2.0882E-01     CC          1

 BOND    =       10.5031  ANGLE   =      171.4803  DIHED      =      495.3266
 VDWAALS =     -140.9267  EEL     =     -578.9235  HBOND      =        0.0000
 1-4 VDW =       77.2012  1-4 EEL =      476.7249  RESTRAINT  =        0.0000


   NSTEP       ENERGY          RMS            GMAX         NAME    NUMBER
   4450       5.1111E+02     4.4718E-02     3.3451E-01     C20       362

 BOND    =       10.4985  ANGLE   =      171.4071  DIHED      =      495.4022
 VDWAALS =     -141.0945  EEL     =     -579.0437  HBOND      =        0.0000
 1-4 VDW =       77.2096  1-4 EEL =      476.7277  RESTRAINT  =        0.0000


   NSTEP       ENERGY          RMS            GMAX         NAME    NUMBER
   4500       5.1089E+02     3.1156E-02     1.9490E-01     C20       362

 BOND    =       10.5220  ANGLE   =      171.3523  DIHED      =      495.4668
 VDWAALS =     -141.2283  EEL     =     -579.1256  HBOND      =        0.0000
 1-4 VDW =       77.1932  1-4 EEL =      476.7130  RESTRAINT  =        0.0000


   NSTEP       ENERGY          RMS            GMAX         NAME    NUMBER
   4550       5.1066E+02     2.9925E-02     2.2757E-01     O1        130

 BOND    =       10.5390  ANGLE   =      171.2342  DIHED      =      495.5780
 VDWAALS =     -141.3867  EEL     =     -579.2729  HBOND      =        0.0000
 1-4 VDW =       77.2325  1-4 EEL =      476.7326  RESTRAINT  =        0.0000


   NSTEP       ENERGY          RMS            GMAX         NAME    NUMBER
   4600       5.1041E+02     2.8153E-02     1.6386E-01     C17       135

 BOND    =       10.5516  ANGLE   =      171.1964  DIHED      =      495.6647
 VDWAALS =     -141.5418  EEL     =     -579.3672  HBOND      =        0.0000
 1-4 VDW =       77.1843  1-4 EEL =      476.7195  RESTRAINT  =        0.0000


   NSTEP       ENERGY          RMS            GMAX         NAME    NUMBER
   4650       5.1015E+02     1.7689E-01     1.2066E+00     H28       166

 BOND    =       10.7714  ANGLE   =      171.1670  DIHED      =      495.7578
 VDWAALS =     -141.7522  EEL     =     -579.1615  HBOND      =        0.0000
 1-4 VDW =       76.8864  1-4 EEL =      476.4860  RESTRAINT  =        0.0000


   NSTEP       ENERGY          RMS            GMAX         NAME    NUMBER
   4700       5.1001E+02     1.2795E-01     1.1632E+00     C20       362

 BOND    =       10.7188  ANGLE   =      170.9369  DIHED      =      495.9118
 VDWAALS =     -141.8638  EEL     =     -579.5264  HBOND      =        0.0000
 1-4 VDW =       77.1341  1-4 EEL =      476.6942  RESTRAINT  =        0.0000


   NSTEP       ENERGY          RMS            GMAX         NAME    NUMBER
   4750       5.0989E+02     7.5267E-02     6.3081E-01     C16       134

 BOND    =       10.5751  ANGLE   =      170.9392  DIHED      =      495.9772
 VDWAALS =     -141.9542  EEL     =     -579.6589  HBOND      =        0.0000
 1-4 VDW =       77.2110  1-4 EEL =      476.7993  RESTRAINT  =        0.0000


   NSTEP       ENERGY          RMS            GMAX         NAME    NUMBER
   4800       5.0978E+02     1.3209E-01     1.0904E+00     C4        230

 BOND    =       10.5862  ANGLE   =      170.9195  DIHED      =      496.0225
 VDWAALS =     -142.0331  EEL     =     -579.7496  HBOND      =        0.0000
 1-4 VDW =       77.2303  1-4 EEL =      476.7997  RESTRAINT  =        0.0000


   NSTEP       ENERGY          RMS            GMAX         NAME    NUMBER
   4850       5.0967E+02     9.3210E-02     8.9789E-01     O4        137

 BOND    =       10.6134  ANGLE   =      170.8556  DIHED      =      496.0905
 VDWAALS =     -142.1126  EEL     =     -579.8161  HBOND      =        0.0000
 1-4 VDW =       77.2205  1-4 EEL =      476.8145  RESTRAINT  =        0.0000


   NSTEP       ENERGY          RMS            GMAX         NAME    NUMBER
   4900       5.0957E+02     8.3463E-02     7.3853E-01     C         335

 BOND    =       10.6205  ANGLE   =      170.8250  DIHED      =      496.1404
 VDWAALS =     -142.1796  EEL     =     -579.8994  HBOND      =        0.0000
 1-4 VDW =       77.2377  1-4 EEL =      476.8221  RESTRAINT  =        0.0000


   NSTEP       ENERGY          RMS            GMAX         NAME    NUMBER
   4950       5.0946E+02     7.0508E-02     5.0261E-01     C4         10

 BOND    =       10.5769  ANGLE   =      170.8198  DIHED      =      496.1707
 VDWAALS =     -142.2547  EEL     =     -579.9851  HBOND      =        0.0000
 1-4 VDW =       77.2652  1-4 EEL =      476.8680  RESTRAINT  =        0.0000


   NSTEP       ENERGY          RMS            GMAX         NAME    NUMBER
   5000       5.0937E+02     5.3367E-02     2.9128E-01     H13       151

 BOND    =       10.5509  ANGLE   =      170.8012  DIHED      =      496.2120
 VDWAALS =     -142.3237  EEL     =     -580.0502  HBOND      =        0.0000
 1-4 VDW =       77.2798  1-4 EEL =      476.8954  RESTRAINT  =        0.0000


   NSTEP       ENERGY          RMS            GMAX         NAME    NUMBER
   5050       5.0926E+02     5.1252E-02     4.7815E-01     O4        137

 BOND    =       10.5616  ANGLE   =      170.7832  DIHED      =      496.2435
 VDWAALS =     -142.3985  EEL     =     -580.1421  HBOND      =        0.0000
 1-4 VDW =       77.2836  1-4 EEL =      476.9268  RESTRAINT  =        0.0000


   NSTEP       ENERGY          RMS            GMAX         NAME    NUMBER
   5100       5.0913E+02     8.7049E-02     7.9627E-01     C17       135

 BOND    =       10.5808  ANGLE   =      170.7395  DIHED      =      496.2864
 VDWAALS =     -142.4828  EEL     =     -580.2048  HBOND      =        0.0000
 1-4 VDW =       77.3047  1-4 EEL =      476.9055  RESTRAINT  =        0.0000


   NSTEP       ENERGY          RMS            GMAX         NAME    NUMBER
   5150       5.0903E+02     6.3434E-02     4.8976E-01     H6         36

 BOND    =       10.5797  ANGLE   =      170.7260  DIHED      =      496.3236
 VDWAALS =     -142.5618  EEL     =     -580.2569  HBOND      =        0.0000
 1-4 VDW =       77.3077  1-4 EEL =      476.9135  RESTRAINT  =        0.0000


   NSTEP       ENERGY          RMS            GMAX         NAME    NUMBER
   5200       5.0894E+02     6.4559E-02     6.8391E-01     CC          1

 BOND    =       10.5976  ANGLE   =      170.7189  DIHED      =      496.3526
 VDWAALS =     -142.6318  EEL     =     -580.3253  HBOND      =        0.0000
 1-4 VDW =       77.3114  1-4 EEL =      476.9160  RESTRAINT  =        0.0000


   NSTEP       ENERGY          RMS            GMAX         NAME    NUMBER
   5250       5.0886E+02     7.2044E-02     8.5244E-01     C20       362

 BOND    =       10.5828  ANGLE   =      170.6921  DIHED      =      496.3863
 VDWAALS =     -142.6895  EEL     =     -580.3738  HBOND      =        0.0000
 1-4 VDW =       77.3278  1-4 EEL =      476.9320  RESTRAINT  =        0.0000


   NSTEP       ENERGY          RMS            GMAX         NAME    NUMBER
   5300       5.0878E+02     7.8242E-02     8.5556E-01     C20       362

 BOND    =       10.6049  ANGLE   =      170.6666  DIHED      =      496.4079
 VDWAALS =     -142.7508  EEL     =     -580.4306  HBOND      =        0.0000
 1-4 VDW =       77.3363  1-4 EEL =      476.9430  RESTRAINT  =        0.0000


   NSTEP       ENERGY          RMS            GMAX         NAME    NUMBER
   5350       5.0870E+02     8.9372E-02     1.0749E+00     C20       362

 BOND    =       10.5914  ANGLE   =      170.6640  DIHED      =      496.4381
 VDWAALS =     -142.8155  EEL     =     -580.4808  HBOND      =        0.0000
 1-4 VDW =       77.3410  1-4 EEL =      476.9584  RESTRAINT  =        0.0000


   NSTEP       ENERGY          RMS            GMAX         NAME    NUMBER
   5400       5.0861E+02     7.4932E-02     5.7622E-01     C14       131

 BOND    =       10.5913  ANGLE   =      170.6676  DIHED      =      496.4605
 VDWAALS =     -142.8951  EEL     =     -580.5348  HBOND      =        0.0000
 1-4 VDW =       77.3487  1-4 EEL =      476.9701  RESTRAINT  =        0.0000


   NSTEP       ENERGY          RMS            GMAX         NAME    NUMBER
   5450       5.0851E+02     5.2607E-02     3.0049E-01     O3        136

 BOND    =       10.6102  ANGLE   =      170.6253  DIHED      =      496.4838
 VDWAALS =     -142.9636  EEL     =     -580.5876  HBOND      =        0.0000
 1-4 VDW =       77.3641  1-4 EEL =      476.9823  RESTRAINT  =        0.0000


   NSTEP       ENERGY          RMS            GMAX         NAME    NUMBER
   5500       5.0841E+02     5.1579E-02     3.4731E-01     O5        139

 BOND    =       10.6035  ANGLE   =      170.6190  DIHED      =      496.5139
 VDWAALS =     -143.0489  EEL     =     -580.6378  HBOND      =        0.0000
 1-4 VDW =       77.3742  1-4 EEL =      476.9858  RESTRAINT  =        0.0000


   NSTEP       ENERGY          RMS            GMAX         NAME    NUMBER
   5550       5.0833E+02     6.3363E-02     4.6026E-01     C         335

 BOND    =       10.6027  ANGLE   =      170.6048  DIHED      =      496.5363
 VDWAALS =     -143.1171  EEL     =     -580.6800  HBOND      =        0.0000
 1-4 VDW =       77.3813  1-4 EEL =      476.9971  RESTRAINT  =        0.0000


   NSTEP       ENERGY          RMS            GMAX         NAME    NUMBER
   5600       5.0823E+02     1.3992E-01     1.4899E+00     O3        136

 BOND    =       10.6420  ANGLE   =      170.5700  DIHED      =      496.5594
 VDWAALS =     -143.2044  EEL     =     -580.7291  HBOND      =        0.0000
 1-4 VDW =       77.3927  1-4 EEL =      477.0038  RESTRAINT  =        0.0000


   NSTEP       ENERGY          RMS            GMAX         NAME    NUMBER
   5650       5.0814E+02     9.4932E-02     1.4990E+00     CC          1

 BOND    =       10.6132  ANGLE   =      170.5836  DIHED      =      496.5696
 VDWAALS =     -143.2672  EEL     =     -580.7709  HBOND      =        0.0000
 1-4 VDW =       77.3990  1-4 EEL =      477.0151  RESTRAINT  =        0.0000


   NSTEP       ENERGY          RMS            GMAX         NAME    NUMBER
   5700       5.0805E+02     1.7018E-01     2.6591E+00     CC          1

 BOND    =       10.6015  ANGLE   =      170.5862  DIHED      =      496.5904
 VDWAALS =     -143.3526  EEL     =     -580.8136  HBOND      =        0.0000
 1-4 VDW =       77.4126  1-4 EEL =      477.0230  RESTRAINT  =        0.0000


   NSTEP       ENERGY          RMS            GMAX         NAME    NUMBER
   5750       5.0791E+02     2.4393E-01     3.1266E+00     CC          1

 BOND    =       10.6298  ANGLE   =      170.6479  DIHED      =      496.5990
 VDWAALS =     -143.4923  EEL     =     -580.8821  HBOND      =        0.0000
 1-4 VDW =       77.3991  1-4 EEL =      477.0119  RESTRAINT  =        0.0000


   NSTEP       ENERGY          RMS            GMAX         NAME    NUMBER
   5800       5.0778E+02     1.3443E-01     1.8647E+00     C20       362

 BOND    =       10.6513  ANGLE   =      170.4979  DIHED      =      496.6370
 VDWAALS =     -143.5789  EEL     =     -580.9478  HBOND      =        0.0000
 1-4 VDW =       77.4437  1-4 EEL =      477.0788  RESTRAINT  =        0.0000


   NSTEP       ENERGY          RMS            GMAX         NAME    NUMBER
   5850       5.0768E+02     6.6365E-02     4.5546E-01     H14       152

 BOND    =       10.6566  ANGLE   =      170.5014  DIHED      =      496.6415
 VDWAALS =     -143.6498  EEL     =     -580.9636  HBOND      =        0.0000
 1-4 VDW =       77.4391  1-4 EEL =      477.0586  RESTRAINT  =        0.0000


   NSTEP       ENERGY          RMS            GMAX         NAME    NUMBER
   5900       5.0759E+02     6.6327E-02     4.8508E-01     C11       127

 BOND    =       10.6411  ANGLE   =      170.4962  DIHED      =      496.6582
 VDWAALS =     -143.7386  EEL     =     -581.0039  HBOND      =        0.0000
 1-4 VDW =       77.4534  1-4 EEL =      477.0795  RESTRAINT  =        0.0000


   NSTEP       ENERGY          RMS            GMAX         NAME    NUMBER
   5950       5.0749E+02     6.7815E-02     4.9343E-01     H21       159

 BOND    =       10.6572  ANGLE   =      170.4899  DIHED      =      496.6681
 VDWAALS =     -143.8186  EEL     =     -581.0453  HBOND      =        0.0000
 1-4 VDW =       77.4579  1-4 EEL =      477.0818  RESTRAINT  =        0.0000


   NSTEP       ENERGY          RMS            GMAX         NAME    NUMBER
   6000       5.0740E+02     7.6963E-02     9.3416E-01     C         335

 BOND    =       10.6631  ANGLE   =      170.4833  DIHED      =      496.6763
 VDWAALS =     -143.8989  EEL     =     -581.0680  HBOND      =        0.0000
 1-4 VDW =       77.4553  1-4 EEL =      477.0896  RESTRAINT  =        0.0000


   NSTEP       ENERGY          RMS            GMAX         NAME    NUMBER
   6050       5.0731E+02     7.3577E-02     9.2724E-01     C         335

 BOND    =       10.6602  ANGLE   =      170.4825  DIHED      =      496.6865
 VDWAALS =     -143.9775  EEL     =     -581.1046  HBOND      =        0.0000
 1-4 VDW =       77.4635  1-4 EEL =      477.1015  RESTRAINT  =        0.0000


   NSTEP       ENERGY          RMS            GMAX         NAME    NUMBER
   6100       5.0722E+02     1.2041E-01     8.7610E-01     C15       132

 BOND    =       10.6511  ANGLE   =      170.4903  DIHED      =      496.6945
 VDWAALS =     -144.0585  EEL     =     -581.1325  HBOND      =        0.0000
 1-4 VDW =       77.4707  1-4 EEL =      477.1053  RESTRAINT  =        0.0000


   NSTEP       ENERGY          RMS            GMAX         NAME    NUMBER
   6150       5.0712E+02     6.1694E-02     5.2420E-01     H14       152

 BOND    =       10.6795  ANGLE   =      170.4254  DIHED      =      496.7072
 VDWAALS =     -144.1311  EEL     =     -581.1593  HBOND      =        0.0000
 1-4 VDW =       77.4892  1-4 EEL =      477.1107  RESTRAINT  =        0.0000


   NSTEP       ENERGY          RMS            GMAX         NAME    NUMBER
   6200       5.0702E+02     5.5428E-02     3.2908E-01     C2        118

 BOND    =       10.6659  ANGLE   =      170.4229  DIHED      =      496.7230
 VDWAALS =     -144.2168  EEL     =     -581.1761  HBOND      =        0.0000
 1-4 VDW =       77.5113  1-4 EEL =      477.0897  RESTRAINT  =        0.0000


   NSTEP       ENERGY          RMS            GMAX         NAME    NUMBER
   6250       5.0694E+02     4.6538E-02     2.6650E-01     C15       132

 BOND    =       10.6646  ANGLE   =      170.4142  DIHED      =      496.7325
 VDWAALS =     -144.2866  EEL     =     -581.1937  HBOND      =        0.0000
 1-4 VDW =       77.5142  1-4 EEL =      477.0919  RESTRAINT  =        0.0000


   NSTEP       ENERGY          RMS            GMAX         NAME    NUMBER
   6300       5.0685E+02     8.3820E-02     1.1454E+00     C18       138

 BOND    =       10.6646  ANGLE   =      170.4120  DIHED      =      496.7418
 VDWAALS =     -144.3623  EEL     =     -581.2146  HBOND      =        0.0000
 1-4 VDW =       77.5184  1-4 EEL =      477.0888  RESTRAINT  =        0.0000


   NSTEP       ENERGY          RMS            GMAX         NAME    NUMBER
   6350       5.0676E+02     5.4720E-02     4.2926E-01     C4         10

 BOND    =       10.6738  ANGLE   =      170.3836  DIHED      =      496.7577
 VDWAALS =     -144.4373  EEL     =     -581.2408  HBOND      =        0.0000
 1-4 VDW =       77.5280  1-4 EEL =      477.0955  RESTRAINT  =        0.0000


   NSTEP       ENERGY          RMS            GMAX         NAME    NUMBER
   6400       5.0668E+02     4.7943E-02     2.8358E-01     C10       126

 BOND    =       10.6869  ANGLE   =      170.3828  DIHED      =      496.7645
 VDWAALS =     -144.5087  EEL     =     -581.2579  HBOND      =        0.0000
 1-4 VDW =       77.5231  1-4 EEL =      477.0871  RESTRAINT  =        0.0000


   NSTEP       ENERGY          RMS            GMAX         NAME    NUMBER
   6450       5.0659E+02     7.4921E-02     9.1762E-01     C20       362

 BOND    =       10.6947  ANGLE   =      170.3773  DIHED      =      496.7737
 VDWAALS =     -144.5851  EEL     =     -581.2834  HBOND      =        0.0000
 1-4 VDW =       77.5245  1-4 EEL =      477.0870  RESTRAINT  =        0.0000


   NSTEP       ENERGY          RMS            GMAX         NAME    NUMBER
   6500       5.0651E+02     6.4533E-02     6.8612E-01     C20       362

 BOND    =       10.6987  ANGLE   =      170.3619  DIHED      =      496.7850
 VDWAALS =     -144.6545  EEL     =     -581.2977  HBOND      =        0.0000
 1-4 VDW =       77.5282  1-4 EEL =      477.0872  RESTRAINT  =        0.0000


   NSTEP       ENERGY          RMS            GMAX         NAME    NUMBER
   6550       5.0643E+02     5.5137E-02     4.1790E-01     C20       362

 BOND    =       10.6908  ANGLE   =      170.3436  DIHED      =      496.7967
 VDWAALS =     -144.7168  EEL     =     -581.3092  HBOND      =        0.0000
 1-4 VDW =       77.5380  1-4 EEL =      477.0887  RESTRAINT  =        0.0000


   NSTEP       ENERGY          RMS            GMAX         NAME    NUMBER
   6600       5.0634E+02     7.3088E-02     5.2916E-01     C8         68

 BOND    =       10.7111  ANGLE   =      170.3326  DIHED      =      496.8087
 VDWAALS =     -144.7909  EEL     =     -581.3052  HBOND      =        0.0000
 1-4 VDW =       77.5330  1-4 EEL =      477.0515  RESTRAINT  =        0.0000


   NSTEP       ENERGY          RMS            GMAX         NAME    NUMBER
   6650       5.0626E+02     7.1974E-02     1.0853E+00     C         335

 BOND    =       10.7234  ANGLE   =      170.3313  DIHED      =      496.8172
 VDWAALS =     -144.8616  EEL     =     -581.3179  HBOND      =        0.0000
 1-4 VDW =       77.5293  1-4 EEL =      477.0406  RESTRAINT  =        0.0000


   NSTEP       ENERGY          RMS            GMAX         NAME    NUMBER
   6700       5.0619E+02     6.7163E-02     1.1000E+00     C         335

 BOND    =       10.7240  ANGLE   =      170.3063  DIHED      =      496.8276
 VDWAALS =     -144.9166  EEL     =     -581.3217  HBOND      =        0.0000
 1-4 VDW =       77.5400  1-4 EEL =      477.0292  RESTRAINT  =        0.0000


   NSTEP       ENERGY          RMS            GMAX         NAME    NUMBER
   6750       5.0612E+02     5.9201E-02     6.5141E-01     C         335

 BOND    =       10.7197  ANGLE   =      170.2848  DIHED      =      496.8377
 VDWAALS =     -144.9694  EEL     =     -581.3229  HBOND      =        0.0000
 1-4 VDW =       77.5478  1-4 EEL =      477.0196  RESTRAINT  =        0.0000


   NSTEP       ENERGY          RMS            GMAX         NAME    NUMBER
   6800       5.0604E+02     1.0660E-01     8.8623E-01     C4         10

 BOND    =       10.7173  ANGLE   =      170.2365  DIHED      =      496.8641
 VDWAALS =     -145.0421  EEL     =     -581.3037  HBOND      =        0.0000
 1-4 VDW =       77.5551  1-4 EEL =      477.0084  RESTRAINT  =        0.0000


   NSTEP       ENERGY          RMS            GMAX         NAME    NUMBER
   6850       5.0594E+02     1.0282E-01     9.3436E-01     C8         13

 BOND    =       10.7442  ANGLE   =      170.2662  DIHED      =      496.8652
 VDWAALS =     -145.1416  EEL     =     -581.3192  HBOND      =        0.0000
 1-4 VDW =       77.5347  1-4 EEL =      476.9932  RESTRAINT  =        0.0000


   NSTEP       ENERGY          RMS            GMAX         NAME    NUMBER
   6900       5.0584E+02     1.0225E-01     9.1007E-01     C8         68

 BOND    =       10.7603  ANGLE   =      170.2178  DIHED      =      496.8714
 VDWAALS =     -145.2036  EEL     =     -581.3131  HBOND      =        0.0000
 1-4 VDW =       77.5337  1-4 EEL =      476.9757  RESTRAINT  =        0.0000


   NSTEP       ENERGY          RMS            GMAX         NAME    NUMBER
   6950       5.0576E+02     7.5341E-02     6.7261E-01     C         335

 BOND    =       10.7350  ANGLE   =      170.1757  DIHED      =      496.8916
 VDWAALS =     -145.2614  EEL     =     -581.3159  HBOND      =        0.0000
 1-4 VDW =       77.5546  1-4 EEL =      476.9776  RESTRAINT  =        0.0000


   NSTEP       ENERGY          RMS            GMAX         NAME    NUMBER
   7000       5.0568E+02     1.0198E-01     1.8030E+00     C         335

 BOND    =       10.7297  ANGLE   =      170.1408  DIHED      =      496.8993
 VDWAALS =     -145.3073  EEL     =     -581.3053  HBOND      =        0.0000
 1-4 VDW =       77.5680  1-4 EEL =      476.9526  RESTRAINT  =        0.0000


   NSTEP       ENERGY          RMS            GMAX         NAME    NUMBER
   7050       5.0561E+02     5.5506E-02     5.1526E-01     C         335

 BOND    =       10.7306  ANGLE   =      170.1289  DIHED      =      496.9060
 VDWAALS =     -145.3592  EEL     =     -581.2994  HBOND      =        0.0000
 1-4 VDW =       77.5657  1-4 EEL =      476.9335  RESTRAINT  =        0.0000


   NSTEP       ENERGY          RMS            GMAX         NAME    NUMBER
   7100       5.0553E+02     1.3768E-01     1.7514E+00     C         335

 BOND    =       10.7303  ANGLE   =      170.1434  DIHED      =      496.9076
 VDWAALS =     -145.4251  EEL     =     -581.2748  HBOND      =        0.0000
 1-4 VDW =       77.5774  1-4 EEL =      476.8754  RESTRAINT  =        0.0000


   NSTEP       ENERGY          RMS            GMAX         NAME    NUMBER
   7150       5.0546E+02     5.3454E-02     5.1603E-01     C         335

 BOND    =       10.7042  ANGLE   =      170.1060  DIHED      =      496.9224
 VDWAALS =     -145.4754  EEL     =     -581.2557  HBOND      =        0.0000
 1-4 VDW =       77.5934  1-4 EEL =      476.8659  RESTRAINT  =        0.0000


   NSTEP       ENERGY          RMS            GMAX         NAME    NUMBER
   7200       5.0540E+02     5.2791E-02     2.7755E-01     C8        123

 BOND    =       10.7051  ANGLE   =      170.0891  DIHED      =      496.9277
 VDWAALS =     -145.5224  EEL     =     -581.2399  HBOND      =        0.0000
 1-4 VDW =       77.5950  1-4 EEL =      476.8418  RESTRAINT  =        0.0000


   NSTEP       ENERGY          RMS            GMAX         NAME    NUMBER
   7250       5.0533E+02     7.6318E-02     9.7144E-01     C20       362

 BOND    =       10.7234  ANGLE   =      170.0614  DIHED      =      496.9308
 VDWAALS =     -145.5644  EEL     =     -581.2315  HBOND      =        0.0000
 1-4 VDW =       77.5839  1-4 EEL =      476.8314  RESTRAINT  =        0.0000


   NSTEP       ENERGY          RMS            GMAX         NAME    NUMBER
   7300       5.0527E+02     5.7728E-02     3.9899E-01     C4        120

 BOND    =       10.7111  ANGLE   =      170.0454  DIHED      =      496.9374
 VDWAALS =     -145.6071  EEL     =     -581.2218  HBOND      =        0.0000
 1-4 VDW =       77.5919  1-4 EEL =      476.8145  RESTRAINT  =        0.0000


   NSTEP       ENERGY          RMS            GMAX         NAME    NUMBER
   7350       5.0512E+02     4.5263E-02     4.0316E-01     C4        175

 BOND    =       10.7135  ANGLE   =      170.0184  DIHED      =      496.9484
 VDWAALS =     -145.6954  EEL     =     -581.2140  HBOND      =        0.0000
 1-4 VDW =       77.5944  1-4 EEL =      476.7525  RESTRAINT  =        0.0000


   NSTEP       ENERGY          RMS            GMAX         NAME    NUMBER
   7400       5.0501E+02     7.5807E-02     1.0482E+00     C20       362

 BOND    =       10.7486  ANGLE   =      169.9764  DIHED      =      496.9390
 VDWAALS =     -145.7713  EEL     =     -581.1350  HBOND      =        0.0000
 1-4 VDW =       77.5502  1-4 EEL =      476.7027  RESTRAINT  =        0.0000


   NSTEP       ENERGY          RMS            GMAX         NAME    NUMBER
   7450       5.0495E+02     4.5948E-02     4.0016E-01     C20       362

 BOND    =       10.7181  ANGLE   =      169.9959  DIHED      =      496.9414
 VDWAALS =     -145.8008  EEL     =     -581.1384  HBOND      =        0.0000
 1-4 VDW =       77.5498  1-4 EEL =      476.6817  RESTRAINT  =        0.0000


   NSTEP       ENERGY          RMS            GMAX         NAME    NUMBER
   7500       5.0489E+02     3.4586E-02     3.1706E-01     C20       362

 BOND    =       10.7224  ANGLE   =      169.9735  DIHED      =      496.9426
 VDWAALS =     -145.8375  EEL     =     -581.1369  HBOND      =        0.0000
 1-4 VDW =       77.5515  1-4 EEL =      476.6748  RESTRAINT  =        0.0000


   NSTEP       ENERGY          RMS            GMAX         NAME    NUMBER
   7550       5.0484E+02     4.1608E-02     5.2928E-01     C20       362

 BOND    =       10.7271  ANGLE   =      169.9680  DIHED      =      496.9409
 VDWAALS =     -145.8733  EEL     =     -581.1346  HBOND      =        0.0000
 1-4 VDW =       77.5483  1-4 EEL =      476.6608  RESTRAINT  =        0.0000


   NSTEP       ENERGY          RMS            GMAX         NAME    NUMBER
   7600       5.0478E+02     7.6465E-02     8.4201E-01     C20       362

 BOND    =       10.7290  ANGLE   =      169.9583  DIHED      =      496.9405
 VDWAALS =     -145.9056  EEL     =     -581.1370  HBOND      =        0.0000
 1-4 VDW =       77.5487  1-4 EEL =      476.6487  RESTRAINT  =        0.0000


   NSTEP       ENERGY          RMS            GMAX         NAME    NUMBER
   7650       5.0467E+02     5.9810E-02     5.0662E-01     C         335

 BOND    =       10.7375  ANGLE   =      169.9123  DIHED      =      496.9358
 VDWAALS =     -145.9585  EEL     =     -581.1294  HBOND      =        0.0000
 1-4 VDW =       77.5475  1-4 EEL =      476.6209  RESTRAINT  =        0.0000


   NSTEP       ENERGY          RMS            GMAX         NAME    NUMBER
   7700       5.0460E+02     6.8910E-02     7.0304E-01     C4         10

 BOND    =       10.7361  ANGLE   =      169.8922  DIHED      =      496.9412
 VDWAALS =     -145.9896  EEL     =     -581.1347  HBOND      =        0.0000
 1-4 VDW =       77.5452  1-4 EEL =      476.6114  RESTRAINT  =        0.0000


   NSTEP       ENERGY          RMS            GMAX         NAME    NUMBER
   7750       5.0454E+02     6.8301E-02     6.3315E-01     C4         10

 BOND    =       10.7432  ANGLE   =      169.8823  DIHED      =      496.9357
 VDWAALS =     -146.0304  EEL     =     -581.1346  HBOND      =        0.0000
 1-4 VDW =       77.5422  1-4 EEL =      476.5997  RESTRAINT  =        0.0000


   NSTEP       ENERGY          RMS            GMAX         NAME    NUMBER
   7800       5.0447E+02     7.2555E-02     6.8790E-01     C14       131

 BOND    =       10.7367  ANGLE   =      169.8811  DIHED      =      496.9326
 VDWAALS =     -146.0702  EEL     =     -581.1391  HBOND      =        0.0000
 1-4 VDW =       77.5309  1-4 EEL =      476.5948  RESTRAINT  =        0.0000


   NSTEP       ENERGY          RMS            GMAX         NAME    NUMBER
   7850       5.0437E+02     6.2238E-02     7.1008E-01     C         335

 BOND    =       10.7552  ANGLE   =      169.8866  DIHED      =      496.9114
 VDWAALS =     -146.1388  EEL     =     -581.1118  HBOND      =        0.0000
 1-4 VDW =       77.5171  1-4 EEL =      476.5467  RESTRAINT  =        0.0000


   NSTEP       ENERGY          RMS            GMAX         NAME    NUMBER
   7900       5.0427E+02     3.6759E-02     2.6914E-01     O4        137

 BOND    =       10.7400  ANGLE   =      169.8652  DIHED      =      496.8990
 VDWAALS =     -146.1746  EEL     =     -581.1199  HBOND      =        0.0000
 1-4 VDW =       77.5154  1-4 EEL =      476.5478  RESTRAINT  =        0.0000


   NSTEP       ENERGY          RMS            GMAX         NAME    NUMBER
   7950       5.0419E+02     4.3845E-02     3.2352E-01     C18       138

 BOND    =       10.7406  ANGLE   =      169.8600  DIHED      =      496.8869
 VDWAALS =     -146.2157  EEL     =     -581.1241  HBOND      =        0.0000
 1-4 VDW =       77.5061  1-4 EEL =      476.5357  RESTRAINT  =        0.0000


   NSTEP       ENERGY          RMS            GMAX         NAME    NUMBER
   8000       5.0411E+02     7.5880E-02     6.3639E-01     C8        508

 BOND    =       10.7452  ANGLE   =      169.8467  DIHED      =      496.8669
 VDWAALS =     -146.2531  EEL     =     -581.1356  HBOND      =        0.0000
 1-4 VDW =       77.4989  1-4 EEL =      476.5367  RESTRAINT  =        0.0000


   NSTEP       ENERGY          RMS            GMAX         NAME    NUMBER
   8050       5.0400E+02     4.8146E-02     3.3360E-01     O2        133

 BOND    =       10.7530  ANGLE   =      169.8366  DIHED      =      496.8451
 VDWAALS =     -146.2960  EEL     =     -581.1626  HBOND      =        0.0000
 1-4 VDW =       77.4899  1-4 EEL =      476.5365  RESTRAINT  =        0.0000


   NSTEP       ENERGY          RMS            GMAX         NAME    NUMBER
   8100       5.0390E+02     4.8774E-02     5.0379E-01     H25       163

 BOND    =       10.7593  ANGLE   =      169.8360  DIHED      =      496.8171
 VDWAALS =     -146.3353  EEL     =     -581.1906  HBOND      =        0.0000
 1-4 VDW =       77.4809  1-4 EEL =      476.5293  RESTRAINT  =        0.0000


   NSTEP       ENERGY          RMS            GMAX         NAME    NUMBER
   8150       5.0377E+02     6.1088E-02     5.3957E-01     C17       135

 BOND    =       10.7444  ANGLE   =      169.8320  DIHED      =      496.7738
 VDWAALS =     -146.3806  EEL     =     -581.2235  HBOND      =        0.0000
 1-4 VDW =       77.4705  1-4 EEL =      476.5551  RESTRAINT  =        0.0000


   NSTEP       ENERGY          RMS            GMAX         NAME    NUMBER
   8200       5.0362E+02     1.6625E-01     1.7309E+00     C19       140

 BOND    =       10.7675  ANGLE   =      169.8433  DIHED      =      496.7018
 VDWAALS =     -146.4330  EEL     =     -581.2618  HBOND      =        0.0000
 1-4 VDW =       77.4418  1-4 EEL =      476.5584  RESTRAINT  =        0.0000


   NSTEP       ENERGY          RMS            GMAX         NAME    NUMBER
   8250       5.0347E+02     9.0687E-02     9.7240E-01     O1        130

 BOND    =       10.8041  ANGLE   =      169.8104  DIHED      =      496.6587
 VDWAALS =     -146.4731  EEL     =     -581.3074  HBOND      =        0.0000
 1-4 VDW =       77.4230  1-4 EEL =      476.5551  RESTRAINT  =        0.0000


   NSTEP       ENERGY          RMS            GMAX         NAME    NUMBER
   8300       5.0331E+02     7.6910E-02     6.9174E-01     O4        137

 BOND    =       10.8306  ANGLE   =      169.7949  DIHED      =      496.5952
 VDWAALS =     -146.5071  EEL     =     -581.3685  HBOND      =        0.0000
 1-4 VDW =       77.3982  1-4 EEL =      476.5651  RESTRAINT  =        0.0000


   NSTEP       ENERGY          RMS            GMAX         NAME    NUMBER
   8350       5.0314E+02     8.4339E-02     7.6931E-01     C         225

 BOND    =       10.8110  ANGLE   =      169.8082  DIHED      =      496.5210
 VDWAALS =     -146.5482  EEL     =     -581.4425  HBOND      =        0.0000
 1-4 VDW =       77.3831  1-4 EEL =      476.6038  RESTRAINT  =        0.0000


   NSTEP       ENERGY          RMS            GMAX         NAME    NUMBER
   8400       5.0294E+02     1.0010E-01     9.8517E-01     O4        137

 BOND    =       10.8796  ANGLE   =      169.7679  DIHED      =      496.4460
 VDWAALS =     -146.5837  EEL     =     -581.5318  HBOND      =        0.0000
 1-4 VDW =       77.3476  1-4 EEL =      476.6177  RESTRAINT  =        0.0000


   NSTEP       ENERGY          RMS            GMAX         NAME    NUMBER
   8450       5.0275E+02     9.4096E-02     7.6848E-01     H28       166

 BOND    =       10.8783  ANGLE   =      169.7690  DIHED      =      496.3804
 VDWAALS =     -146.6244  EEL     =     -581.6218  HBOND      =        0.0000
 1-4 VDW =       77.3319  1-4 EEL =      476.6413  RESTRAINT  =        0.0000


   NSTEP       ENERGY          RMS            GMAX         NAME    NUMBER
   8500       5.0255E+02     1.1377E-01     1.2528E+00     O4        137

 BOND    =       10.9224  ANGLE   =      169.7467  DIHED      =      496.3230
 VDWAALS =     -146.6631  EEL     =     -581.7045  HBOND      =        0.0000
 1-4 VDW =       77.2937  1-4 EEL =      476.6351  RESTRAINT  =        0.0000


   NSTEP       ENERGY          RMS            GMAX         NAME    NUMBER
   8550       5.0234E+02     1.8289E-01     1.6249E+00     O2        133

 BOND    =       10.9502  ANGLE   =      169.7360  DIHED      =      496.2468
 VDWAALS =     -146.6999  EEL     =     -581.8287  HBOND      =        0.0000
 1-4 VDW =       77.2786  1-4 EEL =      476.6582  RESTRAINT  =        0.0000


   NSTEP       ENERGY          RMS            GMAX         NAME    NUMBER
   8600       5.0214E+02     1.4148E-01     1.3273E+00     C         225

 BOND    =       10.8821  ANGLE   =      169.7631  DIHED      =      496.2129
 VDWAALS =     -146.7646  EEL     =     -581.9215  HBOND      =        0.0000
 1-4 VDW =       77.2757  1-4 EEL =      476.6920  RESTRAINT  =        0.0000


   NSTEP       ENERGY          RMS            GMAX         NAME    NUMBER
   8650       5.0197E+02     8.3478E-02     8.3918E-01     C         335

 BOND    =       10.8811  ANGLE   =      169.7595  DIHED      =      496.1595
 VDWAALS =     -146.8186  EEL     =     -582.0178  HBOND      =        0.0000
 1-4 VDW =       77.2812  1-4 EEL =      476.7242  RESTRAINT  =        0.0000


   NSTEP       ENERGY          RMS            GMAX         NAME    NUMBER
   8700       5.0173E+02     5.3165E-02     5.3402E-01     O3        136

 BOND    =       10.8969  ANGLE   =      169.7671  DIHED      =      496.0950
 VDWAALS =     -146.8910  EEL     =     -582.1184  HBOND      =        0.0000
 1-4 VDW =       77.2609  1-4 EEL =      476.7244  RESTRAINT  =        0.0000


   NSTEP       ENERGY          RMS            GMAX         NAME    NUMBER
   8750       5.0151E+02     1.0829E-01     1.1521E+00     C         225

 BOND    =       10.9187  ANGLE   =      169.7466  DIHED      =      496.0531
 VDWAALS =     -146.9603  EEL     =     -582.2110  HBOND      =        0.0000
 1-4 VDW =       77.2402  1-4 EEL =      476.7186  RESTRAINT  =        0.0000


   NSTEP       ENERGY          RMS            GMAX         NAME    NUMBER
   8800       5.0134E+02     7.9163E-02     7.8679E-01     H28       166

 BOND    =       10.9215  ANGLE   =      169.7579  DIHED      =      496.0068
 VDWAALS =     -147.0219  EEL     =     -582.2940  HBOND      =        0.0000
 1-4 VDW =       77.2309  1-4 EEL =      476.7348  RESTRAINT  =        0.0000


   NSTEP       ENERGY          RMS            GMAX         NAME    NUMBER
   8850       5.0115E+02     6.6629E-02     4.6032E-01     C15       132

 BOND    =       10.9052  ANGLE   =      169.7758  DIHED      =      495.9566
 VDWAALS =     -147.0931  EEL     =     -582.3709  HBOND      =        0.0000
 1-4 VDW =       77.2274  1-4 EEL =      476.7501  RESTRAINT  =        0.0000


   NSTEP       ENERGY          RMS            GMAX         NAME    NUMBER
   8900       5.0097E+02     5.4975E-02     3.7648E-01     C17       135

 BOND    =       10.9252  ANGLE   =      169.7681  DIHED      =      495.9108
 VDWAALS =     -147.1570  EEL     =     -582.4379  HBOND      =        0.0000
 1-4 VDW =       77.2125  1-4 EEL =      476.7450  RESTRAINT  =        0.0000


   NSTEP       ENERGY          RMS            GMAX         NAME    NUMBER
   8950       5.0075E+02     4.5591E-02     3.6374E-01     H26       164

 BOND    =       10.9286  ANGLE   =      169.7652  DIHED      =      495.8442
 VDWAALS =     -147.2323  EEL     =     -582.5238  HBOND      =        0.0000
 1-4 VDW =       77.2020  1-4 EEL =      476.7712  RESTRAINT  =        0.0000


   NSTEP       ENERGY          RMS            GMAX         NAME    NUMBER
   9000       5.0053E+02     7.2825E-02     5.5980E-01     N         235

 BOND    =       10.9347  ANGLE   =      169.7938  DIHED      =      495.7769
 VDWAALS =     -147.3124  EEL     =     -582.5840  HBOND      =        0.0000
 1-4 VDW =       77.1762  1-4 EEL =      476.7484  RESTRAINT  =        0.0000


   NSTEP       ENERGY          RMS            GMAX         NAME    NUMBER
   9050       5.0038E+02     5.8574E-02     3.8322E-01     C4        120

 BOND    =       10.9357  ANGLE   =      169.8169  DIHED      =      495.7165
 VDWAALS =     -147.3662  EEL     =     -582.6513  HBOND      =        0.0000
 1-4 VDW =       77.1707  1-4 EEL =      476.7591  RESTRAINT  =        0.0000


   NSTEP       ENERGY          RMS            GMAX         NAME    NUMBER
   9100       5.0025E+02     1.4107E-01     1.4496E+00     C         335

 BOND    =       10.9241  ANGLE   =      169.8416  DIHED      =      495.6657
 VDWAALS =     -147.4141  EEL     =     -582.6876  HBOND      =        0.0000
 1-4 VDW =       77.1604  1-4 EEL =      476.7636  RESTRAINT  =        0.0000


   NSTEP       ENERGY          RMS            GMAX         NAME    NUMBER
   9150       5.0013E+02     5.1458E-02     5.4116E-01     C         335

 BOND    =       10.9272  ANGLE   =      169.8447  DIHED      =      495.6222
 VDWAALS =     -147.4560  EEL     =     -582.7417  HBOND      =        0.0000
 1-4 VDW =       77.1596  1-4 EEL =      476.7741  RESTRAINT  =        0.0000


   NSTEP       ENERGY          RMS            GMAX         NAME    NUMBER
   9200       5.0003E+02     4.8548E-02     3.4287E-01     O7        253

 BOND    =       10.9228  ANGLE   =      169.8708  DIHED      =      495.5725
 VDWAALS =     -147.4966  EEL     =     -582.7905  HBOND      =        0.0000
 1-4 VDW =       77.1547  1-4 EEL =      476.7923  RESTRAINT  =        0.0000


   NSTEP       ENERGY          RMS            GMAX         NAME    NUMBER
   9250       4.9993E+02     4.4475E-02     3.3917E-01     C17       135

 BOND    =       10.9177  ANGLE   =      169.8819  DIHED      =      495.5301
 VDWAALS =     -147.5307  EEL     =     -582.8233  HBOND      =        0.0000
 1-4 VDW =       77.1499  1-4 EEL =      476.8006  RESTRAINT  =        0.0000


   NSTEP       ENERGY          RMS            GMAX         NAME    NUMBER
   9300       4.9982E+02     5.5390E-02     4.5720E-01     O1        240

 BOND    =       10.9085  ANGLE   =      169.9026  DIHED      =      495.4832
 VDWAALS =     -147.5755  EEL     =     -582.8663  HBOND      =        0.0000
 1-4 VDW =       77.1485  1-4 EEL =      476.8195  RESTRAINT  =        0.0000


   NSTEP       ENERGY          RMS            GMAX         NAME    NUMBER
   9350       4.9973E+02     6.3866E-02     6.2283E-01     C20       362

 BOND    =       10.9103  ANGLE   =      169.9183  DIHED      =      495.4387
 VDWAALS =     -147.6110  EEL     =     -582.8977  HBOND      =        0.0000
 1-4 VDW =       77.1472  1-4 EEL =      476.8285  RESTRAINT  =        0.0000


   NSTEP       ENERGY          RMS            GMAX         NAME    NUMBER
   9400       4.9963E+02     5.1636E-02     4.2485E-01     O1        240

 BOND    =       10.9101  ANGLE   =      169.9319  DIHED      =      495.3923
 VDWAALS =     -147.6468  EEL     =     -582.9471  HBOND      =        0.0000
 1-4 VDW =       77.1399  1-4 EEL =      476.8539  RESTRAINT  =        0.0000


   NSTEP       ENERGY          RMS            GMAX         NAME    NUMBER
   9450       4.9954E+02     5.2645E-02     3.8413E-01     O1        240

 BOND    =       10.9013  ANGLE   =      169.9607  DIHED      =      495.3437
 VDWAALS =     -147.6856  EEL     =     -582.9860  HBOND      =        0.0000
 1-4 VDW =       77.1337  1-4 EEL =      476.8674  RESTRAINT  =        0.0000


   NSTEP       ENERGY          RMS            GMAX         NAME    NUMBER
   9500       4.9946E+02     4.1406E-02     3.8480E-01     O1        240

 BOND    =       10.9116  ANGLE   =      169.9624  DIHED      =      495.3083
 VDWAALS =     -147.7222  EEL     =     -583.0208  HBOND      =        0.0000
 1-4 VDW =       77.1320  1-4 EEL =      476.8840  RESTRAINT  =        0.0000


   NSTEP       ENERGY          RMS            GMAX         NAME    NUMBER
   9550       4.9938E+02     5.2477E-02     3.6338E-01     O1        240

 BOND    =       10.9635  ANGLE   =      169.9575  DIHED      =      495.2725
 VDWAALS =     -147.7494  EEL     =     -583.0466  HBOND      =        0.0000
 1-4 VDW =       77.1165  1-4 EEL =      476.8642  RESTRAINT  =        0.0000


   NSTEP       ENERGY          RMS            GMAX         NAME    NUMBER
   9600       4.9930E+02     5.8274E-02     7.9244E-01     C20       362

 BOND    =       10.9519  ANGLE   =      169.9868  DIHED      =      495.2357
 VDWAALS =     -147.7870  EEL     =     -583.0779  HBOND      =        0.0000
 1-4 VDW =       77.1112  1-4 EEL =      476.8812  RESTRAINT  =        0.0000


   NSTEP       ENERGY          RMS            GMAX         NAME    NUMBER
   9650       4.9921E+02     3.6902E-02     3.2375E-01     C         335

 BOND    =       10.9341  ANGLE   =      170.0070  DIHED      =      495.2014
 VDWAALS =     -147.8366  EEL     =     -583.1299  HBOND      =        0.0000
 1-4 VDW =       77.1201  1-4 EEL =      476.9160  RESTRAINT  =        0.0000


   NSTEP       ENERGY          RMS            GMAX         NAME    NUMBER
   9700       4.9914E+02     7.4704E-02     9.7573E-01     C         335

 BOND    =       10.9448  ANGLE   =      170.0153  DIHED      =      495.1731
 VDWAALS =     -147.8719  EEL     =     -583.1617  HBOND      =        0.0000
 1-4 VDW =       77.1172  1-4 EEL =      476.9279  RESTRAINT  =        0.0000


   NSTEP       ENERGY          RMS            GMAX         NAME    NUMBER
   9750       4.9908E+02     5.6021E-02     4.1011E-01     C         335

 BOND    =       10.8753  ANGLE   =      170.0628  DIHED      =      495.1428
 VDWAALS =     -147.9134  EEL     =     -583.2106  HBOND      =        0.0000
 1-4 VDW =       77.1345  1-4 EEL =      476.9847  RESTRAINT  =        0.0000


   NSTEP       ENERGY          RMS            GMAX         NAME    NUMBER
   9800       4.9901E+02     6.9951E-02     1.1182E+00     C         335

 BOND    =       10.9193  ANGLE   =      170.0659  DIHED      =      495.1239
 VDWAALS =     -147.9462  EEL     =     -583.2381  HBOND      =        0.0000
 1-4 VDW =       77.1208  1-4 EEL =      476.9683  RESTRAINT  =        0.0000


   NSTEP       ENERGY          RMS            GMAX         NAME    NUMBER
   9850       4.9896E+02     3.1611E-02     2.2888E-01     C4         10

 BOND    =       10.9217  ANGLE   =      170.0689  DIHED      =      495.1093
 VDWAALS =     -147.9739  EEL     =     -583.2677  HBOND      =        0.0000
 1-4 VDW =       77.1200  1-4 EEL =      476.9818  RESTRAINT  =        0.0000


   NSTEP       ENERGY          RMS            GMAX         NAME    NUMBER
   9900       4.9891E+02     4.6954E-02     4.4654E-01     C4         10

 BOND    =       10.9228  ANGLE   =      170.0835  DIHED      =      495.0960
 VDWAALS =     -148.0024  EEL     =     -583.3056  HBOND      =        0.0000
 1-4 VDW =       77.1156  1-4 EEL =      476.9959  RESTRAINT  =        0.0000


   NSTEP       ENERGY          RMS            GMAX         NAME    NUMBER
   9950       4.9886E+02     2.8399E-02     1.7652E-01     H13       151

 BOND    =       10.9345  ANGLE   =      170.0843  DIHED      =      495.0851
 VDWAALS =     -148.0229  EEL     =     -583.3393  HBOND      =        0.0000
 1-4 VDW =       77.1147  1-4 EEL =      477.0067  RESTRAINT  =        0.0000


   NSTEP       ENERGY          RMS            GMAX         NAME    NUMBER
  10000       4.9882E+02     2.6190E-02     1.4857E-01     H15       153

 BOND    =       10.9267  ANGLE   =      170.0941  DIHED      =      495.0796
 VDWAALS =     -148.0547  EEL     =     -583.3688  HBOND      =        0.0000
 1-4 VDW =       77.1179  1-4 EEL =      477.0209  RESTRAINT  =        0.0000


  Maximum number of minimization cycles reached.


                    FINAL RESULTS



   NSTEP       ENERGY          RMS            GMAX         NAME    NUMBER
  10000       4.9882E+02     2.6190E-02     1.4857E-01     H15       153

 BOND    =       10.9267  ANGLE   =      170.0941  DIHED      =      495.0796
 VDWAALS =     -148.0547  EEL     =     -583.3688  HBOND      =        0.0000
 1-4 VDW =       77.1179  1-4 EEL =      477.0209  RESTRAINT  =        0.0000

--------------------------------------------------------------------------------
   5.  TIMINGS
--------------------------------------------------------------------------------

|                Build the list             0.00 (51.44% of List )
|                Other                      0.00 (48.56% of List )
|             List time                  0.00 ( 0.02% of Nonbo)
|                   Short_ene time            26.89 (100.0% of Direc)
|                   Other                      0.02 ( 0.08% of Direc)
|                Direct Ewald time         26.91 (98.79% of Ewald)
|                Virial junk                0.00 ( 0.01% of Ewald)
|                Other                      0.33 ( 1.20% of Ewald)
|             Ewald time                27.24 (100.0% of Nonbo)
|             Other                      0.00 ( 0.01% of Nonbo)
|          Nonbond force             27.25 (89.22% of Force)
|          Bond/Angle/Dihedral        3.28 (10.75% of Force)
|          Other                      0.01 ( 0.03% of Force)
|       Force time                30.54 (100.0% of Runmd)
|    Runmd Time                30.54 (82.73% of Total)
|    Other                      6.37 (17.27% of Total)
| Total time                36.92 (100.0% of ALL  )

| Number of list builds   :          1

| Highest rstack allocated:       2735
| Highest istack allocated:        547
|           Job began  at 16:21:08.450  on 10/01/2026
|           Setup done at 16:21:08.465  on 10/01/2026
|           Run   done at 16:21:45.370  on 10/01/2026
|     wallclock() was called  230035 times

|3D-RISM memory allocation summary
|Type          Maximum        Current   
|Integer       0.00000 GB     0.00000 GB
|Real          0.00000 GB     0.00000 GB
|Logical       0.00000 GB     0.00000 GB
|Character     0.00000 GB     0.00000 GB
|---------------------------------------
|Total         0.00000 GB     0.00000 GB
