
 -----------------------------------------------
      Restrained ESP Fit 2.3  Amber 4.1
 -----------------------------------------------
 Stage 2 RESP fit                                                                
 -----------------------------------------------


 inopt       =     0   ioutopt     =     0
 nmol        =     1   iqopt       =     2
 ihfree      =     1   irstrnt     =     1
 iunits      =     1   qwt         =   0.03000000
 wtmol(1) =     1.000000
 subtitle:

Monomer                                                                         
ich =   0  iuniq =  26
    1    6    0
    2    6    0
    3    6    0
    4    6    0
    5    6    4
    6    6    3
    7    6    2
    8    6    1
    9    6    2
   10    6    3
   11    6    4
   12    6    4
   13    6    3
   14    6    2
   15    6    0
   16    6   15
   17    1    0
   18    1    0
   19    1    0
   20    1   19
   21    1   18
   22    1   17
   23    1   18
   24    1   19
   25    1   19
   26    1   18
 new q0 values to be read  26

  ----------------------------------------------------------------------------
     ATOM                       COORDINATES                         CHARGE
                       X             Y                Z
  ----------------------------------------------------------------------------
  ----------------------------------------------------------------------------


 Charge on the molecule(ich) =    0
 Total number of atoms (iuniq)     =   26
 Weight factor on initial charge restraints(qwt)=     0.30000D-01


  there are  1 charge constraints:


     1       1
     2       1
     3       1
     4       1
     5       1
     6       1
     7       1
     8       1
     9       1
    10       1
    11       1
    12       1
    13       1
    14       1
    15       1
    16       1
    17       1
    18       1
    19       1
    20       1
    21       1
    22       1
    23       1
    24       1
    25       1
    26       1

 Reading esp"s for molecule   1
 total number of atoms      =    26
 total number of esp points =  1875


 center     X       Y       Z 
    1  -0.6634847E+01  -0.7490874E-01   0.1203756E-01
    2  -0.5343559E+01   0.2222450E+01   0.1407846E-01
    3  -0.2693275E+01   0.2282468E+01   0.2399952E-02
    4  -0.1362171E+01   0.4572532E+01  -0.4837699E-02
    5   0.1278286E+01   0.4599744E+01  -0.9410835E-02
    6   0.2656766E+01   0.2338385E+01  -0.5725870E-02
    7   0.5307749E+01   0.2332886E+01  -0.1644062E-02
    8   0.6646450E+01   0.6290898E-01   0.3968425E-03
    9   0.5353745E+01  -0.2233618E+01  -0.3495993E-02
   10   0.2704009E+01  -0.2290971E+01  -0.6670733E-02
   11   0.1373453E+01  -0.4580790E+01  -0.1011003E-01
   12  -0.1266627E+01  -0.4608286E+01  -0.1069585E-01
   13  -0.2644426E+01  -0.2346643E+01  -0.5102260E-02
   14  -0.5294842E+01  -0.2343789E+01  -0.9448630E-03
   15  -0.1333032E+01  -0.1783901E-01  -0.3174740E-02
   16   0.1344578E+01   0.1031790E-01  -0.5404616E-02
   17  -0.8688620E+01  -0.9726420E-01   0.2003109E-01
   18  -0.6424199E+01   0.3970673E+01   0.2588925E-01
   19  -0.2372343E+01   0.6362178E+01  -0.7672287E-02
   20   0.2251457E+01   0.6410744E+01  -0.1555244E-01
   21   0.6351841E+01   0.4103294E+01   0.1379500E-02
   22   0.8700223E+01   0.8324243E-01   0.5083363E-02
   23   0.6432854E+01  -0.3982749E+01  -0.2929075E-02
   24   0.2383530E+01  -0.6370758E+01  -0.1194307E-01
   25  -0.2239647E+01  -0.6418832E+01  -0.1309580E-01
   26  -0.6337423E+01  -0.4115200E+01  -0.5574692E-02
 Initial ssvpot =     0.869


 Number of unique UNfrozen centers=    8

 Non-linear optimization requested.
 qchnge =    0.4825637155E-01
 qchnge =    0.2049830099E-01
 qchnge =    0.4805061304E-02
 qchnge =    0.1977337521E-02
 qchnge =    0.8853476321E-03
 qchnge =    0.4140887174E-03
 qchnge =    0.2008825919E-03
 qchnge =    0.1006288551E-03
 qchnge =    0.5199006568E-04
 qchnge =    0.2774965162E-04
 qchnge =    0.1532763593E-04
 qchnge =    0.8754058710E-05
 qchnge =    0.5148561736E-05
 qchnge =    0.3099140910E-05
 qchnge =    0.1897178240E-05
 qchnge =    0.1174761225E-05
 qchnge =    0.7328791613E-06

 Convergence in   16 iterations


Monomer                                                                         

          Point Charges Before & After Optimization

    no.  At.no.    q(init)       q(opt)     ivary    d(rstr)/dq
    1   6      -0.325102      -0.146736      0       0.168938
    2   6      -0.238848      -0.122779      0       0.189459
    3   6       0.018952      -0.106263      0       0.205596
    4   6      -0.307514      -0.088175      0       0.225017
    5   6      -0.313770      -0.088175      4       0.225017
    6   6       0.021399      -0.106263      3       0.205596
    7   6      -0.239728      -0.122779      2       0.189459
    8   6      -0.318992      -0.146736      1       0.168938
    9   6      -0.246788      -0.122779      2       0.189459
   10   6       0.029178      -0.106263      3       0.205596
   11   6      -0.316090      -0.088175      4       0.225017
   12   6      -0.312433      -0.088175      4       0.225017
   13   6       0.029154      -0.106263      3       0.205596
   14   6      -0.244194      -0.122779      2       0.189459
   15   6       0.081637      -0.065622      0       0.250817
   16   6       0.083507      -0.065622     15       0.250817
   17   1       0.271077       0.159931      0       0.000000
   18   1       0.248072       0.183628      0       0.000000
   19   1       0.265514       0.159804      0       0.000000
   20   1       0.266873       0.159804     19       0.000000
   21   1       0.247379       0.183628     18       0.000000
   22   1       0.268847       0.159931     17       0.000000
   23   1       0.249239       0.183628     18       0.000000
   24   1       0.267525       0.159804     19       0.000000
   25   1       0.265955       0.159804     19       0.000000
   26   1       0.249153       0.183628     18       0.000000

 Sum over the calculated charges:      0.000

        Statistics of the fitting:
  The initial sum of squares (ssvpot)                      0.869
  The residual sum of squares (chipot)                     0.023
  The std err of estimate (sqrt(chipot/N))               0.00352
  ESP relative RMS (SQRT(chipot/ssvpot))                 0.16334

 Center of Mass (Angst.):

 X  =   0.00000      Y  =   0.00000      Z  =   0.00000

 Dipole (Debye):

 X  =  -0.00001      Y  =  -0.00275      Z  =   0.00560

 Dipole Moment (Debye)=   0.00624

 Quadrupole (Debye*Angst.):

 Qxx =  37.33020     QYY =  33.47925     QZZ = -70.80945
 Qxy = -70.76634     QXZ = -70.90065     QYZ = -70.73485
