            --------------------------------------------------------
                             AMBER SQM VERSION 19
 
                                     By
              Ross C. Walker, Michael F. Crowley, Scott Brozell,
                         Tim Giese, Andreas W. Goetz,
                        Tai-Sung Lee and David A. Case
 
            --------------------------------------------------------
 

--------------------------------------------------------------------------------
  QM CALCULATION INFO
--------------------------------------------------------------------------------

| QMMM: Citation for AMBER QMMM Run:
| QMMM: R.C. Walker, M.F. Crowley and D.A. Case, J. COMP. CHEM. 29:1019, 2008

QMMM: SINGLET STATE CALCULATION
QMMM: RHF CALCULATION, NO. OF DOUBLY OCCUPIED LEVELS = 37

| QMMM: *** Selected Hamiltonian *** 
| QMMM: AM1         

| QMMM: *** Parameter sets in use ***
| QMMM: C : M.J.S.DEWAR et al. JACS, 107, 3902, (1985)
| QMMM: H : M.J.S.DEWAR et al. JACS, 107, 3902, (1985)

| QMMM: *** SCF convergence criteria ***
| QMMM: Energy change                :  0.1D-09 kcal/mol
| QMMM: Error matrix |FP-PF|         :  0.1D+00 au
| QMMM: Density matrix change        :  0.5D-06
| QMMM: Maximum number of SCF cycles :     1000

| QMMM: *** Diagonalization Routine Information ***
| QMMM: Pseudo diagonalizations are allowed.
| QMMM: Auto diagonalization routine selection is in use.
| QMMM:
| QMMM: Timing diagonalization routines:
| QMMM:                              norbs =       74
| QMMM:    diag iterations used for timing =       15
| QMMM:
| QMMM:              Internal diag routine = 0.011630 seconds
| QMMM:                 Dspev diag routine = 0.023368 seconds
| QMMM:                Dspevd diag routine = 0.004700 seconds
| QMMM:                Dspevx diag routine = 0.035728 seconds
| QMMM:                 Dsyev diag routine = 0.005031 seconds
| QMMM:                Dsyevd diag routine = 0.003921 seconds
| QMMM:                Dsyevr diag routine = 0.007008 seconds
| QMMM:
| QMMM:                Pseudo diag routine = 0.004432 seconds
| QMMM: Pseudo diagonalization appears to be slower than regular
| QMMM: diagonalization. Setting pseudo_diag=0 for optimum performance.
| QMMM:
| QMMM: Using dsyevd routine (diag_routine=6).

  QMMM: QM Region Cartesian Coordinates (*=link atom) 
  QMMM: QM_NO.   MM_NO.  ATOM         X         Y         Z
  QMMM:     1        1      C       -3.5110   -0.0400    0.0060
  QMMM:     2        2      C       -2.8280    1.1760    0.0070
  QMMM:     3        3      C       -1.4250    1.2080    0.0010
  QMMM:     4        4      C       -0.7210    2.4200   -0.0030
  QMMM:     5        5      C        0.6760    2.4340   -0.0050
  QMMM:     6        6      C        1.4060    1.2370   -0.0030
  QMMM:     7        7      C        2.8090    1.2340   -0.0010
  QMMM:     8        8      C        3.5170    0.0330    0.0000
  QMMM:     9        9      C        2.8330   -1.1820   -0.0020
  QMMM:    10       10      C        1.4310   -1.2120   -0.0040
  QMMM:    11       11      C        0.7270   -2.4240   -0.0050
  QMMM:    12       12      C       -0.6700   -2.4390   -0.0060
  QMMM:    13       13      C       -1.3990   -1.2420   -0.0030
  QMMM:    14       14      C       -2.8020   -1.2400   -0.0010
  QMMM:    15       15      C       -0.7050   -0.0090   -0.0020
  QMMM:    16       16      C        0.7120    0.0050   -0.0030
  QMMM:    17       17      H       -4.5980   -0.0510    0.0110
  QMMM:    18       18      H       -3.4000    2.1010    0.0140
  QMMM:    19       19      H       -1.2550    3.3670   -0.0040
  QMMM:    20       20      H        1.1910    3.3920   -0.0080
  QMMM:    21       21      H        3.3610    2.1710    0.0010
  QMMM:    22       22      H        4.6040    0.0440    0.0030
  QMMM:    23       23      H        3.4040   -2.1080   -0.0020
  QMMM:    24       24      H        1.2610   -3.3710   -0.0060
  QMMM:    25       25      H       -1.1850   -3.3970   -0.0070
  QMMM:    26       26      H       -3.3540   -2.1780   -0.0030

--------------------------------------------------------------------------------
  RESULTS
--------------------------------------------------------------------------------

      iter         sqm energy              rms gradient
      ----    -------------------    -----------------------
xmin    10       67.1484 kcal/mol        0.0348 kcal/(mol*A)
xmin    20       67.1481 kcal/mol        0.0120 kcal/(mol*A)
xmin    30       67.1480 kcal/mol        0.0038 kcal/(mol*A)
xmin    40       67.1480 kcal/mol        0.0024 kcal/(mol*A)
  ... geometry converged !
 
 Final MO eigenvalues (eV):
 -41.5894  -38.7261  -37.1123  -34.8553  -32.4467  -31.1599  -30.0642  -29.0291
 -24.2540  -24.2495  -23.9227  -23.1153  -19.9473  -18.5888  -18.0311  -17.3543
 -17.2552  -15.9511  -14.9444  -14.9324  -14.9279  -14.7980  -14.2265  -13.8939
 -13.5595  -13.2617  -13.1967  -12.6107  -12.5629  -12.4341  -11.6810  -11.3823
 -11.0147  -10.2162   -9.8791   -8.9507   -8.1316   -0.8883   -0.2433    0.5837
   0.7332    1.3495    2.2427    2.6674    3.4957    3.4980    3.6299    3.7542
   3.7546    3.9156    3.9392    3.9660    4.1080    4.2024    4.2502    4.3321
   4.3610    4.5322    4.5601    4.8353    4.9175    5.0422    5.2176    5.2669
   5.2741    5.3149    5.3301    5.4552    5.5732    5.6939    5.7874    5.9572
   6.0320    6.0922

 Heat of formation   =         67.14796823 kcal/mol  (        2.91175440 eV)

 Total SCF energy    =     -50394.37046918 kcal/mol  (    -2185.26388575 eV)
 Electronic energy   =    -312697.06946538 kcal/mol  (   -13559.56244158 eV)
 Core-core repulsion =     262302.69899620 kcal/mol  (    11374.29855584 eV)
 
    Atomic Charges for Step       1 :
  Atom    Element       Mulliken Charge
     1      C                 -0.127
     2      C                 -0.114
     3      C                 -0.033
     4      C                 -0.115
     5      C                 -0.115
     6      C                 -0.033
     7      C                 -0.114
     8      C                 -0.127
     9      C                 -0.114
    10      C                 -0.033
    11      C                 -0.115
    12      C                 -0.115
    13      C                 -0.033
    14      C                 -0.114
    15      C                 -0.015
    16      C                 -0.015
    17      H                  0.133
    18      H                  0.134
    19      H                  0.133
    20      H                  0.133
    21      H                  0.134
    22      H                  0.133
    23      H                  0.134
    24      H                  0.133
    25      H                  0.133
    26      H                  0.134
 Total Mulliken Charge =      -0.000
 
                  X        Y        Z     TOTAL  
  QM DIPOLE    -0.000    0.000   -0.000    0.000
 
 Final Structure

  QMMM: QM Region Cartesian Coordinates (*=link atom) 
  QMMM: QM_NO.   MM_NO.  ATOM         X         Y         Z
  QMMM:     1        1      C       -3.5127   -0.0392    0.0019
  QMMM:     2        2      C       -2.8365    1.1786    0.0023
  QMMM:     3        3      C       -1.4361    1.2113    0.0012
  QMMM:     4        4      C       -0.7007    2.4489    0.0015
  QMMM:     5        5      C        0.6558    2.4630    0.0004
  QMMM:     6        6      C        1.4167    1.2408   -0.0012
  QMMM:     7        7      C        2.8175    1.2372   -0.0024
  QMMM:     8        8      C        3.5188    0.0337   -0.0040
  QMMM:     9        9      C        2.8426   -1.1840   -0.0043
  QMMM:    10       10      C        1.4422   -1.2167   -0.0031
  QMMM:    11       11      C        0.7068   -2.4544   -0.0033
  QMMM:    12       12      C       -0.6497   -2.4685   -0.0022
  QMMM:    13       13      C       -1.4106   -1.2463   -0.0006
  QMMM:    14       14      C       -2.8114   -1.2426    0.0005
  QMMM:    15       15      C       -0.7136   -0.0102   -0.0003
  QMMM:    16       16      C        0.7196    0.0047   -0.0015
  QMMM:    17       17      H       -4.6131   -0.0506    0.0028
  QMMM:    18       18      H       -3.4016    2.1226    0.0034
  QMMM:    19       19      H       -1.2790    3.3857    0.0027
  QMMM:    20       20      H        1.2146    3.4116    0.0006
  QMMM:    21       21      H        3.3629    2.1927   -0.0021
  QMMM:    22       22      H        4.6192    0.0451   -0.0049
  QMMM:    23       23      H        3.4077   -2.1281   -0.0055
  QMMM:    24       24      H        1.2851   -3.3912   -0.0045
  QMMM:    25       25      H       -1.2085   -3.4170   -0.0024
  QMMM:    26       26      H       -3.3568   -2.1982    0.0003

           --------- Calculation Completed ----------

